[INFO] [launch]: All log files can be found below /home/zly/.ros/log/2026-08-05-18-43-29-965672-LAPTOP-LAHD0B48-426
[INFO] [launch]: Default logging verbosity is set to INFO
urdf_file_name : /home/zly/ros2_ws/install/dsw_lio_sam/share/dsw_lio_sam/config/robot.urdf.xacro
[INFO] [static_transform_publisher-1]: process started with pid [445]
[INFO] [robot_state_publisher-2]: process started with pid [447]
[INFO] [dsw_lio_sam_imuPreintegration-3]: process started with pid [449]
[INFO] [dsw_lio_sam_imageProjection-4]: process started with pid [451]
[INFO] [dsw_lio_sam_featureExtraction-5]: process started with pid [453]
[INFO] [dsw_lio_sam_mapOptimization-6]: process started with pid [455]
[static_transform_publisher-1] [WARN] [1785926610.153922312] []: Old-style arguments are deprecated; see --help for new-style arguments
[static_transform_publisher-1] [INFO] [1785926610.192259736] [static_transform_publisher_Z9LcCvtLNyMoeT35]: Spinning until stopped - publishing transform
[static_transform_publisher-1] translation: ('0.000000', '0.000000', '0.000000')
[static_transform_publisher-1] rotation: ('0.000000', '0.000000', '0.000000', '1.000000')
[static_transform_publisher-1] from 'map' to 'odom'
[dsw_lio_sam_imuPreintegration-3] [WARN] [1785926610.196422050] [rcl.logging_rosout]: Publisher already registered for provided node name. If this is due to multiple nodes with the same name then all logs for that logger name will go out over the existing publisher. As soon as any node with that name is destructed it will unregister the publisher, preventing any further logs for that name from being published on the rosout topic.
[dsw_lio_sam_featureExtraction-5] [INFO] [1785926610.198043624] [rclcpp]: [1;32m----> Feature Extraction Started.[0m
[robot_state_publisher-2] [INFO] [1785926610.199110797] [robot_state_publisher]: got segment base_link
[robot_state_publisher-2] [INFO] [1785926610.199279269] [robot_state_publisher]: got segment chassis_link
[robot_state_publisher-2] [INFO] [1785926610.199295708] [robot_state_publisher]: got segment imu_link
[robot_state_publisher-2] [INFO] [1785926610.199304170] [robot_state_publisher]: got segment laser_sensor_frame
[robot_state_publisher-2] [INFO] [1785926610.199311270] [robot_state_publisher]: got segment lidar_link
[robot_state_publisher-2] [INFO] [1785926610.199318091] [robot_state_publisher]: got segment navsat_link
[dsw_lio_sam_imageProjection-4] [INFO] [1785926610.202570978] [rclcpp]: [1;32m----> Image Projection Started.[0m
[dsw_lio_sam_imuPreintegration-3] [INFO] [1785926610.212792896] [rclcpp]: [1;32m----> IMU Preintegration Started.[0m
[dsw_lio_sam_mapOptimization-6] [INFO] [1785926610.288144031] [rclcpp]: [1;32m----> Map Optimization Started.[0m
[dsw_lio_sam_imageProjection-4] [WARN] [1785926647.732903007] [dsw_lio_sam_imageProjection]: IMU orientation not available (6-axis IMU), using identity quaternion.
[dsw_lio_sam_imuPreintegration-3] [WARN] [1785926647.732900885] [dsw_lio_sam_imuPreintegration]: IMU orientation not available (6-axis IMU), using identity quaternion.
[dsw_lio_sam_imageProjection-4] [WARN] [1785926647.936351684] [dsw_lio_sam_imageProjection]: imuDeskewInfo: imuPointerCur <= 0 after processing. cloudInfo.imu_available = false
[dsw_lio_sam_imuPreintegration-3] [ERROR] [1785926647.936962605] [dsw_lio_sam_imuPreintegration]: Could not find a connection between 'lidar_link' and 'base_link' because they are not part of the same tree.Tf has two or more unconnected trees.
[dsw_lio_sam_imuPreintegration-3] [ERROR] [1785926647.937352807] [dsw_lio_sam_imuPreintegration]: Lookup would require extrapolation at time 1594369167.128655, but only time 1594369175.552378 is in the buffer, when looking up transform from frame [base_link] to frame [lidar_link]
[dsw_lio_sam_imuPreintegration-3] [ERROR] [1785926647.937680054] [dsw_lio_sam_imuPreintegration]: Lookup would require extrapolation into the past.  Requested time 1594369167.128655 but the earliest data is at time 1594369175.552378, when looking up transform from frame [base_link] to frame [lidar_link]
[dsw_lio_sam_imuPreintegration-3] [ERROR] [1785926647.938024399] [dsw_lio_sam_imuPreintegration]: Lookup would require extrapolation into the past.  Requested time 1594369167.128655 but the earliest data is at time 1594369175.552378, when looking up transform from frame [base_link] to frame [lidar_link]
[dsw_lio_sam_imuPreintegration-3] [ERROR] [1785926647.938398850] [dsw_lio_sam_imuPreintegration]: Lookup would require extrapolation into the past.  Requested time 1594369167.128655 but the earliest data is at time 1594369175.552378, when looking up transform from frame [base_link] to frame [lidar_link]
[dsw_lio_sam_imuPreintegration-3] [ERROR] [1785926647.938576207] [dsw_lio_sam_imuPreintegration]: Lookup would require extrapolation into the past.  Requested time 1594369167.128655 but the earliest data is at time 1594369175.552378, when looking up transform from frame [base_link] to frame [lidar_link]
[dsw_lio_sam_imuPreintegration-3] [ERROR] [1785926647.938762266] [dsw_lio_sam_imuPreintegration]: Lookup would require extrapolation into the past.  Requested time 1594369167.128655 but the earliest data is at time 1594369175.552378, when looking up transform from frame [base_link] to frame [lidar_link]
[dsw_lio_sam_imuPreintegration-3] [ERROR] [1785926647.939034485] [dsw_lio_sam_imuPreintegration]: Lookup would require extrapolation into the past.  Requested time 1594369167.128655 but the earliest data is at time 1594369175.552378, when looking up transform from frame [base_link] to frame [lidar_link]
[dsw_lio_sam_imageProjection-4] [WARN] [1785926647.947583745] [dsw_lio_sam_imageProjection]: Waiting for IMU: earliest IMU (1594369169.942) is AFTER scan start (1594369169.927). Diff=0.014s
[dsw_lio_sam_imuPreintegration-3] [ERROR] [1785926648.099956428] [dsw_lio_sam_imuPreintegration]: Lookup would require extrapolation into the past.  Requested time 1594369167.527109 but the earliest data is at time 1594369175.552378, when looking up transform from frame [base_link] to frame [lidar_link]
[dsw_lio_sam_imuPreintegration-3] [ERROR] [1785926648.101417319] [dsw_lio_sam_imuPreintegration]: Lookup would require extrapolation into the past.  Requested time 1594369167.527109 but the earliest data is at time 1594369175.552378, when looking up transform from frame [base_link] to frame [lidar_link]
[dsw_lio_sam_imuPreintegration-3] [ERROR] [1785926648.102054955] [dsw_lio_sam_imuPreintegration]: Lookup would require extrapolation into the past.  Requested time 1594369167.527109 but the earliest data is at time 1594369175.552378, when looking up transform from frame [base_link] to frame [lidar_link]
[dsw_lio_sam_imuPreintegration-3] [ERROR] [1785926648.102312691] [dsw_lio_sam_imuPreintegration]: Lookup would require extrapolation into the past.  Requested time 1594369167.527109 but the earliest data is at time 1594369175.552378, when looking up transform from frame [base_link] to frame [lidar_link]
[dsw_lio_sam_imuPreintegration-3] [ERROR] [1785926648.102510363] [dsw_lio_sam_imuPreintegration]: Lookup would require extrapolation into the past.  Requested time 1594369167.527109 but the earliest data is at time 1594369175.552378, when looking up transform from frame [base_link] to frame [lidar_link]
[dsw_lio_sam_imuPreintegration-3] [ERROR] [1785926648.102723654] [dsw_lio_sam_imuPreintegration]: Lookup would require extrapolation into the past.  Requested time 1594369167.527109 but the earliest data is at time 1594369175.552378, when looking up transform from frame [base_link] to frame [lidar_link]
[dsw_lio_sam_imuPreintegration-3] [ERROR] [1785926648.102957994] [dsw_lio_sam_imuPreintegration]: Lookup would require extrapolation into the past.  Requested time 1594369167.527109 but the earliest data is at time 1594369175.552378, when looking up transform from frame [base_link] to frame [lidar_link]
[dsw_lio_sam_imuPreintegration-3] [ERROR] [1785926648.103151467] [dsw_lio_sam_imuPreintegration]: Lookup would require extrapolation into the past.  Requested time 1594369167.527109 but the earliest data is at time 1594369175.552378, when looking up transform from frame [base_link] to frame [lidar_link]
[dsw_lio_sam_imuPreintegration-3] [ERROR] [1785926648.103365277] [dsw_lio_sam_imuPreintegration]: Lookup would require extrapolation into the past.  Requested time 1594369167.527109 but the earliest data is at time 1594369175.552378, when looking up transform from frame [base_link] to frame [lidar_link]
[dsw_lio_sam_imuPreintegration-3] [ERROR] [1785926648.103567342] [dsw_lio_sam_imuPreintegration]: Lookup would require extrapolation into the past.  Requested time 1594369167.527109 but the earliest data is at time 1594369175.552378, when looking up transform from frame [base_link] to frame [lidar_link]
[dsw_lio_sam_imuPreintegration-3] [ERROR] [1785926648.103782389] [dsw_lio_sam_imuPreintegration]: Lookup would require extrapolation into the past.  Requested time 1594369167.527109 but the earliest data is at time 1594369175.552378, when looking up transform from frame [base_link] to frame [lidar_link]
[dsw_lio_sam_imuPreintegration-3] [ERROR] [1785926648.286846699] [dsw_lio_sam_imuPreintegration]: Lookup would require extrapolation into the past.  Requested time 1594369168.627899 but the earliest data is at time 1594369175.552378, when looking up transform from frame [base_link] to frame [lidar_link]
[dsw_lio_sam_imuPreintegration-3] [ERROR] [1785926648.289604992] [dsw_lio_sam_imuPreintegration]: Lookup would require extrapolation into the past.  Requested time 1594369168.627899 but the earliest data is at time 1594369175.552378, when looking up transform from frame [base_link] to frame [lidar_link]
[dsw_lio_sam_imuPreintegration-3] [ERROR] [1785926648.290072191] [dsw_lio_sam_imuPreintegration]: Lookup would require extrapolation into the past.  Requested time 1594369168.627899 but the earliest data is at time 1594369175.552378, when looking up transform from frame [base_link] to frame [lidar_link]
[dsw_lio_sam_imuPreintegration-3] [ERROR] [1785926648.290385998] [dsw_lio_sam_imuPreintegration]: Lookup would require extrapolation into the past.  Requested time 1594369168.627899 but the earliest data is at time 1594369175.552378, when looking up transform from frame [base_link] to frame [lidar_link]
[dsw_lio_sam_imuPreintegration-3] [ERROR] [1785926648.290701504] [dsw_lio_sam_imuPreintegration]: Lookup would require extrapolation into the past.  Requested time 1594369168.627899 but the earliest data is at time 1594369175.552378, when looking up transform from frame [base_link] to frame [lidar_link]
[dsw_lio_sam_imuPreintegration-3] [ERROR] [1785926648.290848438] [dsw_lio_sam_imuPreintegration]: Lookup would require extrapolation into the past.  Requested time 1594369168.627899 but the earliest data is at time 1594369175.552378, when looking up transform from frame [base_link] to frame [lidar_link]
[dsw_lio_sam_imuPreintegration-3] [ERROR] [1785926648.291064047] [dsw_lio_sam_imuPreintegration]: Lookup would require extrapolation into the past.  Requested time 1594369168.627899 but the earliest data is at time 1594369175.552378, when looking up transform from frame [base_link] to frame [lidar_link]
[dsw_lio_sam_imuPreintegration-3] [ERROR] [1785926648.291331538] [dsw_lio_sam_imuPreintegration]: Lookup would require extrapolation into the past.  Requested time 1594369168.627899 but the earliest data is at time 1594369175.552378, when looking up transform from frame [base_link] to frame [lidar_link]
[dsw_lio_sam_imuPreintegration-3] [ERROR] [1785926648.291512169] [dsw_lio_sam_imuPreintegration]: Lookup would require extrapolation into the past.  Requested time 1594369168.627899 but the earliest data is at time 1594369175.552378, when looking up transform from frame [base_link] to frame [lidar_link]
[dsw_lio_sam_imuPreintegration-3] [ERROR] [1785926648.458340071] [dsw_lio_sam_imuPreintegration]: Lookup would require extrapolation into the past.  Requested time 1594369169.029004 but the earliest data is at time 1594369175.552378, when looking up transform from frame [base_link] to frame [lidar_link]
[dsw_lio_sam_imuPreintegration-3] [ERROR] [1785926648.460887998] [dsw_lio_sam_imuPreintegration]: Lookup would require extrapolation into the past.  Requested time 1594369169.029004 but the earliest data is at time 1594369175.552378, when looking up transform from frame [base_link] to frame [lidar_link]
[dsw_lio_sam_imuPreintegration-3] [ERROR] [1785926648.461446294] [dsw_lio_sam_imuPreintegration]: Lookup would require extrapolation into the past.  Requested time 1594369169.029004 but the earliest data is at time 1594369175.552378, when looking up transform from frame [base_link] to frame [lidar_link]
[dsw_lio_sam_imuPreintegration-3] [ERROR] [1785926648.462220209] [dsw_lio_sam_imuPreintegration]: Lookup would require extrapolation into the past.  Requested time 1594369169.029004 but the earliest data is at time 1594369175.552378, when looking up transform from frame [base_link] to frame [lidar_link]
[dsw_lio_sam_imuPreintegration-3] [ERROR] [1785926648.462390697] [dsw_lio_sam_imuPreintegration]: Lookup would require extrapolation into the past.  Requested time 1594369169.029004 but the earliest data is at time 1594369175.552378, when looking up transform from frame [base_link] to frame [lidar_link]
[dsw_lio_sam_imuPreintegration-3] [ERROR] [1785926648.462542520] [dsw_lio_sam_imuPreintegration]: Lookup would require extrapolation into the past.  Requested time 1594369169.029004 but the earliest data is at time 1594369175.552378, when looking up transform from frame [base_link] to frame [lidar_link]
[dsw_lio_sam_imuPreintegration-3] [ERROR] [1785926648.462701291] [dsw_lio_sam_imuPreintegration]: Lookup would require extrapolation into the past.  Requested time 1594369169.029004 but the earliest data is at time 1594369175.552378, when looking up transform from frame [base_link] to frame [lidar_link]
[dsw_lio_sam_imuPreintegration-3] [ERROR] [1785926648.462871096] [dsw_lio_sam_imuPreintegration]: Lookup would require extrapolation into the past.  Requested time 1594369169.029004 but the earliest data is at time 1594369175.552378, when looking up transform from frame [base_link] to frame [lidar_link]
[dsw_lio_sam_imuPreintegration-3] [ERROR] [1785926648.463076090] [dsw_lio_sam_imuPreintegration]: Lookup would require extrapolation into the past.  Requested time 1594369169.029004 but the earliest data is at time 1594369175.552378, when looking up transform from frame [base_link] to frame [lidar_link]
[dsw_lio_sam_imuPreintegration-3] [ERROR] [1785926648.463267506] [dsw_lio_sam_imuPreintegration]: Lookup would require extrapolation into the past.  Requested time 1594369169.029004 but the earliest data is at time 1594369175.552378, when looking up transform from frame [base_link] to frame [lidar_link]
[dsw_lio_sam_imuPreintegration-3] [ERROR] [1785926648.646365553] [dsw_lio_sam_imuPreintegration]: Lookup would require extrapolation into the past.  Requested time 1594369169.827373 but the earliest data is at time 1594369175.552378, when looking up transform from frame [base_link] to frame [lidar_link]
[dsw_lio_sam_imuPreintegration-3] [ERROR] [1785926648.646965009] [dsw_lio_sam_imuPreintegration]: Lookup would require extrapolation into the past.  Requested time 1594369169.827373 but the earliest data is at time 1594369175.552378, when looking up transform from frame [base_link] to frame [lidar_link]
[dsw_lio_sam_imuPreintegration-3] [ERROR] [1785926648.647541121] [dsw_lio_sam_imuPreintegration]: Lookup would require extrapolation into the past.  Requested time 1594369169.827373 but the earliest data is at time 1594369175.552378, when looking up transform from frame [base_link] to frame [lidar_link]
[dsw_lio_sam_imuPreintegration-3] [ERROR] [1785926648.647768120] [dsw_lio_sam_imuPreintegration]: Lookup would require extrapolation into the past.  Requested time 1594369169.827373 but the earliest data is at time 1594369175.552378, when looking up transform from frame [base_link] to frame [lidar_link]
[dsw_lio_sam_imuPreintegration-3] [ERROR] [1785926648.647980163] [dsw_lio_sam_imuPreintegration]: Lookup would require extrapolation into the past.  Requested time 1594369169.827373 but the earliest data is at time 1594369175.552378, when looking up transform from frame [base_link] to frame [lidar_link]
[dsw_lio_sam_imuPreintegration-3] [ERROR] [1785926648.648122364] [dsw_lio_sam_imuPreintegration]: Lookup would require extrapolation into the past.  Requested time 1594369169.827373 but the earliest data is at time 1594369175.552378, when looking up transform from frame [base_link] to frame [lidar_link]
[dsw_lio_sam_imuPreintegration-3] [ERROR] [1785926648.648348816] [dsw_lio_sam_imuPreintegration]: Lookup would require extrapolation into the past.  Requested time 1594369169.827373 but the earliest data is at time 1594369175.552378, when looking up transform from frame [base_link] to frame [lidar_link]
[dsw_lio_sam_imuPreintegration-3] [ERROR] [1785926648.648572003] [dsw_lio_sam_imuPreintegration]: Lookup would require extrapolation into the past.  Requested time 1594369169.827373 but the earliest data is at time 1594369175.552378, when looking up transform from frame [base_link] to frame [lidar_link]
[dsw_lio_sam_imuPreintegration-3] [ERROR] [1785926648.648778749] [dsw_lio_sam_imuPreintegration]: Lookup would require extrapolation into the past.  Requested time 1594369169.827373 but the earliest data is at time 1594369175.552378, when looking up transform from frame [base_link] to frame [lidar_link]
[dsw_lio_sam_imuPreintegration-3] [ERROR] [1785926648.648945093] [dsw_lio_sam_imuPreintegration]: Lookup would require extrapolation into the past.  Requested time 1594369169.827373 but the earliest data is at time 1594369175.552378, when looking up transform from frame [base_link] to frame [lidar_link]
[dsw_lio_sam_imuPreintegration-3] [ERROR] [1785926648.810529373] [dsw_lio_sam_imuPreintegration]: Lookup would require extrapolation into the past.  Requested time 1594369170.528099 but the earliest data is at time 1594369175.552378, when looking up transform from frame [base_link] to frame [lidar_link]
[dsw_lio_sam_imuPreintegration-3] [ERROR] [1785926648.811872229] [dsw_lio_sam_imuPreintegration]: Lookup would require extrapolation into the past.  Requested time 1594369170.528099 but the earliest data is at time 1594369175.552378, when looking up transform from frame [base_link] to frame [lidar_link]
[dsw_lio_sam_imuPreintegration-3] [ERROR] [1785926648.812251329] [dsw_lio_sam_imuPreintegration]: Lookup would require extrapolation into the past.  Requested time 1594369170.528099 but the earliest data is at time 1594369175.552378, when looking up transform from frame [base_link] to frame [lidar_link]
[dsw_lio_sam_imuPreintegration-3] [ERROR] [1785926648.812383299] [dsw_lio_sam_imuPreintegration]: Lookup would require extrapolation into the past.  Requested time 1594369170.528099 but the earliest data is at time 1594369175.552378, when looking up transform from frame [base_link] to frame [lidar_link]
[dsw_lio_sam_imuPreintegration-3] [ERROR] [1785926648.812503572] [dsw_lio_sam_imuPreintegration]: Lookup would require extrapolation into the past.  Requested time 1594369170.528099 but the earliest data is at time 1594369175.552378, when looking up transform from frame [base_link] to frame [lidar_link]
[dsw_lio_sam_imuPreintegration-3] [ERROR] [1785926648.812684617] [dsw_lio_sam_imuPreintegration]: Lookup would require extrapolation into the past.  Requested time 1594369170.528099 but the earliest data is at time 1594369175.552378, when looking up transform from frame [base_link] to frame [lidar_link]
[dsw_lio_sam_imuPreintegration-3] [ERROR] [1785926648.812802802] [dsw_lio_sam_imuPreintegration]: Lookup would require extrapolation into the past.  Requested time 1594369170.528099 but the earliest data is at time 1594369175.552378, when looking up transform from frame [base_link] to frame [lidar_link]
[dsw_lio_sam_imuPreintegration-3] [ERROR] [1785926648.818070642] [dsw_lio_sam_imuPreintegration]: Lookup would require extrapolation into the past.  Requested time 1594369170.727332 but the earliest data is at time 1594369175.552378, when looking up transform from frame [base_link] to frame [lidar_link]
[dsw_lio_sam_imuPreintegration-3] [ERROR] [1785926648.818431725] [dsw_lio_sam_imuPreintegration]: Lookup would require extrapolation into the past.  Requested time 1594369170.727332 but the earliest data is at time 1594369175.552378, when looking up transform from frame [base_link] to frame [lidar_link]
[dsw_lio_sam_imuPreintegration-3] [ERROR] [1785926648.818591648] [dsw_lio_sam_imuPreintegration]: Lookup would require extrapolation into the past.  Requested time 1594369170.727332 but the earliest data is at time 1594369175.552378, when looking up transform from frame [base_link] to frame [lidar_link]
[dsw_lio_sam_imuPreintegration-3] [ERROR] [1785926648.969362118] [dsw_lio_sam_imuPreintegration]: Lookup would require extrapolation into the past.  Requested time 1594369170.727332 but the earliest data is at time 1594369175.552378, when looking up transform from frame [base_link] to frame [lidar_link]
[dsw_lio_sam_imuPreintegration-3] [ERROR] [1785926648.970109887] [dsw_lio_sam_imuPreintegration]: Lookup would require extrapolation into the past.  Requested time 1594369170.727332 but the earliest data is at time 1594369175.552378, when looking up transform from frame [base_link] to frame [lidar_link]
[dsw_lio_sam_imuPreintegration-3] [ERROR] [1785926648.970511435] [dsw_lio_sam_imuPreintegration]: Lookup would require extrapolation into the past.  Requested time 1594369170.727332 but the earliest data is at time 1594369175.552378, when looking up transform from frame [base_link] to frame [lidar_link]
[dsw_lio_sam_imuPreintegration-3] [ERROR] [1785926648.970808901] [dsw_lio_sam_imuPreintegration]: Lookup would require extrapolation into the past.  Requested time 1594369170.727332 but the earliest data is at time 1594369175.552378, when looking up transform from frame [base_link] to frame [lidar_link]
[dsw_lio_sam_imuPreintegration-3] [ERROR] [1785926648.970978878] [dsw_lio_sam_imuPreintegration]: Lookup would require extrapolation into the past.  Requested time 1594369170.727332 but the earliest data is at time 1594369175.552378, when looking up transform from frame [base_link] to frame [lidar_link]
[dsw_lio_sam_imuPreintegration-3] [ERROR] [1785926648.971168587] [dsw_lio_sam_imuPreintegration]: Lookup would require extrapolation into the past.  Requested time 1594369170.727332 but the earliest data is at time 1594369175.552378, when looking up transform from frame [base_link] to frame [lidar_link]
[dsw_lio_sam_imuPreintegration-3] [ERROR] [1785926648.971395162] [dsw_lio_sam_imuPreintegration]: Lookup would require extrapolation into the past.  Requested time 1594369170.727332 but the earliest data is at time 1594369175.552378, when looking up transform from frame [base_link] to frame [lidar_link]
[dsw_lio_sam_imuPreintegration-3] [ERROR] [1785926648.971652736] [dsw_lio_sam_imuPreintegration]: Lookup would require extrapolation into the past.  Requested time 1594369170.727332 but the earliest data is at time 1594369175.552378, when looking up transform from frame [base_link] to frame [lidar_link]
[dsw_lio_sam_imuPreintegration-3] [ERROR] [1785926648.971818858] [dsw_lio_sam_imuPreintegration]: Lookup would require extrapolation into the past.  Requested time 1594369170.727332 but the earliest data is at time 1594369175.552378, when looking up transform from frame [base_link] to frame [lidar_link]
[dsw_lio_sam_imuPreintegration-3] [ERROR] [1785926648.972069543] [dsw_lio_sam_imuPreintegration]: Lookup would require extrapolation into the past.  Requested time 1594369170.727332 but the earliest data is at time 1594369175.552378, when looking up transform from frame [base_link] to frame [lidar_link]
[dsw_lio_sam_imuPreintegration-3] [ERROR] [1785926648.972271426] [dsw_lio_sam_imuPreintegration]: Lookup would require extrapolation into the past.  Requested time 1594369170.727332 but the earliest data is at time 1594369175.552378, when looking up transform from frame [base_link] to frame [lidar_link]
[dsw_lio_sam_imuPreintegration-3] [ERROR] [1785926649.124512117] [dsw_lio_sam_imuPreintegration]: Lookup would require extrapolation into the past.  Requested time 1594369171.128901 but the earliest data is at time 1594369175.552378, when looking up transform from frame [base_link] to frame [lidar_link]
[dsw_lio_sam_imuPreintegration-3] [ERROR] [1785926649.124901362] [dsw_lio_sam_imuPreintegration]: Lookup would require extrapolation into the past.  Requested time 1594369171.128901 but the earliest data is at time 1594369175.552378, when looking up transform from frame [base_link] to frame [lidar_link]
[dsw_lio_sam_imuPreintegration-3] [ERROR] [1785926649.125135413] [dsw_lio_sam_imuPreintegration]: Lookup would require extrapolation into the past.  Requested time 1594369171.128901 but the earliest data is at time 1594369175.552378, when looking up transform from frame [base_link] to frame [lidar_link]
[dsw_lio_sam_imuPreintegration-3] [ERROR] [1785926649.125411769] [dsw_lio_sam_imuPreintegration]: Lookup would require extrapolation into the past.  Requested time 1594369171.128901 but the earliest data is at time 1594369175.552378, when looking up transform from frame [base_link] to frame [lidar_link]
[dsw_lio_sam_imuPreintegration-3] [ERROR] [1785926649.125588450] [dsw_lio_sam_imuPreintegration]: Lookup would require extrapolation into the past.  Requested time 1594369171.128901 but the earliest data is at time 1594369175.552378, when looking up transform from frame [base_link] to frame [lidar_link]
[dsw_lio_sam_imuPreintegration-3] [ERROR] [1785926649.125733144] [dsw_lio_sam_imuPreintegration]: Lookup would require extrapolation into the past.  Requested time 1594369171.128901 but the earliest data is at time 1594369175.552378, when looking up transform from frame [base_link] to frame [lidar_link]
[dsw_lio_sam_imuPreintegration-3] [ERROR] [1785926649.257359510] [dsw_lio_sam_imuPreintegration]: Lookup would require extrapolation into the past.  Requested time 1594369172.027992 but the earliest data is at time 1594369175.552378, when looking up transform from frame [base_link] to frame [lidar_link]
[dsw_lio_sam_imuPreintegration-3] [ERROR] [1785926649.257629409] [dsw_lio_sam_imuPreintegration]: Lookup would require extrapolation into the past.  Requested time 1594369172.027992 but the earliest data is at time 1594369175.552378, when looking up transform from frame [base_link] to frame [lidar_link]
[dsw_lio_sam_imuPreintegration-3] [ERROR] [1785926649.257891755] [dsw_lio_sam_imuPreintegration]: Lookup would require extrapolation into the past.  Requested time 1594369172.027992 but the earliest data is at time 1594369175.552378, when looking up transform from frame [base_link] to frame [lidar_link]
[dsw_lio_sam_imuPreintegration-3] [ERROR] [1785926649.269777685] [dsw_lio_sam_imuPreintegration]: Lookup would require extrapolation into the past.  Requested time 1594369172.027992 but the earliest data is at time 1594369175.552378, when looking up transform from frame [base_link] to frame [lidar_link]
[dsw_lio_sam_imuPreintegration-3] [ERROR] [1785926649.271287761] [dsw_lio_sam_imuPreintegration]: Lookup would require extrapolation into the past.  Requested time 1594369172.027992 but the earliest data is at time 1594369175.552378, when looking up transform from frame [base_link] to frame [lidar_link]
[dsw_lio_sam_imuPreintegration-3] [ERROR] [1785926649.271534474] [dsw_lio_sam_imuPreintegration]: Lookup would require extrapolation into the past.  Requested time 1594369172.027992 but the earliest data is at time 1594369175.552378, when looking up transform from frame [base_link] to frame [lidar_link]
[dsw_lio_sam_imuPreintegration-3] [ERROR] [1785926649.271720701] [dsw_lio_sam_imuPreintegration]: Lookup would require extrapolation into the past.  Requested time 1594369172.027992 but the earliest data is at time 1594369175.552378, when looking up transform from frame [base_link] to frame [lidar_link]
[dsw_lio_sam_imuPreintegration-3] [ERROR] [1785926649.272179606] [dsw_lio_sam_imuPreintegration]: Lookup would require extrapolation into the past.  Requested time 1594369172.027992 but the earliest data is at time 1594369175.552378, when looking up transform from frame [base_link] to frame [lidar_link]
[dsw_lio_sam_imuPreintegration-3] [ERROR] [1785926649.272533086] [dsw_lio_sam_imuPreintegration]: Lookup would require extrapolation into the past.  Requested time 1594369172.027992 but the earliest data is at time 1594369175.552378, when looking up transform from frame [base_link] to frame [lidar_link]
[dsw_lio_sam_imuPreintegration-3] [ERROR] [1785926649.272694805] [dsw_lio_sam_imuPreintegration]: Lookup would require extrapolation into the past.  Requested time 1594369172.027992 but the earliest data is at time 1594369175.552378, when looking up transform from frame [base_link] to frame [lidar_link]
[dsw_lio_sam_imuPreintegration-3] [ERROR] [1785926649.272884802] [dsw_lio_sam_imuPreintegration]: Lookup would require extrapolation into the past.  Requested time 1594369172.027992 but the earliest data is at time 1594369175.552378, when looking up transform from frame [base_link] to frame [lidar_link]
[dsw_lio_sam_imuPreintegration-3] [ERROR] [1785926649.273129811] [dsw_lio_sam_imuPreintegration]: Lookup would require extrapolation into the past.  Requested time 1594369172.027992 but the earliest data is at time 1594369175.552378, when looking up transform from frame [base_link] to frame [lidar_link]
[dsw_lio_sam_imuPreintegration-3] [ERROR] [1785926649.273373397] [dsw_lio_sam_imuPreintegration]: Lookup would require extrapolation into the past.  Requested time 1594369172.027992 but the earliest data is at time 1594369175.552378, when looking up transform from frame [base_link] to frame [lidar_link]
[dsw_lio_sam_imuPreintegration-3] [ERROR] [1785926649.418749033] [dsw_lio_sam_imuPreintegration]: Lookup would require extrapolation into the past.  Requested time 1594369172.229459 but the earliest data is at time 1594369175.552378, when looking up transform from frame [base_link] to frame [lidar_link]
[dsw_lio_sam_imuPreintegration-3] [ERROR] [1785926649.419589623] [dsw_lio_sam_imuPreintegration]: Lookup would require extrapolation into the past.  Requested time 1594369172.229459 but the earliest data is at time 1594369175.552378, when looking up transform from frame [base_link] to frame [lidar_link]
[dsw_lio_sam_imuPreintegration-3] [ERROR] [1785926649.419764619] [dsw_lio_sam_imuPreintegration]: Lookup would require extrapolation into the past.  Requested time 1594369172.229459 but the earliest data is at time 1594369175.552378, when looking up transform from frame [base_link] to frame [lidar_link]
[dsw_lio_sam_imuPreintegration-3] [ERROR] [1785926649.420093207] [dsw_lio_sam_imuPreintegration]: Lookup would require extrapolation into the past.  Requested time 1594369172.229459 but the earliest data is at time 1594369175.552378, when looking up transform from frame [base_link] to frame [lidar_link]
[dsw_lio_sam_imuPreintegration-3] [ERROR] [1785926649.420336681] [dsw_lio_sam_imuPreintegration]: Lookup would require extrapolation into the past.  Requested time 1594369172.229459 but the earliest data is at time 1594369175.552378, when looking up transform from frame [base_link] to frame [lidar_link]
[dsw_lio_sam_imuPreintegration-3] [ERROR] [1785926649.420688685] [dsw_lio_sam_imuPreintegration]: Lookup would require extrapolation into the past.  Requested time 1594369172.229459 but the earliest data is at time 1594369175.552378, when looking up transform from frame [base_link] to frame [lidar_link]
[dsw_lio_sam_imuPreintegration-3] [ERROR] [1785926649.420881705] [dsw_lio_sam_imuPreintegration]: Lookup would require extrapolation into the past.  Requested time 1594369172.229459 but the earliest data is at time 1594369175.552378, when looking up transform from frame [base_link] to frame [lidar_link]
[dsw_lio_sam_imuPreintegration-3] [ERROR] [1785926649.421012231] [dsw_lio_sam_imuPreintegration]: Lookup would require extrapolation into the past.  Requested time 1594369172.229459 but the earliest data is at time 1594369175.552378, when looking up transform from frame [base_link] to frame [lidar_link]
[dsw_lio_sam_imuPreintegration-3] [ERROR] [1785926649.421243147] [dsw_lio_sam_imuPreintegration]: Lookup would require extrapolation into the past.  Requested time 1594369172.229459 but the earliest data is at time 1594369175.552378, when looking up transform from frame [base_link] to frame [lidar_link]
[dsw_lio_sam_imuPreintegration-3] [ERROR] [1785926649.421460054] [dsw_lio_sam_imuPreintegration]: Lookup would require extrapolation into the past.  Requested time 1594369172.229459 but the earliest data is at time 1594369175.552378, when looking up transform from frame [base_link] to frame [lidar_link]
[dsw_lio_sam_imuPreintegration-3] [ERROR] [1785926649.421623313] [dsw_lio_sam_imuPreintegration]: Lookup would require extrapolation into the past.  Requested time 1594369172.229459 but the earliest data is at time 1594369175.552378, when looking up transform from frame [base_link] to frame [lidar_link]
[dsw_lio_sam_imuPreintegration-3] [ERROR] [1785926649.575834519] [dsw_lio_sam_imuPreintegration]: Lookup would require extrapolation into the past.  Requested time 1594369172.927792 but the earliest data is at time 1594369175.552378, when looking up transform from frame [base_link] to frame [lidar_link]
[dsw_lio_sam_imuPreintegration-3] [ERROR] [1785926649.577532309] [dsw_lio_sam_imuPreintegration]: Lookup would require extrapolation into the past.  Requested time 1594369172.927792 but the earliest data is at time 1594369175.552378, when looking up transform from frame [base_link] to frame [lidar_link]
[dsw_lio_sam_imuPreintegration-3] [ERROR] [1785926649.577913000] [dsw_lio_sam_imuPreintegration]: Lookup would require extrapolation into the past.  Requested time 1594369172.927792 but the earliest data is at time 1594369175.552378, when looking up transform from frame [base_link] to frame [lidar_link]
[dsw_lio_sam_imuPreintegration-3] [ERROR] [1785926649.578135047] [dsw_lio_sam_imuPreintegration]: Lookup would require extrapolation into the past.  Requested time 1594369172.927792 but the earliest data is at time 1594369175.552378, when looking up transform from frame [base_link] to frame [lidar_link]
[dsw_lio_sam_imuPreintegration-3] [ERROR] [1785926649.578292022] [dsw_lio_sam_imuPreintegration]: Lookup would require extrapolation into the past.  Requested time 1594369172.927792 but the earliest data is at time 1594369175.552378, when looking up transform from frame [base_link] to frame [lidar_link]
[dsw_lio_sam_imuPreintegration-3] [ERROR] [1785926649.578466980] [dsw_lio_sam_imuPreintegration]: Lookup would require extrapolation into the past.  Requested time 1594369172.927792 but the earliest data is at time 1594369175.552378, when looking up transform from frame [base_link] to frame [lidar_link]
[dsw_lio_sam_imuPreintegration-3] [ERROR] [1785926649.578625154] [dsw_lio_sam_imuPreintegration]: Lookup would require extrapolation into the past.  Requested time 1594369172.927792 but the earliest data is at time 1594369175.552378, when looking up transform from frame [base_link] to frame [lidar_link]
[dsw_lio_sam_imuPreintegration-3] [ERROR] [1785926649.578779304] [dsw_lio_sam_imuPreintegration]: Lookup would require extrapolation into the past.  Requested time 1594369172.927792 but the earliest data is at time 1594369175.552378, when looking up transform from frame [base_link] to frame [lidar_link]
[dsw_lio_sam_imuPreintegration-3] [ERROR] [1785926649.578899661] [dsw_lio_sam_imuPreintegration]: Lookup would require extrapolation into the past.  Requested time 1594369172.927792 but the earliest data is at time 1594369175.552378, when looking up transform from frame [base_link] to frame [lidar_link]
[dsw_lio_sam_imuPreintegration-3] [ERROR] [1785926649.579026260] [dsw_lio_sam_imuPreintegration]: Lookup would require extrapolation into the past.  Requested time 1594369172.927792 but the earliest data is at time 1594369175.552378, when looking up transform from frame [base_link] to frame [lidar_link]
[dsw_lio_sam_imuPreintegration-3] [ERROR] [1785926649.736461718] [dsw_lio_sam_imuPreintegration]: Lookup would require extrapolation into the past.  Requested time 1594369173.627675 but the earliest data is at time 1594369175.552378, when looking up transform from frame [base_link] to frame [lidar_link]
[dsw_lio_sam_imuPreintegration-3] [ERROR] [1785926649.739369407] [dsw_lio_sam_imuPreintegration]: Lookup would require extrapolation into the past.  Requested time 1594369173.627675 but the earliest data is at time 1594369175.552378, when looking up transform from frame [base_link] to frame [lidar_link]
[dsw_lio_sam_imuPreintegration-3] [ERROR] [1785926649.739597758] [dsw_lio_sam_imuPreintegration]: Lookup would require extrapolation into the past.  Requested time 1594369173.627675 but the earliest data is at time 1594369175.552378, when looking up transform from frame [base_link] to frame [lidar_link]
[dsw_lio_sam_imuPreintegration-3] [ERROR] [1785926649.739751903] [dsw_lio_sam_imuPreintegration]: Lookup would require extrapolation into the past.  Requested time 1594369173.627675 but the earliest data is at time 1594369175.552378, when looking up transform from frame [base_link] to frame [lidar_link]
[dsw_lio_sam_imuPreintegration-3] [ERROR] [1785926649.740067387] [dsw_lio_sam_imuPreintegration]: Lookup would require extrapolation into the past.  Requested time 1594369173.627675 but the earliest data is at time 1594369175.552378, when looking up transform from frame [base_link] to frame [lidar_link]
[dsw_lio_sam_imuPreintegration-3] [ERROR] [1785926649.740350765] [dsw_lio_sam_imuPreintegration]: Lookup would require extrapolation into the past.  Requested time 1594369173.627675 but the earliest data is at time 1594369175.552378, when looking up transform from frame [base_link] to frame [lidar_link]
[dsw_lio_sam_imuPreintegration-3] [ERROR] [1785926649.740568986] [dsw_lio_sam_imuPreintegration]: Lookup would require extrapolation into the past.  Requested time 1594369173.627675 but the earliest data is at time 1594369175.552378, when looking up transform from frame [base_link] to frame [lidar_link]
[dsw_lio_sam_imuPreintegration-3] [ERROR] [1785926649.740753762] [dsw_lio_sam_imuPreintegration]: Lookup would require extrapolation into the past.  Requested time 1594369173.627675 but the earliest data is at time 1594369175.552378, when looking up transform from frame [base_link] to frame [lidar_link]
[dsw_lio_sam_imuPreintegration-3] [ERROR] [1785926649.740954698] [dsw_lio_sam_imuPreintegration]: Lookup would require extrapolation into the past.  Requested time 1594369173.627675 but the earliest data is at time 1594369175.552378, when looking up transform from frame [base_link] to frame [lidar_link]
[dsw_lio_sam_imuPreintegration-3] [ERROR] [1785926649.898379934] [dsw_lio_sam_imuPreintegration]: Lookup would require extrapolation into the past.  Requested time 1594369173.826256 but the earliest data is at time 1594369175.552378, when looking up transform from frame [base_link] to frame [lidar_link]
[dsw_lio_sam_imuPreintegration-3] [ERROR] [1785926649.900158399] [dsw_lio_sam_imuPreintegration]: Lookup would require extrapolation into the past.  Requested time 1594369173.826256 but the earliest data is at time 1594369175.552378, when looking up transform from frame [base_link] to frame [lidar_link]
[dsw_lio_sam_imuPreintegration-3] [ERROR] [1785926649.900427863] [dsw_lio_sam_imuPreintegration]: Lookup would require extrapolation into the past.  Requested time 1594369173.826256 but the earliest data is at time 1594369175.552378, when looking up transform from frame [base_link] to frame [lidar_link]
[dsw_lio_sam_imuPreintegration-3] [ERROR] [1785926649.901060721] [dsw_lio_sam_imuPreintegration]: Lookup would require extrapolation into the past.  Requested time 1594369173.826256 but the earliest data is at time 1594369175.552378, when looking up transform from frame [base_link] to frame [lidar_link]
[dsw_lio_sam_imuPreintegration-3] [ERROR] [1785926649.901274048] [dsw_lio_sam_imuPreintegration]: Lookup would require extrapolation into the past.  Requested time 1594369173.826256 but the earliest data is at time 1594369175.552378, when looking up transform from frame [base_link] to frame [lidar_link]
[dsw_lio_sam_imuPreintegration-3] [ERROR] [1785926649.901494495] [dsw_lio_sam_imuPreintegration]: Lookup would require extrapolation into the past.  Requested time 1594369173.826256 but the earliest data is at time 1594369175.552378, when looking up transform from frame [base_link] to frame [lidar_link]
[dsw_lio_sam_imuPreintegration-3] [ERROR] [1785926649.901738013] [dsw_lio_sam_imuPreintegration]: Lookup would require extrapolation into the past.  Requested time 1594369173.826256 but the earliest data is at time 1594369175.552378, when looking up transform from frame [base_link] to frame [lidar_link]
[dsw_lio_sam_imuPreintegration-3] [ERROR] [1785926649.901965333] [dsw_lio_sam_imuPreintegration]: Lookup would require extrapolation into the past.  Requested time 1594369173.826256 but the earliest data is at time 1594369175.552378, when looking up transform from frame [base_link] to frame [lidar_link]
[dsw_lio_sam_imuPreintegration-3] [ERROR] [1785926649.902216611] [dsw_lio_sam_imuPreintegration]: Lookup would require extrapolation into the past.  Requested time 1594369173.826256 but the earliest data is at time 1594369175.552378, when looking up transform from frame [base_link] to frame [lidar_link]
[dsw_lio_sam_imuPreintegration-3] [ERROR] [1785926649.902387374] [dsw_lio_sam_imuPreintegration]: Lookup would require extrapolation into the past.  Requested time 1594369173.826256 but the earliest data is at time 1594369175.552378, when looking up transform from frame [base_link] to frame [lidar_link]
[dsw_lio_sam_imuPreintegration-3] [ERROR] [1785926650.051312116] [dsw_lio_sam_imuPreintegration]: Lookup would require extrapolation into the past.  Requested time 1594369174.128128 but the earliest data is at time 1594369175.552378, when looking up transform from frame [base_link] to frame [lidar_link]
[dsw_lio_sam_imuPreintegration-3] [ERROR] [1785926650.051584601] [dsw_lio_sam_imuPreintegration]: Lookup would require extrapolation into the past.  Requested time 1594369174.128128 but the earliest data is at time 1594369175.552378, when looking up transform from frame [base_link] to frame [lidar_link]
[dsw_lio_sam_imuPreintegration-3] [ERROR] [1785926650.052610717] [dsw_lio_sam_imuPreintegration]: Lookup would require extrapolation into the past.  Requested time 1594369174.128128 but the earliest data is at time 1594369175.552378, when looking up transform from frame [base_link] to frame [lidar_link]
[dsw_lio_sam_imuPreintegration-3] [ERROR] [1785926650.052924424] [dsw_lio_sam_imuPreintegration]: Lookup would require extrapolation into the past.  Requested time 1594369174.128128 but the earliest data is at time 1594369175.552378, when looking up transform from frame [base_link] to frame [lidar_link]
[dsw_lio_sam_imuPreintegration-3] [ERROR] [1785926650.053078664] [dsw_lio_sam_imuPreintegration]: Lookup would require extrapolation into the past.  Requested time 1594369174.128128 but the earliest data is at time 1594369175.552378, when looking up transform from frame [base_link] to frame [lidar_link]
[dsw_lio_sam_imuPreintegration-3] [ERROR] [1785926650.053228532] [dsw_lio_sam_imuPreintegration]: Lookup would require extrapolation into the past.  Requested time 1594369174.128128 but the earliest data is at time 1594369175.552378, when looking up transform from frame [base_link] to frame [lidar_link]
[dsw_lio_sam_imuPreintegration-3] [ERROR] [1785926650.053475396] [dsw_lio_sam_imuPreintegration]: Lookup would require extrapolation into the past.  Requested time 1594369174.128128 but the earliest data is at time 1594369175.552378, when looking up transform from frame [base_link] to frame [lidar_link]
[dsw_lio_sam_imuPreintegration-3] [ERROR] [1785926650.053649361] [dsw_lio_sam_imuPreintegration]: Lookup would require extrapolation into the past.  Requested time 1594369174.128128 but the earliest data is at time 1594369175.552378, when looking up transform from frame [base_link] to frame [lidar_link]
[dsw_lio_sam_imuPreintegration-3] [ERROR] [1785926650.053846031] [dsw_lio_sam_imuPreintegration]: Lookup would require extrapolation into the past.  Requested time 1594369174.128128 but the earliest data is at time 1594369175.552378, when looking up transform from frame [base_link] to frame [lidar_link]
[dsw_lio_sam_imuPreintegration-3] [ERROR] [1785926650.054015364] [dsw_lio_sam_imuPreintegration]: Lookup would require extrapolation into the past.  Requested time 1594369174.128128 but the earliest data is at time 1594369175.552378, when looking up transform from frame [base_link] to frame [lidar_link]
[dsw_lio_sam_imuPreintegration-3] [ERROR] [1785926650.209224788] [dsw_lio_sam_imuPreintegration]: Lookup would require extrapolation into the past.  Requested time 1594369174.329293 but the earliest data is at time 1594369175.552378, when looking up transform from frame [base_link] to frame [lidar_link]
[dsw_lio_sam_imuPreintegration-3] [ERROR] [1785926650.210687580] [dsw_lio_sam_imuPreintegration]: Lookup would require extrapolation into the past.  Requested time 1594369174.329293 but the earliest data is at time 1594369175.552378, when looking up transform from frame [base_link] to frame [lidar_link]
[dsw_lio_sam_imuPreintegration-3] [ERROR] [1785926650.211009931] [dsw_lio_sam_imuPreintegration]: Lookup would require extrapolation into the past.  Requested time 1594369174.329293 but the earliest data is at time 1594369175.552378, when looking up transform from frame [base_link] to frame [lidar_link]
[dsw_lio_sam_imuPreintegration-3] [ERROR] [1785926650.211253464] [dsw_lio_sam_imuPreintegration]: Lookup would require extrapolation into the past.  Requested time 1594369174.329293 but the earliest data is at time 1594369175.552378, when looking up transform from frame [base_link] to frame [lidar_link]
[dsw_lio_sam_imuPreintegration-3] [ERROR] [1785926650.211640771] [dsw_lio_sam_imuPreintegration]: Lookup would require extrapolation into the past.  Requested time 1594369174.329293 but the earliest data is at time 1594369175.552378, when looking up transform from frame [base_link] to frame [lidar_link]
[dsw_lio_sam_imuPreintegration-3] [ERROR] [1785926650.211818414] [dsw_lio_sam_imuPreintegration]: Lookup would require extrapolation into the past.  Requested time 1594369174.329293 but the earliest data is at time 1594369175.552378, when looking up transform from frame [base_link] to frame [lidar_link]
[dsw_lio_sam_imuPreintegration-3] [ERROR] [1785926650.297108808] [dsw_lio_sam_imuPreintegration]: Lookup would require extrapolation into the past.  Requested time 1594369174.528398 but the earliest data is at time 1594369175.552378, when looking up transform from frame [base_link] to frame [lidar_link]
[dsw_lio_sam_imuPreintegration-3] [ERROR] [1785926650.297366248] [dsw_lio_sam_imuPreintegration]: Lookup would require extrapolation into the past.  Requested time 1594369174.528398 but the earliest data is at time 1594369175.552378, when looking up transform from frame [base_link] to frame [lidar_link]
[dsw_lio_sam_imuPreintegration-3] [ERROR] [1785926650.297572241] [dsw_lio_sam_imuPreintegration]: Lookup would require extrapolation into the past.  Requested time 1594369174.528398 but the earliest data is at time 1594369175.552378, when looking up transform from frame [base_link] to frame [lidar_link]
[dsw_lio_sam_imuPreintegration-3] [ERROR] [1785926650.297740393] [dsw_lio_sam_imuPreintegration]: Lookup would require extrapolation into the past.  Requested time 1594369174.528398 but the earliest data is at time 1594369175.552378, when looking up transform from frame [base_link] to frame [lidar_link]
[dsw_lio_sam_imuPreintegration-3] [ERROR] [1785926650.371292957] [dsw_lio_sam_imuPreintegration]: Lookup would require extrapolation into the past.  Requested time 1594369174.528398 but the earliest data is at time 1594369175.552378, when looking up transform from frame [base_link] to frame [lidar_link]
[dsw_lio_sam_imuPreintegration-3] [ERROR] [1785926650.372453943] [dsw_lio_sam_imuPreintegration]: Lookup would require extrapolation into the past.  Requested time 1594369174.528398 but the earliest data is at time 1594369175.552378, when looking up transform from frame [base_link] to frame [lidar_link]
[dsw_lio_sam_imuPreintegration-3] [ERROR] [1785926650.372761677] [dsw_lio_sam_imuPreintegration]: Lookup would require extrapolation into the past.  Requested time 1594369174.528398 but the earliest data is at time 1594369175.552378, when looking up transform from frame [base_link] to frame [lidar_link]
[dsw_lio_sam_imuPreintegration-3] [ERROR] [1785926650.373073755] [dsw_lio_sam_imuPreintegration]: Lookup would require extrapolation into the past.  Requested time 1594369174.528398 but the earliest data is at time 1594369175.552378, when looking up transform from frame [base_link] to frame [lidar_link]
[dsw_lio_sam_imuPreintegration-3] [ERROR] [1785926650.373665654] [dsw_lio_sam_imuPreintegration]: Lookup would require extrapolation into the past.  Requested time 1594369174.528398 but the earliest data is at time 1594369175.552378, when looking up transform from frame [base_link] to frame [lidar_link]
[dsw_lio_sam_imuPreintegration-3] [ERROR] [1785926650.373837020] [dsw_lio_sam_imuPreintegration]: Lookup would require extrapolation into the past.  Requested time 1594369174.528398 but the earliest data is at time 1594369175.552378, when looking up transform from frame [base_link] to frame [lidar_link]
[dsw_lio_sam_imuPreintegration-3] [ERROR] [1785926650.374040913] [dsw_lio_sam_imuPreintegration]: Lookup would require extrapolation into the past.  Requested time 1594369174.528398 but the earliest data is at time 1594369175.552378, when looking up transform from frame [base_link] to frame [lidar_link]
[dsw_lio_sam_imuPreintegration-3] [ERROR] [1785926650.374252674] [dsw_lio_sam_imuPreintegration]: Lookup would require extrapolation into the past.  Requested time 1594369174.528398 but the earliest data is at time 1594369175.552378, when looking up transform from frame [base_link] to frame [lidar_link]
[dsw_lio_sam_imuPreintegration-3] [ERROR] [1785926650.374439162] [dsw_lio_sam_imuPreintegration]: Lookup would require extrapolation into the past.  Requested time 1594369174.528398 but the earliest data is at time 1594369175.552378, when looking up transform from frame [base_link] to frame [lidar_link]
[dsw_lio_sam_imuPreintegration-3] [ERROR] [1785926650.374628555] [dsw_lio_sam_imuPreintegration]: Lookup would require extrapolation into the past.  Requested time 1594369174.528398 but the earliest data is at time 1594369175.552378, when looking up transform from frame [base_link] to frame [lidar_link]
[dsw_lio_sam_imuPreintegration-3] [ERROR] [1785926650.531530928] [dsw_lio_sam_imuPreintegration]: Lookup would require extrapolation into the past.  Requested time 1594369174.926964 but the earliest data is at time 1594369175.552378, when looking up transform from frame [base_link] to frame [lidar_link]
[dsw_lio_sam_imuPreintegration-3] [ERROR] [1785926650.531858207] [dsw_lio_sam_imuPreintegration]: Lookup would require extrapolation into the past.  Requested time 1594369174.926964 but the earliest data is at time 1594369175.552378, when looking up transform from frame [base_link] to frame [lidar_link]
[dsw_lio_sam_imuPreintegration-3] [ERROR] [1785926650.532094780] [dsw_lio_sam_imuPreintegration]: Lookup would require extrapolation into the past.  Requested time 1594369174.926964 but the earliest data is at time 1594369175.552378, when looking up transform from frame [base_link] to frame [lidar_link]
[dsw_lio_sam_imuPreintegration-3] [ERROR] [1785926650.532321574] [dsw_lio_sam_imuPreintegration]: Lookup would require extrapolation into the past.  Requested time 1594369174.926964 but the earliest data is at time 1594369175.552378, when looking up transform from frame [base_link] to frame [lidar_link]
[dsw_lio_sam_imuPreintegration-3] [ERROR] [1785926650.532461797] [dsw_lio_sam_imuPreintegration]: Lookup would require extrapolation into the past.  Requested time 1594369174.926964 but the earliest data is at time 1594369175.552378, when looking up transform from frame [base_link] to frame [lidar_link]
[dsw_lio_sam_imuPreintegration-3] [ERROR] [1785926650.532794004] [dsw_lio_sam_imuPreintegration]: Lookup would require extrapolation into the past.  Requested time 1594369174.926964 but the earliest data is at time 1594369175.552378, when looking up transform from frame [base_link] to frame [lidar_link]
[dsw_lio_sam_imuPreintegration-3] [ERROR] [1785926650.532985405] [dsw_lio_sam_imuPreintegration]: Lookup would require extrapolation into the past.  Requested time 1594369174.926964 but the earliest data is at time 1594369175.552378, when looking up transform from frame [base_link] to frame [lidar_link]
[dsw_lio_sam_imuPreintegration-3] [ERROR] [1785926650.533161233] [dsw_lio_sam_imuPreintegration]: Lookup would require extrapolation into the past.  Requested time 1594369174.926964 but the earliest data is at time 1594369175.552378, when looking up transform from frame [base_link] to frame [lidar_link]
[dsw_lio_sam_imuPreintegration-3] [ERROR] [1785926650.533398046] [dsw_lio_sam_imuPreintegration]: Lookup would require extrapolation into the past.  Requested time 1594369174.926964 but the earliest data is at time 1594369175.552378, when looking up transform from frame [base_link] to frame [lidar_link]
[dsw_lio_sam_imuPreintegration-3] [ERROR] [1785926650.533523569] [dsw_lio_sam_imuPreintegration]: Lookup would require extrapolation into the past.  Requested time 1594369174.926964 but the earliest data is at time 1594369175.552378, when looking up transform from frame [base_link] to frame [lidar_link]
[dsw_lio_sam_imuPreintegration-3] [ERROR] [1785926650.681167830] [dsw_lio_sam_imuPreintegration]: Lookup would require extrapolation into the past.  Requested time 1594369175.128056 but the earliest data is at time 1594369175.552378, when looking up transform from frame [base_link] to frame [lidar_link]
[dsw_lio_sam_imuPreintegration-3] [ERROR] [1785926650.683640216] [dsw_lio_sam_imuPreintegration]: Lookup would require extrapolation into the past.  Requested time 1594369175.128056 but the earliest data is at time 1594369175.552378, when looking up transform from frame [base_link] to frame [lidar_link]
[dsw_lio_sam_imuPreintegration-3] [ERROR] [1785926650.684086447] [dsw_lio_sam_imuPreintegration]: Lookup would require extrapolation into the past.  Requested time 1594369175.128056 but the earliest data is at time 1594369175.552378, when looking up transform from frame [base_link] to frame [lidar_link]
[dsw_lio_sam_imuPreintegration-3] [ERROR] [1785926650.684376889] [dsw_lio_sam_imuPreintegration]: Lookup would require extrapolation into the past.  Requested time 1594369175.128056 but the earliest data is at time 1594369175.552378, when looking up transform from frame [base_link] to frame [lidar_link]
[dsw_lio_sam_imuPreintegration-3] [ERROR] [1785926650.684537311] [dsw_lio_sam_imuPreintegration]: Lookup would require extrapolation into the past.  Requested time 1594369175.128056 but the earliest data is at time 1594369175.552378, when looking up transform from frame [base_link] to frame [lidar_link]
[dsw_lio_sam_imuPreintegration-3] [ERROR] [1785926650.684764506] [dsw_lio_sam_imuPreintegration]: Lookup would require extrapolation into the past.  Requested time 1594369175.128056 but the earliest data is at time 1594369175.552378, when looking up transform from frame [base_link] to frame [lidar_link]
[dsw_lio_sam_imuPreintegration-3] [ERROR] [1785926650.684955570] [dsw_lio_sam_imuPreintegration]: Lookup would require extrapolation into the past.  Requested time 1594369175.128056 but the earliest data is at time 1594369175.552378, when looking up transform from frame [base_link] to frame [lidar_link]
[dsw_lio_sam_imuPreintegration-3] [ERROR] [1785926650.685140237] [dsw_lio_sam_imuPreintegration]: Lookup would require extrapolation into the past.  Requested time 1594369175.128056 but the earliest data is at time 1594369175.552378, when looking up transform from frame [base_link] to frame [lidar_link]
[dsw_lio_sam_imuPreintegration-3] [ERROR] [1785926650.685301119] [dsw_lio_sam_imuPreintegration]: Lookup would require extrapolation into the past.  Requested time 1594369175.128056 but the earliest data is at time 1594369175.552378, when looking up transform from frame [base_link] to frame [lidar_link]
[dsw_lio_sam_imuPreintegration-3] [ERROR] [1785926650.685512279] [dsw_lio_sam_imuPreintegration]: Lookup would require extrapolation into the past.  Requested time 1594369175.128056 but the earliest data is at time 1594369175.552378, when looking up transform from frame [base_link] to frame [lidar_link]
[dsw_lio_sam_imuPreintegration-3] [ERROR] [1785926650.839608448] [dsw_lio_sam_imuPreintegration]: Lookup would require extrapolation into the past.  Requested time 1594369175.330029 but the earliest data is at time 1594369175.552378, when looking up transform from frame [base_link] to frame [lidar_link]
[dsw_lio_sam_imuPreintegration-3] [ERROR] [1785926650.840527341] [dsw_lio_sam_imuPreintegration]: Lookup would require extrapolation into the past.  Requested time 1594369175.330029 but the earliest data is at time 1594369175.552378, when looking up transform from frame [base_link] to frame [lidar_link]
[dsw_lio_sam_imuPreintegration-3] [ERROR] [1785926650.840779444] [dsw_lio_sam_imuPreintegration]: Lookup would require extrapolation into the past.  Requested time 1594369175.330029 but the earliest data is at time 1594369175.552378, when looking up transform from frame [base_link] to frame [lidar_link]
[dsw_lio_sam_imuPreintegration-3] [ERROR] [1785926650.841029201] [dsw_lio_sam_imuPreintegration]: Lookup would require extrapolation into the past.  Requested time 1594369175.330029 but the earliest data is at time 1594369175.552378, when looking up transform from frame [base_link] to frame [lidar_link]
[dsw_lio_sam_imuPreintegration-3] [ERROR] [1785926650.841303952] [dsw_lio_sam_imuPreintegration]: Lookup would require extrapolation into the past.  Requested time 1594369175.330029 but the earliest data is at time 1594369175.552378, when looking up transform from frame [base_link] to frame [lidar_link]
[dsw_lio_sam_imuPreintegration-3] [ERROR] [1785926650.841537198] [dsw_lio_sam_imuPreintegration]: Lookup would require extrapolation into the past.  Requested time 1594369175.330029 but the earliest data is at time 1594369175.552378, when looking up transform from frame [base_link] to frame [lidar_link]
[dsw_lio_sam_imuPreintegration-3] [ERROR] [1785926650.841821472] [dsw_lio_sam_imuPreintegration]: Lookup would require extrapolation into the past.  Requested time 1594369175.330029 but the earliest data is at time 1594369175.552378, when looking up transform from frame [base_link] to frame [lidar_link]
[dsw_lio_sam_imuPreintegration-3] [ERROR] [1785926650.842146810] [dsw_lio_sam_imuPreintegration]: Lookup would require extrapolation into the past.  Requested time 1594369175.330029 but the earliest data is at time 1594369175.552378, when looking up transform from frame [base_link] to frame [lidar_link]
[dsw_lio_sam_imuPreintegration-3] [ERROR] [1785926650.842343221] [dsw_lio_sam_imuPreintegration]: Lookup would require extrapolation into the past.  Requested time 1594369175.330029 but the earliest data is at time 1594369175.552378, when looking up transform from frame [base_link] to frame [lidar_link]
[dsw_lio_sam_imuPreintegration-3] [ERROR] [1785926650.842532736] [dsw_lio_sam_imuPreintegration]: Lookup would require extrapolation into the past.  Requested time 1594369175.330029 but the earliest data is at time 1594369175.552378, when looking up transform from frame [base_link] to frame [lidar_link]
[dsw_lio_sam_imuPreintegration-3] [ERROR] [1785926650.842642068] [dsw_lio_sam_imuPreintegration]: Lookup would require extrapolation into the past.  Requested time 1594369175.330029 but the earliest data is at time 1594369175.552378, when looking up transform from frame [base_link] to frame [lidar_link]
[dsw_lio_sam_imuPreintegration-3] [ERROR] [1785926650.996786482] [dsw_lio_sam_imuPreintegration]: Lookup would require extrapolation into the past.  Requested time 1594369175.529241 but the earliest data is at time 1594369175.552378, when looking up transform from frame [base_link] to frame [lidar_link]
[dsw_lio_sam_imuPreintegration-3] [ERROR] [1785926650.997636075] [dsw_lio_sam_imuPreintegration]: Lookup would require extrapolation into the past.  Requested time 1594369175.529241 but the earliest data is at time 1594369175.552378, when looking up transform from frame [base_link] to frame [lidar_link]
[dsw_lio_sam_imuPreintegration-3] [ERROR] [1785926650.997905116] [dsw_lio_sam_imuPreintegration]: Lookup would require extrapolation into the past.  Requested time 1594369175.529241 but the earliest data is at time 1594369175.552378, when looking up transform from frame [base_link] to frame [lidar_link]
[dsw_lio_sam_imuPreintegration-3] [ERROR] [1785926650.998208761] [dsw_lio_sam_imuPreintegration]: Lookup would require extrapolation into the past.  Requested time 1594369175.529241 but the earliest data is at time 1594369175.552378, when looking up transform from frame [base_link] to frame [lidar_link]
[dsw_lio_sam_imuPreintegration-3] [ERROR] [1785926650.998433743] [dsw_lio_sam_imuPreintegration]: Lookup would require extrapolation into the past.  Requested time 1594369175.529241 but the earliest data is at time 1594369175.552378, when looking up transform from frame [base_link] to frame [lidar_link]
[dsw_lio_sam_imuPreintegration-3] [ERROR] [1785926650.998624284] [dsw_lio_sam_imuPreintegration]: Lookup would require extrapolation into the past.  Requested time 1594369175.529241 but the earliest data is at time 1594369175.552378, when looking up transform from frame [base_link] to frame [lidar_link]
[dsw_lio_sam_imuPreintegration-3] [ERROR] [1785926650.998911984] [dsw_lio_sam_imuPreintegration]: Lookup would require extrapolation into the past.  Requested time 1594369175.529241 but the earliest data is at time 1594369175.552378, when looking up transform from frame [base_link] to frame [lidar_link]
[dsw_lio_sam_imuPreintegration-3] [ERROR] [1785926650.999076531] [dsw_lio_sam_imuPreintegration]: Lookup would require extrapolation into the past.  Requested time 1594369175.529241 but the earliest data is at time 1594369175.552378, when looking up transform from frame [base_link] to frame [lidar_link]
[dsw_lio_sam_imuPreintegration-3] [ERROR] [1785926650.999295728] [dsw_lio_sam_imuPreintegration]: Lookup would require extrapolation into the past.  Requested time 1594369175.529241 but the earliest data is at time 1594369175.552378, when looking up transform from frame [base_link] to frame [lidar_link]
[dsw_lio_sam_imuPreintegration-3] [ERROR] [1785926650.999563593] [dsw_lio_sam_imuPreintegration]: Lookup would require extrapolation into the past.  Requested time 1594369175.529241 but the earliest data is at time 1594369175.552378, when looking up transform from frame [base_link] to frame [lidar_link]
[dsw_lio_sam_imuPreintegration-3] [WARN] [1785926651.507520887] [dsw_lio_sam_imuPreintegration]: Large velocity, reset IMU-preintegration!
[dsw_lio_sam_imuPreintegration-3] [WARN] [1785926653.160351362] [dsw_lio_sam_imuPreintegration]: Large velocity, reset IMU-preintegration!
[dsw_lio_sam_imuPreintegration-3] [WARN] [1785926653.679623250] [dsw_lio_sam_imuPreintegration]: Large velocity, reset IMU-preintegration!
[dsw_lio_sam_imuPreintegration-3] [WARN] [1785926655.986784254] [dsw_lio_sam_imuPreintegration]: Large velocity, reset IMU-preintegration!
[dsw_lio_sam_imuPreintegration-3] [WARN] [1785926657.848487965] [dsw_lio_sam_imuPreintegration]: IMU orientation not available (6-axis IMU), using identity quaternion.
[dsw_lio_sam_imageProjection-4] [WARN] [1785926657.848495857] [dsw_lio_sam_imageProjection]: IMU orientation not available (6-axis IMU), using identity quaternion.
[dsw_lio_sam_imuPreintegration-3] [WARN] [1785926658.826558426] [dsw_lio_sam_imuPreintegration]: Large velocity, reset IMU-preintegration!
[dsw_lio_sam_imuPreintegration-3] [WARN] [1785926659.686198950] [dsw_lio_sam_imuPreintegration]: Large velocity, reset IMU-preintegration!
[dsw_lio_sam_imuPreintegration-3] [WARN] [1785926660.617714816] [dsw_lio_sam_imuPreintegration]: Large velocity, reset IMU-preintegration!
[dsw_lio_sam_imuPreintegration-3] [WARN] [1785926661.408439199] [dsw_lio_sam_imuPreintegration]: Large velocity, reset IMU-preintegration!
[dsw_lio_sam_imuPreintegration-3] [WARN] [1785926662.948050534] [dsw_lio_sam_imuPreintegration]: Large velocity, reset IMU-preintegration!
[dsw_lio_sam_imuPreintegration-3] [WARN] [1785926663.403067458] [dsw_lio_sam_imuPreintegration]: Large velocity, reset IMU-preintegration!
[dsw_lio_sam_imuPreintegration-3] [WARN] [1785926665.301791272] [dsw_lio_sam_imuPreintegration]: Large velocity, reset IMU-preintegration!
[dsw_lio_sam_imuPreintegration-3] [WARN] [1785926666.760052703] [dsw_lio_sam_imuPreintegration]: Large velocity, reset IMU-preintegration!
