[INFO] [launch]: All log files can be found below /home/zly/.ros/log/2026-07-23-12-06-18-381983-LAPTOP-LAHD0B48-6561
[INFO] [launch]: Default logging verbosity is set to INFO
urdf_file_name : /home/zly/ros2_ws/install/dsw_lio_sam/share/dsw_lio_sam/config/robot.urdf.xacro
[INFO] [static_transform_publisher-1]: process started with pid [6564]
[INFO] [robot_state_publisher-2]: process started with pid [6566]
[INFO] [dsw_lio_sam_imuPreintegration-3]: process started with pid [6568]
[INFO] [dsw_lio_sam_imageProjection-4]: process started with pid [6570]
[INFO] [dsw_lio_sam_featureExtraction-5]: process started with pid [6572]
[INFO] [dsw_lio_sam_mapOptimization-6]: process started with pid [6574]
[INFO] [rviz2-7]: process started with pid [6576]
[static_transform_publisher-1] [WARN] [1784779578.987457756] []: Old-style arguments are deprecated; see --help for new-style arguments
[static_transform_publisher-1] [INFO] [1784779579.018081595] [static_transform_publisher_hSxRJIXQf7txSsJJ]: Spinning until stopped - publishing transform
[static_transform_publisher-1] translation: ('0.000000', '0.000000', '0.000000')
[static_transform_publisher-1] rotation: ('0.000000', '0.000000', '0.000000', '1.000000')
[static_transform_publisher-1] from 'map' to 'odom'
[robot_state_publisher-2] [INFO] [1784779579.031964189] [robot_state_publisher]: got segment base_link
[robot_state_publisher-2] [INFO] [1784779579.032102567] [robot_state_publisher]: got segment chassis_link
[robot_state_publisher-2] [INFO] [1784779579.032116057] [robot_state_publisher]: got segment imu_link
[robot_state_publisher-2] [INFO] [1784779579.032120144] [robot_state_publisher]: got segment laser_sensor_frame
[robot_state_publisher-2] [INFO] [1784779579.032123723] [robot_state_publisher]: got segment lidar_link
[robot_state_publisher-2] [INFO] [1784779579.032127015] [robot_state_publisher]: got segment navsat_link
[dsw_lio_sam_featureExtraction-5] [INFO] [1784779579.038888371] [rclcpp]: [1;32m----> Feature Extraction Started.[0m
[dsw_lio_sam_imuPreintegration-3] [WARN] [1784779579.049602677] [rcl.logging_rosout]: Publisher already registered for provided node name. If this is due to multiple nodes with the same name then all logs for that logger name will go out over the existing publisher. As soon as any node with that name is destructed it will unregister the publisher, preventing any further logs for that name from being published on the rosout topic.
[dsw_lio_sam_imageProjection-4] [INFO] [1784779579.073796262] [rclcpp]: [1;32m----> Image Projection Started.[0m
[dsw_lio_sam_imuPreintegration-3] [INFO] [1784779579.080132859] [rclcpp]: [1;32m----> IMU Preintegration Started.[0m
[dsw_lio_sam_mapOptimization-6] [INFO] [1784779579.205667995] [rclcpp]: [1;32m----> Map Optimization Started.[0m
[rviz2-7] [INFO] [1784779580.403395627] [rviz2]: Stereo is NOT SUPPORTED
[rviz2-7] [INFO] [1784779580.403640336] [rviz2]: OpenGl version: 4.2 (GLSL 4.2)
[rviz2-7] [INFO] [1784779580.515694753] [rviz2]: Stereo is NOT SUPPORTED
[dsw_lio_sam_imuPreintegration-3] [WARN] [1784779591.642660276] [tf2_buffer]: Detected jump back in time. Clearing TF buffer.
[rviz2-7] [WARN] [1784779591.642712444] [rviz2]: Detected jump back in time. Resetting RViz.
[rviz2-7] [WARN] [1784779591.642827722] [tf2_buffer]: Detected jump back in time. Clearing TF buffer.
[dsw_lio_sam_imageProjection-4] [WARN] [1784779620.165004887] [dsw_lio_sam_imageProjection]: IMU orientation not available (6-axis IMU), using identity quaternion.
[dsw_lio_sam_imuPreintegration-3] [WARN] [1784779620.165101671] [dsw_lio_sam_imuPreintegration]: IMU orientation not available (6-axis IMU), using identity quaternion.
[dsw_lio_sam_featureExtraction-5] [WARN] [1784779620.689788988] [dsw_lio_sam_featureExtraction]: Waiting for deskewed point cloud on /dsw_lio_sam/deskew/cloud_deskewed
[dsw_lio_sam_imuPreintegration-3] [ERROR] [1784779622.690064280] [dsw_lio_sam_imuPreintegration]: Could not find a connection between 'lidar_link' and 'base_link' because they are not part of the same tree.Tf has two or more unconnected trees.
[dsw_lio_sam_imuPreintegration-3] [ERROR] [1784779622.740501395] [dsw_lio_sam_imuPreintegration]: Lookup would require extrapolation at time 1594369167.527109, but only time 1594369172.652037 is in the buffer, when looking up transform from frame [base_link] to frame [lidar_link]
[dsw_lio_sam_imuPreintegration-3] [ERROR] [1784779622.841406805] [dsw_lio_sam_imuPreintegration]: Lookup would require extrapolation into the past.  Requested time 1594369167.527109 but the earliest data is at time 1594369172.652037, when looking up transform from frame [base_link] to frame [lidar_link]
[dsw_lio_sam_imuPreintegration-3] [ERROR] [1784779622.891051172] [dsw_lio_sam_imuPreintegration]: Lookup would require extrapolation into the past.  Requested time 1594369167.527109 but the earliest data is at time 1594369172.652037, when looking up transform from frame [base_link] to frame [lidar_link]
[dsw_lio_sam_imuPreintegration-3] [ERROR] [1784779622.891376705] [dsw_lio_sam_imuPreintegration]: Lookup would require extrapolation into the past.  Requested time 1594369167.527109 but the earliest data is at time 1594369172.652037, when looking up transform from frame [base_link] to frame [lidar_link]
[dsw_lio_sam_imuPreintegration-3] [ERROR] [1784779622.941107902] [dsw_lio_sam_imuPreintegration]: Lookup would require extrapolation into the past.  Requested time 1594369167.527109 but the earliest data is at time 1594369172.652037, when looking up transform from frame [base_link] to frame [lidar_link]
[dsw_lio_sam_imuPreintegration-3] [ERROR] [1784779623.042092386] [dsw_lio_sam_imuPreintegration]: Lookup would require extrapolation into the past.  Requested time 1594369167.527109 but the earliest data is at time 1594369172.652037, when looking up transform from frame [base_link] to frame [lidar_link]
[dsw_lio_sam_imuPreintegration-3] [ERROR] [1784779623.090432310] [dsw_lio_sam_imuPreintegration]: Lookup would require extrapolation into the past.  Requested time 1594369167.527109 but the earliest data is at time 1594369172.652037, when looking up transform from frame [base_link] to frame [lidar_link]
[dsw_lio_sam_imuPreintegration-3] [ERROR] [1784779623.141705060] [dsw_lio_sam_imuPreintegration]: Lookup would require extrapolation into the past.  Requested time 1594369167.527109 but the earliest data is at time 1594369172.652037, when looking up transform from frame [base_link] to frame [lidar_link]
[dsw_lio_sam_imuPreintegration-3] [ERROR] [1784779623.193135723] [dsw_lio_sam_imuPreintegration]: Lookup would require extrapolation into the past.  Requested time 1594369167.527109 but the earliest data is at time 1594369172.652037, when looking up transform from frame [base_link] to frame [lidar_link]
[dsw_lio_sam_imuPreintegration-3] [ERROR] [1784779623.240807318] [dsw_lio_sam_imuPreintegration]: Lookup would require extrapolation into the past.  Requested time 1594369167.527109 but the earliest data is at time 1594369172.652037, when looking up transform from frame [base_link] to frame [lidar_link]
[dsw_lio_sam_imuPreintegration-3] [ERROR] [1784779623.241311269] [dsw_lio_sam_imuPreintegration]: Lookup would require extrapolation into the past.  Requested time 1594369167.527109 but the earliest data is at time 1594369172.652037, when looking up transform from frame [base_link] to frame [lidar_link]
[dsw_lio_sam_imuPreintegration-3] [ERROR] [1784779623.339755888] [dsw_lio_sam_imuPreintegration]: Lookup would require extrapolation into the past.  Requested time 1594369167.527109 but the earliest data is at time 1594369172.652037, when looking up transform from frame [base_link] to frame [lidar_link]
[dsw_lio_sam_imuPreintegration-3] [ERROR] [1784779623.390462563] [dsw_lio_sam_imuPreintegration]: Lookup would require extrapolation into the past.  Requested time 1594369167.527109 but the earliest data is at time 1594369172.652037, when looking up transform from frame [base_link] to frame [lidar_link]
[dsw_lio_sam_imuPreintegration-3] [ERROR] [1784779623.390823254] [dsw_lio_sam_imuPreintegration]: Lookup would require extrapolation into the past.  Requested time 1594369167.527109 but the earliest data is at time 1594369172.652037, when looking up transform from frame [base_link] to frame [lidar_link]
[dsw_lio_sam_imuPreintegration-3] [ERROR] [1784779623.490330288] [dsw_lio_sam_imuPreintegration]: Lookup would require extrapolation into the past.  Requested time 1594369167.527109 but the earliest data is at time 1594369172.652037, when looking up transform from frame [base_link] to frame [lidar_link]
[dsw_lio_sam_imuPreintegration-3] [ERROR] [1784779623.539914611] [dsw_lio_sam_imuPreintegration]: Lookup would require extrapolation into the past.  Requested time 1594369167.527109 but the earliest data is at time 1594369172.652037, when looking up transform from frame [base_link] to frame [lidar_link]
[dsw_lio_sam_imuPreintegration-3] [ERROR] [1784779623.589549902] [dsw_lio_sam_imuPreintegration]: Lookup would require extrapolation into the past.  Requested time 1594369167.527109 but the earliest data is at time 1594369172.652037, when looking up transform from frame [base_link] to frame [lidar_link]
[dsw_lio_sam_imuPreintegration-3] [ERROR] [1784779623.639428959] [dsw_lio_sam_imuPreintegration]: Lookup would require extrapolation into the past.  Requested time 1594369167.527109 but the earliest data is at time 1594369172.652037, when looking up transform from frame [base_link] to frame [lidar_link]
[dsw_lio_sam_imuPreintegration-3] [ERROR] [1784779623.639887046] [dsw_lio_sam_imuPreintegration]: Lookup would require extrapolation into the past.  Requested time 1594369167.527109 but the earliest data is at time 1594369172.652037, when looking up transform from frame [base_link] to frame [lidar_link]
[dsw_lio_sam_imuPreintegration-3] [ERROR] [1784779623.691804037] [dsw_lio_sam_imuPreintegration]: Lookup would require extrapolation into the past.  Requested time 1594369167.527109 but the earliest data is at time 1594369172.652037, when looking up transform from frame [base_link] to frame [lidar_link]
[dsw_lio_sam_imuPreintegration-3] [ERROR] [1784779623.741853842] [dsw_lio_sam_imuPreintegration]: Lookup would require extrapolation into the past.  Requested time 1594369167.527109 but the earliest data is at time 1594369172.652037, when looking up transform from frame [base_link] to frame [lidar_link]
[dsw_lio_sam_imuPreintegration-3] [ERROR] [1784779623.790791360] [dsw_lio_sam_imuPreintegration]: Lookup would require extrapolation into the past.  Requested time 1594369167.527109 but the earliest data is at time 1594369172.652037, when looking up transform from frame [base_link] to frame [lidar_link]
[dsw_lio_sam_imuPreintegration-3] [ERROR] [1784779623.842447741] [dsw_lio_sam_imuPreintegration]: Lookup would require extrapolation into the past.  Requested time 1594369167.527109 but the earliest data is at time 1594369172.652037, when looking up transform from frame [base_link] to frame [lidar_link]
[dsw_lio_sam_imuPreintegration-3] [ERROR] [1784779623.890525102] [dsw_lio_sam_imuPreintegration]: Lookup would require extrapolation into the past.  Requested time 1594369167.527109 but the earliest data is at time 1594369172.652037, when looking up transform from frame [base_link] to frame [lidar_link]
[dsw_lio_sam_imuPreintegration-3] [ERROR] [1784779623.940359398] [dsw_lio_sam_imuPreintegration]: Lookup would require extrapolation into the past.  Requested time 1594369171.427720 but the earliest data is at time 1594369172.652037, when looking up transform from frame [base_link] to frame [lidar_link]
[dsw_lio_sam_imuPreintegration-3] [ERROR] [1784779623.991789890] [dsw_lio_sam_imuPreintegration]: Lookup would require extrapolation into the past.  Requested time 1594369171.427720 but the earliest data is at time 1594369172.652037, when looking up transform from frame [base_link] to frame [lidar_link]
[dsw_lio_sam_imuPreintegration-3] [ERROR] [1784779624.091264567] [dsw_lio_sam_imuPreintegration]: Lookup would require extrapolation into the past.  Requested time 1594369171.427720 but the earliest data is at time 1594369172.652037, when looking up transform from frame [base_link] to frame [lidar_link]
[dsw_lio_sam_imuPreintegration-3] [ERROR] [1784779624.091772125] [dsw_lio_sam_imuPreintegration]: Lookup would require extrapolation into the past.  Requested time 1594369171.427720 but the earliest data is at time 1594369172.652037, when looking up transform from frame [base_link] to frame [lidar_link]
[dsw_lio_sam_imuPreintegration-3] [ERROR] [1784779624.190219127] [dsw_lio_sam_imuPreintegration]: Lookup would require extrapolation into the past.  Requested time 1594369171.427720 but the earliest data is at time 1594369172.652037, when looking up transform from frame [base_link] to frame [lidar_link]
[dsw_lio_sam_imuPreintegration-3] [ERROR] [1784779624.190636969] [dsw_lio_sam_imuPreintegration]: Lookup would require extrapolation into the past.  Requested time 1594369171.427720 but the earliest data is at time 1594369172.652037, when looking up transform from frame [base_link] to frame [lidar_link]
[dsw_lio_sam_imuPreintegration-3] [ERROR] [1784779624.290092421] [dsw_lio_sam_imuPreintegration]: Lookup would require extrapolation into the past.  Requested time 1594369171.427720 but the earliest data is at time 1594369172.652037, when looking up transform from frame [base_link] to frame [lidar_link]
[dsw_lio_sam_imuPreintegration-3] [ERROR] [1784779624.290560874] [dsw_lio_sam_imuPreintegration]: Lookup would require extrapolation into the past.  Requested time 1594369171.427720 but the earliest data is at time 1594369172.652037, when looking up transform from frame [base_link] to frame [lidar_link]
[dsw_lio_sam_imuPreintegration-3] [ERROR] [1784779624.389446638] [dsw_lio_sam_imuPreintegration]: Lookup would require extrapolation into the past.  Requested time 1594369171.427720 but the earliest data is at time 1594369172.652037, when looking up transform from frame [base_link] to frame [lidar_link]
[dsw_lio_sam_imuPreintegration-3] [ERROR] [1784779624.389948588] [dsw_lio_sam_imuPreintegration]: Lookup would require extrapolation into the past.  Requested time 1594369171.427720 but the earliest data is at time 1594369172.652037, when looking up transform from frame [base_link] to frame [lidar_link]
[dsw_lio_sam_imuPreintegration-3] [ERROR] [1784779624.441171628] [dsw_lio_sam_imuPreintegration]: Lookup would require extrapolation into the past.  Requested time 1594369171.427720 but the earliest data is at time 1594369172.652037, when looking up transform from frame [base_link] to frame [lidar_link]
[dsw_lio_sam_imuPreintegration-3] [ERROR] [1784779624.491330873] [dsw_lio_sam_imuPreintegration]: Lookup would require extrapolation into the past.  Requested time 1594369171.427720 but the earliest data is at time 1594369172.652037, when looking up transform from frame [base_link] to frame [lidar_link]
[dsw_lio_sam_imuPreintegration-3] [ERROR] [1784779624.540128369] [dsw_lio_sam_imuPreintegration]: Lookup would require extrapolation into the past.  Requested time 1594369171.427720 but the earliest data is at time 1594369172.652037, when looking up transform from frame [base_link] to frame [lidar_link]
[dsw_lio_sam_imuPreintegration-3] [ERROR] [1784779624.590988701] [dsw_lio_sam_imuPreintegration]: Lookup would require extrapolation into the past.  Requested time 1594369171.427720 but the earliest data is at time 1594369172.652037, when looking up transform from frame [base_link] to frame [lidar_link]
[dsw_lio_sam_imuPreintegration-3] [ERROR] [1784779624.640096704] [dsw_lio_sam_imuPreintegration]: Lookup would require extrapolation into the past.  Requested time 1594369171.427720 but the earliest data is at time 1594369172.652037, when looking up transform from frame [base_link] to frame [lidar_link]
[dsw_lio_sam_imuPreintegration-3] [ERROR] [1784779624.743893560] [dsw_lio_sam_imuPreintegration]: Lookup would require extrapolation into the past.  Requested time 1594369171.427720 but the earliest data is at time 1594369172.652037, when looking up transform from frame [base_link] to frame [lidar_link]
[dsw_lio_sam_imuPreintegration-3] [ERROR] [1784779624.791468086] [dsw_lio_sam_imuPreintegration]: Lookup would require extrapolation into the past.  Requested time 1594369171.427720 but the earliest data is at time 1594369172.652037, when looking up transform from frame [base_link] to frame [lidar_link]
[dsw_lio_sam_imuPreintegration-3] [ERROR] [1784779624.841298657] [dsw_lio_sam_imuPreintegration]: Lookup would require extrapolation into the past.  Requested time 1594369171.427720 but the earliest data is at time 1594369172.652037, when looking up transform from frame [base_link] to frame [lidar_link]
[dsw_lio_sam_imuPreintegration-3] [ERROR] [1784779624.841750414] [dsw_lio_sam_imuPreintegration]: Lookup would require extrapolation into the past.  Requested time 1594369171.427720 but the earliest data is at time 1594369172.652037, when looking up transform from frame [base_link] to frame [lidar_link]
[dsw_lio_sam_imuPreintegration-3] [ERROR] [1784779624.890973426] [dsw_lio_sam_imuPreintegration]: Lookup would require extrapolation into the past.  Requested time 1594369171.427720 but the earliest data is at time 1594369172.652037, when looking up transform from frame [base_link] to frame [lidar_link]
[dsw_lio_sam_imuPreintegration-3] [ERROR] [1784779624.939533241] [dsw_lio_sam_imuPreintegration]: Lookup would require extrapolation into the past.  Requested time 1594369171.427720 but the earliest data is at time 1594369172.652037, when looking up transform from frame [base_link] to frame [lidar_link]
[dsw_lio_sam_imuPreintegration-3] [ERROR] [1784779624.991340260] [dsw_lio_sam_imuPreintegration]: Lookup would require extrapolation into the past.  Requested time 1594369171.427720 but the earliest data is at time 1594369172.652037, when looking up transform from frame [base_link] to frame [lidar_link]
[dsw_lio_sam_imuPreintegration-3] [ERROR] [1784779625.040012392] [dsw_lio_sam_imuPreintegration]: Lookup would require extrapolation into the past.  Requested time 1594369171.427720 but the earliest data is at time 1594369172.652037, when looking up transform from frame [base_link] to frame [lidar_link]
[dsw_lio_sam_imuPreintegration-3] [ERROR] [1784779625.090854337] [dsw_lio_sam_imuPreintegration]: Lookup would require extrapolation into the past.  Requested time 1594369171.726864 but the earliest data is at time 1594369172.652037, when looking up transform from frame [base_link] to frame [lidar_link]
[dsw_lio_sam_imuPreintegration-3] [ERROR] [1784779625.140616873] [dsw_lio_sam_imuPreintegration]: Lookup would require extrapolation into the past.  Requested time 1594369171.726864 but the earliest data is at time 1594369172.652037, when looking up transform from frame [base_link] to frame [lidar_link]
[dsw_lio_sam_imuPreintegration-3] [ERROR] [1784779625.240539667] [dsw_lio_sam_imuPreintegration]: Lookup would require extrapolation into the past.  Requested time 1594369171.726864 but the earliest data is at time 1594369172.652037, when looking up transform from frame [base_link] to frame [lidar_link]
[dsw_lio_sam_imuPreintegration-3] [ERROR] [1784779625.241046039] [dsw_lio_sam_imuPreintegration]: Lookup would require extrapolation into the past.  Requested time 1594369171.726864 but the earliest data is at time 1594369172.652037, when looking up transform from frame [base_link] to frame [lidar_link]
[dsw_lio_sam_imuPreintegration-3] [ERROR] [1784779625.341024963] [dsw_lio_sam_imuPreintegration]: Lookup would require extrapolation into the past.  Requested time 1594369171.726864 but the earliest data is at time 1594369172.652037, when looking up transform from frame [base_link] to frame [lidar_link]
[dsw_lio_sam_imuPreintegration-3] [ERROR] [1784779625.390892875] [dsw_lio_sam_imuPreintegration]: Lookup would require extrapolation into the past.  Requested time 1594369171.726864 but the earliest data is at time 1594369172.652037, when looking up transform from frame [base_link] to frame [lidar_link]
[dsw_lio_sam_imuPreintegration-3] [ERROR] [1784779625.391483568] [dsw_lio_sam_imuPreintegration]: Lookup would require extrapolation into the past.  Requested time 1594369171.726864 but the earliest data is at time 1594369172.652037, when looking up transform from frame [base_link] to frame [lidar_link]
[dsw_lio_sam_imuPreintegration-3] [ERROR] [1784779625.439828895] [dsw_lio_sam_imuPreintegration]: Lookup would require extrapolation into the past.  Requested time 1594369171.726864 but the earliest data is at time 1594369172.652037, when looking up transform from frame [base_link] to frame [lidar_link]
[dsw_lio_sam_imuPreintegration-3] [ERROR] [1784779625.490571929] [dsw_lio_sam_imuPreintegration]: Lookup would require extrapolation into the past.  Requested time 1594369171.726864 but the earliest data is at time 1594369172.652037, when looking up transform from frame [base_link] to frame [lidar_link]
[dsw_lio_sam_imuPreintegration-3] [ERROR] [1784779625.540289658] [dsw_lio_sam_imuPreintegration]: Lookup would require extrapolation into the past.  Requested time 1594369171.726864 but the earliest data is at time 1594369172.652037, when looking up transform from frame [base_link] to frame [lidar_link]
[dsw_lio_sam_imuPreintegration-3] [ERROR] [1784779625.640602799] [dsw_lio_sam_imuPreintegration]: Lookup would require extrapolation into the past.  Requested time 1594369171.726864 but the earliest data is at time 1594369172.652037, when looking up transform from frame [base_link] to frame [lidar_link]
[dsw_lio_sam_imuPreintegration-3] [ERROR] [1784779625.641194777] [dsw_lio_sam_imuPreintegration]: Lookup would require extrapolation into the past.  Requested time 1594369171.726864 but the earliest data is at time 1594369172.652037, when looking up transform from frame [base_link] to frame [lidar_link]
[dsw_lio_sam_imuPreintegration-3] [ERROR] [1784779625.689536326] [dsw_lio_sam_imuPreintegration]: Lookup would require extrapolation into the past.  Requested time 1594369171.726864 but the earliest data is at time 1594369172.652037, when looking up transform from frame [base_link] to frame [lidar_link]
[dsw_lio_sam_imuPreintegration-3] [ERROR] [1784779625.740845373] [dsw_lio_sam_imuPreintegration]: Lookup would require extrapolation into the past.  Requested time 1594369171.726864 but the earliest data is at time 1594369172.652037, when looking up transform from frame [base_link] to frame [lidar_link]
[dsw_lio_sam_imuPreintegration-3] [ERROR] [1784779625.792526945] [dsw_lio_sam_imuPreintegration]: Lookup would require extrapolation into the past.  Requested time 1594369171.726864 but the earliest data is at time 1594369172.652037, when looking up transform from frame [base_link] to frame [lidar_link]
[dsw_lio_sam_imuPreintegration-3] [ERROR] [1784779625.890449056] [dsw_lio_sam_imuPreintegration]: Lookup would require extrapolation into the past.  Requested time 1594369171.726864 but the earliest data is at time 1594369172.652037, when looking up transform from frame [base_link] to frame [lidar_link]
[dsw_lio_sam_imuPreintegration-3] [ERROR] [1784779625.941104688] [dsw_lio_sam_imuPreintegration]: Lookup would require extrapolation into the past.  Requested time 1594369171.726864 but the earliest data is at time 1594369172.652037, when looking up transform from frame [base_link] to frame [lidar_link]
[dsw_lio_sam_imuPreintegration-3] [ERROR] [1784779625.990658379] [dsw_lio_sam_imuPreintegration]: Lookup would require extrapolation into the past.  Requested time 1594369171.726864 but the earliest data is at time 1594369172.652037, when looking up transform from frame [base_link] to frame [lidar_link]
[dsw_lio_sam_imuPreintegration-3] [ERROR] [1784779625.991215170] [dsw_lio_sam_imuPreintegration]: Lookup would require extrapolation into the past.  Requested time 1594369171.726864 but the earliest data is at time 1594369172.652037, when looking up transform from frame [base_link] to frame [lidar_link]
[dsw_lio_sam_imuPreintegration-3] [ERROR] [1784779626.041588820] [dsw_lio_sam_imuPreintegration]: Lookup would require extrapolation into the past.  Requested time 1594369171.726864 but the earliest data is at time 1594369172.652037, when looking up transform from frame [base_link] to frame [lidar_link]
[dsw_lio_sam_imuPreintegration-3] [ERROR] [1784779626.090296039] [dsw_lio_sam_imuPreintegration]: Lookup would require extrapolation into the past.  Requested time 1594369171.726864 but the earliest data is at time 1594369172.652037, when looking up transform from frame [base_link] to frame [lidar_link]
[dsw_lio_sam_imuPreintegration-3] [ERROR] [1784779626.140664248] [dsw_lio_sam_imuPreintegration]: Lookup would require extrapolation into the past.  Requested time 1594369171.726864 but the earliest data is at time 1594369172.652037, when looking up transform from frame [base_link] to frame [lidar_link]
[dsw_lio_sam_imuPreintegration-3] [ERROR] [1784779626.190488418] [dsw_lio_sam_imuPreintegration]: Lookup would require extrapolation into the past.  Requested time 1594369171.726864 but the earliest data is at time 1594369172.652037, when looking up transform from frame [base_link] to frame [lidar_link]
[dsw_lio_sam_imuPreintegration-3] [ERROR] [1784779626.240532939] [dsw_lio_sam_imuPreintegration]: Lookup would require extrapolation into the past.  Requested time 1594369171.726864 but the earliest data is at time 1594369172.652037, when looking up transform from frame [base_link] to frame [lidar_link]
[dsw_lio_sam_imuPreintegration-3] [ERROR] [1784779626.290801389] [dsw_lio_sam_imuPreintegration]: Lookup would require extrapolation into the past.  Requested time 1594369171.726864 but the earliest data is at time 1594369172.652037, when looking up transform from frame [base_link] to frame [lidar_link]
[dsw_lio_sam_imuPreintegration-3] [ERROR] [1784779626.390531225] [dsw_lio_sam_imuPreintegration]: Lookup would require extrapolation into the past.  Requested time 1594369171.726864 but the earliest data is at time 1594369172.652037, when looking up transform from frame [base_link] to frame [lidar_link]
[dsw_lio_sam_imuPreintegration-3] [ERROR] [1784779626.391065722] [dsw_lio_sam_imuPreintegration]: Lookup would require extrapolation into the past.  Requested time 1594369171.726864 but the earliest data is at time 1594369172.652037, when looking up transform from frame [base_link] to frame [lidar_link]
[dsw_lio_sam_imuPreintegration-3] [ERROR] [1784779626.441515660] [dsw_lio_sam_imuPreintegration]: Lookup would require extrapolation into the past.  Requested time 1594369171.726864 but the earliest data is at time 1594369172.652037, when looking up transform from frame [base_link] to frame [lidar_link]
[dsw_lio_sam_imuPreintegration-3] [ERROR] [1784779626.490896828] [dsw_lio_sam_imuPreintegration]: Lookup would require extrapolation into the past.  Requested time 1594369171.726864 but the earliest data is at time 1594369172.652037, when looking up transform from frame [base_link] to frame [lidar_link]
[dsw_lio_sam_imuPreintegration-3] [ERROR] [1784779626.540827421] [dsw_lio_sam_imuPreintegration]: Lookup would require extrapolation into the past.  Requested time 1594369171.726864 but the earliest data is at time 1594369172.652037, when looking up transform from frame [base_link] to frame [lidar_link]
[dsw_lio_sam_imuPreintegration-3] [ERROR] [1784779626.590441299] [dsw_lio_sam_imuPreintegration]: Lookup would require extrapolation into the past.  Requested time 1594369171.726864 but the earliest data is at time 1594369172.652037, when looking up transform from frame [base_link] to frame [lidar_link]
[dsw_lio_sam_imuPreintegration-3] [ERROR] [1784779626.642008976] [dsw_lio_sam_imuPreintegration]: Lookup would require extrapolation into the past.  Requested time 1594369171.726864 but the earliest data is at time 1594369172.652037, when looking up transform from frame [base_link] to frame [lidar_link]
[dsw_lio_sam_imuPreintegration-3] [ERROR] [1784779626.690470806] [dsw_lio_sam_imuPreintegration]: Lookup would require extrapolation into the past.  Requested time 1594369171.726864 but the earliest data is at time 1594369172.652037, when looking up transform from frame [base_link] to frame [lidar_link]
[dsw_lio_sam_imuPreintegration-3] [ERROR] [1784779626.740355043] [dsw_lio_sam_imuPreintegration]: Lookup would require extrapolation into the past.  Requested time 1594369171.726864 but the earliest data is at time 1594369172.652037, when looking up transform from frame [base_link] to frame [lidar_link]
[dsw_lio_sam_imuPreintegration-3] [ERROR] [1784779626.793210068] [dsw_lio_sam_imuPreintegration]: Lookup would require extrapolation into the past.  Requested time 1594369171.726864 but the earliest data is at time 1594369172.652037, when looking up transform from frame [base_link] to frame [lidar_link]
[dsw_lio_sam_imuPreintegration-3] [ERROR] [1784779626.890623630] [dsw_lio_sam_imuPreintegration]: Lookup would require extrapolation into the past.  Requested time 1594369171.726864 but the earliest data is at time 1594369172.652037, when looking up transform from frame [base_link] to frame [lidar_link]
[dsw_lio_sam_imuPreintegration-3] [ERROR] [1784779626.891033376] [dsw_lio_sam_imuPreintegration]: Lookup would require extrapolation into the past.  Requested time 1594369171.726864 but the earliest data is at time 1594369172.652037, when looking up transform from frame [base_link] to frame [lidar_link]
[dsw_lio_sam_imuPreintegration-3] [ERROR] [1784779626.972452217] [dsw_lio_sam_imuPreintegration]: Lookup would require extrapolation into the past.  Requested time 1594369172.128739 but the earliest data is at time 1594369172.652037, when looking up transform from frame [base_link] to frame [lidar_link]
[dsw_lio_sam_imuPreintegration-3] [ERROR] [1784779626.990495959] [dsw_lio_sam_imuPreintegration]: Lookup would require extrapolation into the past.  Requested time 1594369172.128739 but the earliest data is at time 1594369172.652037, when looking up transform from frame [base_link] to frame [lidar_link]
[dsw_lio_sam_imuPreintegration-3] [ERROR] [1784779627.039585037] [dsw_lio_sam_imuPreintegration]: Lookup would require extrapolation into the past.  Requested time 1594369172.128739 but the earliest data is at time 1594369172.652037, when looking up transform from frame [base_link] to frame [lidar_link]
[dsw_lio_sam_imuPreintegration-3] [ERROR] [1784779627.141347182] [dsw_lio_sam_imuPreintegration]: Lookup would require extrapolation into the past.  Requested time 1594369172.128739 but the earliest data is at time 1594369172.652037, when looking up transform from frame [base_link] to frame [lidar_link]
[dsw_lio_sam_imuPreintegration-3] [ERROR] [1784779627.189622148] [dsw_lio_sam_imuPreintegration]: Lookup would require extrapolation into the past.  Requested time 1594369172.128739 but the earliest data is at time 1594369172.652037, when looking up transform from frame [base_link] to frame [lidar_link]
[dsw_lio_sam_imuPreintegration-3] [ERROR] [1784779627.242357322] [dsw_lio_sam_imuPreintegration]: Lookup would require extrapolation into the past.  Requested time 1594369172.128739 but the earliest data is at time 1594369172.652037, when looking up transform from frame [base_link] to frame [lidar_link]
[dsw_lio_sam_imuPreintegration-3] [ERROR] [1784779627.242667497] [dsw_lio_sam_imuPreintegration]: Lookup would require extrapolation into the past.  Requested time 1594369172.128739 but the earliest data is at time 1594369172.652037, when looking up transform from frame [base_link] to frame [lidar_link]
[dsw_lio_sam_imuPreintegration-3] [ERROR] [1784779627.290551332] [dsw_lio_sam_imuPreintegration]: Lookup would require extrapolation into the past.  Requested time 1594369172.128739 but the earliest data is at time 1594369172.652037, when looking up transform from frame [base_link] to frame [lidar_link]
[dsw_lio_sam_imuPreintegration-3] [ERROR] [1784779627.389842807] [dsw_lio_sam_imuPreintegration]: Lookup would require extrapolation into the past.  Requested time 1594369172.128739 but the earliest data is at time 1594369172.652037, when looking up transform from frame [base_link] to frame [lidar_link]
[dsw_lio_sam_imuPreintegration-3] [ERROR] [1784779627.390289308] [dsw_lio_sam_imuPreintegration]: Lookup would require extrapolation into the past.  Requested time 1594369172.128739 but the earliest data is at time 1594369172.652037, when looking up transform from frame [base_link] to frame [lidar_link]
[dsw_lio_sam_imuPreintegration-3] [ERROR] [1784779627.441366846] [dsw_lio_sam_imuPreintegration]: Lookup would require extrapolation into the past.  Requested time 1594369172.128739 but the earliest data is at time 1594369172.652037, when looking up transform from frame [base_link] to frame [lidar_link]
[dsw_lio_sam_imuPreintegration-3] [ERROR] [1784779627.540932507] [dsw_lio_sam_imuPreintegration]: Lookup would require extrapolation into the past.  Requested time 1594369172.128739 but the earliest data is at time 1594369172.652037, when looking up transform from frame [base_link] to frame [lidar_link]
[dsw_lio_sam_imuPreintegration-3] [ERROR] [1784779627.590641609] [dsw_lio_sam_imuPreintegration]: Lookup would require extrapolation into the past.  Requested time 1594369172.128739 but the earliest data is at time 1594369172.652037, when looking up transform from frame [base_link] to frame [lidar_link]
[dsw_lio_sam_imuPreintegration-3] [ERROR] [1784779627.640328043] [dsw_lio_sam_imuPreintegration]: Lookup would require extrapolation into the past.  Requested time 1594369172.128739 but the earliest data is at time 1594369172.652037, when looking up transform from frame [base_link] to frame [lidar_link]
[dsw_lio_sam_imuPreintegration-3] [ERROR] [1784779627.689467922] [dsw_lio_sam_imuPreintegration]: Lookup would require extrapolation into the past.  Requested time 1594369172.128739 but the earliest data is at time 1594369172.652037, when looking up transform from frame [base_link] to frame [lidar_link]
[dsw_lio_sam_imuPreintegration-3] [ERROR] [1784779627.690063064] [dsw_lio_sam_imuPreintegration]: Lookup would require extrapolation into the past.  Requested time 1594369172.128739 but the earliest data is at time 1594369172.652037, when looking up transform from frame [base_link] to frame [lidar_link]
[dsw_lio_sam_imuPreintegration-3] [ERROR] [1784779627.790373399] [dsw_lio_sam_imuPreintegration]: Lookup would require extrapolation into the past.  Requested time 1594369172.128739 but the earliest data is at time 1594369172.652037, when looking up transform from frame [base_link] to frame [lidar_link]
[dsw_lio_sam_imuPreintegration-3] [ERROR] [1784779627.790804568] [dsw_lio_sam_imuPreintegration]: Lookup would require extrapolation into the past.  Requested time 1594369172.128739 but the earliest data is at time 1594369172.652037, when looking up transform from frame [base_link] to frame [lidar_link]
[dsw_lio_sam_imuPreintegration-3] [ERROR] [1784779627.841672429] [dsw_lio_sam_imuPreintegration]: Lookup would require extrapolation into the past.  Requested time 1594369172.128739 but the earliest data is at time 1594369172.652037, when looking up transform from frame [base_link] to frame [lidar_link]
[dsw_lio_sam_imuPreintegration-3] [ERROR] [1784779627.890916371] [dsw_lio_sam_imuPreintegration]: Lookup would require extrapolation into the past.  Requested time 1594369172.128739 but the earliest data is at time 1594369172.652037, when looking up transform from frame [base_link] to frame [lidar_link]
[dsw_lio_sam_imuPreintegration-3] [ERROR] [1784779627.941909114] [dsw_lio_sam_imuPreintegration]: Lookup would require extrapolation into the past.  Requested time 1594369172.128739 but the earliest data is at time 1594369172.652037, when looking up transform from frame [base_link] to frame [lidar_link]
[dsw_lio_sam_imuPreintegration-3] [ERROR] [1784779628.040839040] [dsw_lio_sam_imuPreintegration]: Lookup would require extrapolation into the past.  Requested time 1594369172.128739 but the earliest data is at time 1594369172.652037, when looking up transform from frame [base_link] to frame [lidar_link]
[dsw_lio_sam_imuPreintegration-3] [ERROR] [1784779628.041348615] [dsw_lio_sam_imuPreintegration]: Lookup would require extrapolation into the past.  Requested time 1594369172.128739 but the earliest data is at time 1594369172.652037, when looking up transform from frame [base_link] to frame [lidar_link]
[dsw_lio_sam_imuPreintegration-3] [ERROR] [1784779628.091751998] [dsw_lio_sam_imuPreintegration]: Lookup would require extrapolation into the past.  Requested time 1594369172.128739 but the earliest data is at time 1594369172.652037, when looking up transform from frame [base_link] to frame [lidar_link]
[dsw_lio_sam_imuPreintegration-3] [ERROR] [1784779628.190160842] [dsw_lio_sam_imuPreintegration]: Lookup would require extrapolation into the past.  Requested time 1594369172.128739 but the earliest data is at time 1594369172.652037, when looking up transform from frame [base_link] to frame [lidar_link]
[dsw_lio_sam_imuPreintegration-3] [ERROR] [1784779628.190640844] [dsw_lio_sam_imuPreintegration]: Lookup would require extrapolation into the past.  Requested time 1594369172.128739 but the earliest data is at time 1594369172.652037, when looking up transform from frame [base_link] to frame [lidar_link]
[dsw_lio_sam_imuPreintegration-3] [ERROR] [1784779628.240250087] [dsw_lio_sam_imuPreintegration]: Lookup would require extrapolation into the past.  Requested time 1594369172.128739 but the earliest data is at time 1594369172.652037, when looking up transform from frame [base_link] to frame [lidar_link]
[dsw_lio_sam_imuPreintegration-3] [ERROR] [1784779628.291414715] [dsw_lio_sam_imuPreintegration]: Lookup would require extrapolation into the past.  Requested time 1594369172.128739 but the earliest data is at time 1594369172.652037, when looking up transform from frame [base_link] to frame [lidar_link]
[dsw_lio_sam_imuPreintegration-3] [ERROR] [1784779628.342616938] [dsw_lio_sam_imuPreintegration]: Lookup would require extrapolation into the past.  Requested time 1594369172.128739 but the earliest data is at time 1594369172.652037, when looking up transform from frame [base_link] to frame [lidar_link]
[dsw_lio_sam_imuPreintegration-3] [ERROR] [1784779628.390687795] [dsw_lio_sam_imuPreintegration]: Lookup would require extrapolation into the past.  Requested time 1594369172.128739 but the earliest data is at time 1594369172.652037, when looking up transform from frame [base_link] to frame [lidar_link]
[dsw_lio_sam_imuPreintegration-3] [ERROR] [1784779628.441206539] [dsw_lio_sam_imuPreintegration]: Lookup would require extrapolation into the past.  Requested time 1594369172.128739 but the earliest data is at time 1594369172.652037, when looking up transform from frame [base_link] to frame [lidar_link]
[dsw_lio_sam_imuPreintegration-3] [ERROR] [1784779628.490681240] [dsw_lio_sam_imuPreintegration]: Lookup would require extrapolation into the past.  Requested time 1594369172.128739 but the earliest data is at time 1594369172.652037, when looking up transform from frame [base_link] to frame [lidar_link]
[dsw_lio_sam_imuPreintegration-3] [ERROR] [1784779628.540538589] [dsw_lio_sam_imuPreintegration]: Lookup would require extrapolation into the past.  Requested time 1594369172.128739 but the earliest data is at time 1594369172.652037, when looking up transform from frame [base_link] to frame [lidar_link]
[dsw_lio_sam_imuPreintegration-3] [ERROR] [1784779628.591150088] [dsw_lio_sam_imuPreintegration]: Lookup would require extrapolation into the past.  Requested time 1594369172.128739 but the earliest data is at time 1594369172.652037, when looking up transform from frame [base_link] to frame [lidar_link]
[dsw_lio_sam_imuPreintegration-3] [ERROR] [1784779628.641128425] [dsw_lio_sam_imuPreintegration]: Lookup would require extrapolation into the past.  Requested time 1594369172.128739 but the earliest data is at time 1594369172.652037, when looking up transform from frame [base_link] to frame [lidar_link]
[dsw_lio_sam_imuPreintegration-3] [ERROR] [1784779628.740518085] [dsw_lio_sam_imuPreintegration]: Lookup would require extrapolation into the past.  Requested time 1594369172.128739 but the earliest data is at time 1594369172.652037, when looking up transform from frame [base_link] to frame [lidar_link]
[dsw_lio_sam_imuPreintegration-3] [ERROR] [1784779628.741008041] [dsw_lio_sam_imuPreintegration]: Lookup would require extrapolation into the past.  Requested time 1594369172.128739 but the earliest data is at time 1594369172.652037, when looking up transform from frame [base_link] to frame [lidar_link]
[dsw_lio_sam_imuPreintegration-3] [ERROR] [1784779628.790464382] [dsw_lio_sam_imuPreintegration]: Lookup would require extrapolation into the past.  Requested time 1594369172.128739 but the earliest data is at time 1594369172.652037, when looking up transform from frame [base_link] to frame [lidar_link]
[dsw_lio_sam_imuPreintegration-3] [ERROR] [1784779628.890266985] [dsw_lio_sam_imuPreintegration]: Lookup would require extrapolation into the past.  Requested time 1594369172.128739 but the earliest data is at time 1594369172.652037, when looking up transform from frame [base_link] to frame [lidar_link]
[dsw_lio_sam_imuPreintegration-3] [ERROR] [1784779628.890727709] [dsw_lio_sam_imuPreintegration]: Lookup would require extrapolation into the past.  Requested time 1594369172.128739 but the earliest data is at time 1594369172.652037, when looking up transform from frame [base_link] to frame [lidar_link]
[dsw_lio_sam_imuPreintegration-3] [WARN] [1784779630.184650459] [dsw_lio_sam_imuPreintegration]: Large velocity, reset IMU-preintegration!
[dsw_lio_sam_featureExtraction-5] [WARN] [1784779631.677913452] [dsw_lio_sam_featureExtraction]: Waiting for deskewed point cloud on /dsw_lio_sam/deskew/cloud_deskewed
[dsw_lio_sam_featureExtraction-5] [WARN] [1784779644.619066293] [dsw_lio_sam_featureExtraction]: Waiting for deskewed point cloud on /dsw_lio_sam/deskew/cloud_deskewed
[dsw_lio_sam_imuPreintegration-3] [WARN] [1784779645.192040743] [dsw_lio_sam_imuPreintegration]: IMU orientation not available (6-axis IMU), using identity quaternion.
[dsw_lio_sam_imageProjection-4] [WARN] [1784779645.192045502] [dsw_lio_sam_imageProjection]: IMU orientation not available (6-axis IMU), using identity quaternion.
[dsw_lio_sam_imuPreintegration-3] [WARN] [1784779646.831427190] [dsw_lio_sam_imuPreintegration]: Large velocity, reset IMU-preintegration!
[dsw_lio_sam_featureExtraction-5] [WARN] [1784779655.610215992] [dsw_lio_sam_featureExtraction]: Waiting for deskewed point cloud on /dsw_lio_sam/deskew/cloud_deskewed
[dsw_lio_sam_imuPreintegration-3] [WARN] [1784779659.705917958] [dsw_lio_sam_imuPreintegration]: Large velocity, reset IMU-preintegration!
[dsw_lio_sam_imuPreintegration-3] [WARN] [1784779662.448986812] [dsw_lio_sam_imuPreintegration]: Large velocity, reset IMU-preintegration!
[dsw_lio_sam_imuPreintegration-3] [WARN] [1784779670.196059548] [dsw_lio_sam_imuPreintegration]: IMU orientation not available (6-axis IMU), using identity quaternion.
[dsw_lio_sam_imageProjection-4] [WARN] [1784779670.196124666] [dsw_lio_sam_imageProjection]: IMU orientation not available (6-axis IMU), using identity quaternion.
[dsw_lio_sam_imuPreintegration-3] [WARN] [1784779673.263486354] [dsw_lio_sam_imuPreintegration]: Large velocity, reset IMU-preintegration!
[dsw_lio_sam_imuPreintegration-3] [WARN] [1784779674.443349082] [dsw_lio_sam_imuPreintegration]: Large velocity, reset IMU-preintegration!
[dsw_lio_sam_featureExtraction-5] [WARN] [1784779676.119325304] [dsw_lio_sam_featureExtraction]: Waiting for deskewed point cloud on /dsw_lio_sam/deskew/cloud_deskewed
[dsw_lio_sam_imuPreintegration-3] [WARN] [1784779684.971676149] [dsw_lio_sam_imuPreintegration]: Large velocity, reset IMU-preintegration!
[dsw_lio_sam_featureExtraction-5] [WARN] [1784779686.628522850] [dsw_lio_sam_featureExtraction]: Waiting for deskewed point cloud on /dsw_lio_sam/deskew/cloud_deskewed
[dsw_lio_sam_imuPreintegration-3] [WARN] [1784779690.098780021] [dsw_lio_sam_imuPreintegration]: Large velocity, reset IMU-preintegration!
[dsw_lio_sam_imageProjection-4] [WARN] [1784779695.247097994] [dsw_lio_sam_imageProjection]: IMU orientation not available (6-axis IMU), using identity quaternion.
[dsw_lio_sam_imuPreintegration-3] [WARN] [1784779695.247252447] [dsw_lio_sam_imuPreintegration]: IMU orientation not available (6-axis IMU), using identity quaternion.
[dsw_lio_sam_featureExtraction-5] [WARN] [1784779696.652168807] [dsw_lio_sam_featureExtraction]: Waiting for deskewed point cloud on /dsw_lio_sam/deskew/cloud_deskewed
[dsw_lio_sam_imuPreintegration-3] [WARN] [1784779702.208932244] [dsw_lio_sam_imuPreintegration]: Large velocity, reset IMU-preintegration!
[dsw_lio_sam_imuPreintegration-3] [WARN] [1784779704.325655673] [dsw_lio_sam_imuPreintegration]: Large velocity, reset IMU-preintegration!
[dsw_lio_sam_featureExtraction-5] [WARN] [1784779707.178955529] [dsw_lio_sam_featureExtraction]: Waiting for deskewed point cloud on /dsw_lio_sam/deskew/cloud_deskewed
[dsw_lio_sam_imuPreintegration-3] [WARN] [1784779707.410678677] [dsw_lio_sam_imuPreintegration]: Large velocity, reset IMU-preintegration!
[dsw_lio_sam_imuPreintegration-3] [WARN] [1784779716.949323614] [dsw_lio_sam_imuPreintegration]: Large velocity, reset IMU-preintegration!
[dsw_lio_sam_imuPreintegration-3] [WARN] [1784779717.946396291] [dsw_lio_sam_imuPreintegration]: Large velocity, reset IMU-preintegration!
[dsw_lio_sam_featureExtraction-5] [WARN] [1784779718.163462299] [dsw_lio_sam_featureExtraction]: Waiting for deskewed point cloud on /dsw_lio_sam/deskew/cloud_deskewed
[dsw_lio_sam_imageProjection-4] [WARN] [1784779720.252327095] [dsw_lio_sam_imageProjection]: IMU orientation not available (6-axis IMU), using identity quaternion.
[dsw_lio_sam_imuPreintegration-3] [WARN] [1784779720.252381334] [dsw_lio_sam_imuPreintegration]: IMU orientation not available (6-axis IMU), using identity quaternion.
[dsw_lio_sam_imuPreintegration-3] [WARN] [1784779730.185774866] [dsw_lio_sam_imuPreintegration]: Large velocity, reset IMU-preintegration!
[dsw_lio_sam_featureExtraction-5] [WARN] [1784779732.114932164] [dsw_lio_sam_featureExtraction]: Waiting for deskewed point cloud on /dsw_lio_sam/deskew/cloud_deskewed
[dsw_lio_sam_featureExtraction-5] [WARN] [1784779743.687204397] [dsw_lio_sam_featureExtraction]: Waiting for deskewed point cloud on /dsw_lio_sam/deskew/cloud_deskewed
[dsw_lio_sam_imuPreintegration-3] [WARN] [1784779744.948434816] [dsw_lio_sam_imuPreintegration]: Large velocity, reset IMU-preintegration!
[dsw_lio_sam_imuPreintegration-3] [WARN] [1784779745.305174297] [dsw_lio_sam_imuPreintegration]: IMU orientation not available (6-axis IMU), using identity quaternion.
[dsw_lio_sam_imageProjection-4] [WARN] [1784779745.305303166] [dsw_lio_sam_imageProjection]: IMU orientation not available (6-axis IMU), using identity quaternion.
[dsw_lio_sam_imuPreintegration-3] [WARN] [1784779759.289176527] [dsw_lio_sam_imuPreintegration]: Large velocity, reset IMU-preintegration!
[dsw_lio_sam_imuPreintegration-3] [WARN] [1784779760.273657646] [dsw_lio_sam_imuPreintegration]: Large velocity, reset IMU-preintegration!
[dsw_lio_sam_featureExtraction-5] [WARN] [1784779761.636504800] [dsw_lio_sam_featureExtraction]: Waiting for deskewed point cloud on /dsw_lio_sam/deskew/cloud_deskewed
[dsw_lio_sam_imageProjection-4] [WARN] [1784779770.305292584] [dsw_lio_sam_imageProjection]: IMU orientation not available (6-axis IMU), using identity quaternion.
[dsw_lio_sam_imuPreintegration-3] [WARN] [1784779770.305366763] [dsw_lio_sam_imuPreintegration]: IMU orientation not available (6-axis IMU), using identity quaternion.
[dsw_lio_sam_featureExtraction-5] [WARN] [1784779774.791933589] [dsw_lio_sam_featureExtraction]: Waiting for deskewed point cloud on /dsw_lio_sam/deskew/cloud_deskewed
[dsw_lio_sam_imuPreintegration-3] [WARN] [1784779775.224055210] [dsw_lio_sam_imuPreintegration]: Large velocity, reset IMU-preintegration!
[dsw_lio_sam_imuPreintegration-3] [WARN] [1784779776.109294218] [dsw_lio_sam_imuPreintegration]: Large velocity, reset IMU-preintegration!
[dsw_lio_sam_imuPreintegration-3] [WARN] [1784779788.156020638] [dsw_lio_sam_imuPreintegration]: Large velocity, reset IMU-preintegration!
[dsw_lio_sam_featureExtraction-5] [WARN] [1784779794.618242172] [dsw_lio_sam_featureExtraction]: Waiting for deskewed point cloud on /dsw_lio_sam/deskew/cloud_deskewed
[dsw_lio_sam_imuPreintegration-3] [WARN] [1784779795.359311302] [dsw_lio_sam_imuPreintegration]: IMU orientation not available (6-axis IMU), using identity quaternion.
[dsw_lio_sam_imageProjection-4] [WARN] [1784779795.359491377] [dsw_lio_sam_imageProjection]: IMU orientation not available (6-axis IMU), using identity quaternion.
[dsw_lio_sam_imuPreintegration-3] [WARN] [1784779798.040043117] [dsw_lio_sam_imuPreintegration]: Large velocity, reset IMU-preintegration!
[dsw_lio_sam_imuPreintegration-3] [WARN] [1784779799.910032196] [dsw_lio_sam_imuPreintegration]: Large velocity, reset IMU-preintegration!
[dsw_lio_sam_featureExtraction-5] [WARN] [1784779809.607550408] [dsw_lio_sam_featureExtraction]: Waiting for deskewed point cloud on /dsw_lio_sam/deskew/cloud_deskewed
[dsw_lio_sam_imuPreintegration-3] [WARN] [1784779812.517010196] [dsw_lio_sam_imuPreintegration]: Large velocity, reset IMU-preintegration!
[dsw_lio_sam_imuPreintegration-3] [WARN] [1784779815.141924007] [dsw_lio_sam_imuPreintegration]: Large velocity, reset IMU-preintegration!
[dsw_lio_sam_imuPreintegration-3] [WARN] [1784779819.686165122] [dsw_lio_sam_imuPreintegration]: Large velocity, reset IMU-preintegration!
[dsw_lio_sam_imageProjection-4] [WARN] [1784779820.362250596] [dsw_lio_sam_imageProjection]: IMU orientation not available (6-axis IMU), using identity quaternion.
[dsw_lio_sam_imuPreintegration-3] [WARN] [1784779820.362266853] [dsw_lio_sam_imuPreintegration]: IMU orientation not available (6-axis IMU), using identity quaternion.
[dsw_lio_sam_featureExtraction-5] [WARN] [1784779826.313669118] [dsw_lio_sam_featureExtraction]: Waiting for deskewed point cloud on /dsw_lio_sam/deskew/cloud_deskewed
[dsw_lio_sam_imuPreintegration-3] [WARN] [1784779831.431642572] [dsw_lio_sam_imuPreintegration]: Large velocity, reset IMU-preintegration!
[dsw_lio_sam_imuPreintegration-3] [WARN] [1784779839.326089315] [dsw_lio_sam_imuPreintegration]: Large velocity, reset IMU-preintegration!
[dsw_lio_sam_imageProjection-4] [WARN] [1784779845.415471895] [dsw_lio_sam_imageProjection]: IMU orientation not available (6-axis IMU), using identity quaternion.
[dsw_lio_sam_imuPreintegration-3] [WARN] [1784779845.415678581] [dsw_lio_sam_imuPreintegration]: IMU orientation not available (6-axis IMU), using identity quaternion.
[dsw_lio_sam_imuPreintegration-3] [WARN] [1784779845.444201284] [dsw_lio_sam_imuPreintegration]: Large velocity, reset IMU-preintegration!
[dsw_lio_sam_featureExtraction-5] [WARN] [1784779845.632082932] [dsw_lio_sam_featureExtraction]: Waiting for deskewed point cloud on /dsw_lio_sam/deskew/cloud_deskewed
[dsw_lio_sam_imuPreintegration-3] [WARN] [1784779855.291526080] [dsw_lio_sam_imuPreintegration]: Large velocity, reset IMU-preintegration!
[dsw_lio_sam_imuPreintegration-3] [WARN] [1784779859.328725976] [dsw_lio_sam_imuPreintegration]: Large velocity, reset IMU-preintegration!
[dsw_lio_sam_featureExtraction-5] [WARN] [1784779860.132266535] [dsw_lio_sam_featureExtraction]: Waiting for deskewed point cloud on /dsw_lio_sam/deskew/cloud_deskewed
[dsw_lio_sam_imageProjection-4] [WARN] [1784779870.417420264] [dsw_lio_sam_imageProjection]: IMU orientation not available (6-axis IMU), using identity quaternion.
[dsw_lio_sam_imuPreintegration-3] [WARN] [1784779870.417572316] [dsw_lio_sam_imuPreintegration]: IMU orientation not available (6-axis IMU), using identity quaternion.
[dsw_lio_sam_imuPreintegration-3] [WARN] [1784779870.468762195] [dsw_lio_sam_imuPreintegration]: Large velocity, reset IMU-preintegration!
[dsw_lio_sam_imuPreintegration-3] [WARN] [1784779873.407942676] [dsw_lio_sam_imuPreintegration]: Large velocity, reset IMU-preintegration!
[dsw_lio_sam_featureExtraction-5] [WARN] [1784779879.111744920] [dsw_lio_sam_featureExtraction]: Waiting for deskewed point cloud on /dsw_lio_sam/deskew/cloud_deskewed
[dsw_lio_sam_imuPreintegration-3] [WARN] [1784779880.850443100] [dsw_lio_sam_imuPreintegration]: Large velocity, reset IMU-preintegration!
[dsw_lio_sam_imuPreintegration-3] [WARN] [1784779889.415710468] [dsw_lio_sam_imuPreintegration]: Large velocity, reset IMU-preintegration!
[dsw_lio_sam_featureExtraction-5] [WARN] [1784779893.040696768] [dsw_lio_sam_featureExtraction]: Waiting for deskewed point cloud on /dsw_lio_sam/deskew/cloud_deskewed
[dsw_lio_sam_imuPreintegration-3] [WARN] [1784779895.419937398] [dsw_lio_sam_imuPreintegration]: IMU orientation not available (6-axis IMU), using identity quaternion.
[dsw_lio_sam_imageProjection-4] [WARN] [1784779895.419980662] [dsw_lio_sam_imageProjection]: IMU orientation not available (6-axis IMU), using identity quaternion.
[dsw_lio_sam_imuPreintegration-3] [WARN] [1784779898.129265675] [dsw_lio_sam_imuPreintegration]: Large velocity, reset IMU-preintegration!
[dsw_lio_sam_featureExtraction-5] [WARN] [1784779903.034868978] [dsw_lio_sam_featureExtraction]: Waiting for deskewed point cloud on /dsw_lio_sam/deskew/cloud_deskewed
[dsw_lio_sam_imuPreintegration-3] [WARN] [1784779907.209817853] [dsw_lio_sam_imuPreintegration]: Large velocity, reset IMU-preintegration!
