[INFO] [launch]: All log files can be found below /home/zly/.ros/log/2026-07-23-12-14-13-744009-LAPTOP-LAHD0B48-6780
[INFO] [launch]: Default logging verbosity is set to INFO
urdf_file_name : /home/zly/ros2_ws/install/dsw_lio_sam/share/dsw_lio_sam/config/robot.urdf.xacro
[INFO] [static_transform_publisher-1]: process started with pid [6785]
[INFO] [robot_state_publisher-2]: process started with pid [6787]
[INFO] [dsw_lio_sam_imuPreintegration-3]: process started with pid [6789]
[INFO] [dsw_lio_sam_imageProjection-4]: process started with pid [6791]
[INFO] [dsw_lio_sam_featureExtraction-5]: process started with pid [6793]
[INFO] [dsw_lio_sam_mapOptimization-6]: process started with pid [6795]
[INFO] [dsw_lio_sam_semanticBridge-7]: process started with pid [6797]
[INFO] [rviz2-8]: process started with pid [6799]
[static_transform_publisher-1] [WARN] [1784780054.347916182] []: Old-style arguments are deprecated; see --help for new-style arguments
[static_transform_publisher-1] [INFO] [1784780054.374823484] [static_transform_publisher_0ivrXvGnmpDPBbVW]: Spinning until stopped - publishing transform
[static_transform_publisher-1] translation: ('0.000000', '0.000000', '0.000000')
[static_transform_publisher-1] rotation: ('0.000000', '0.000000', '0.000000', '1.000000')
[static_transform_publisher-1] from 'map' to 'odom'
[dsw_lio_sam_semanticBridge-7] [INFO] [1784780054.411506315] [pseudo_semantic_bridge]: 语义桥接节点已启动: sub=/os1_cloud_node/points pub=/semantic_cloud
[dsw_lio_sam_featureExtraction-5] [INFO] [1784780054.415800387] [rclcpp]: [1;32m----> Feature Extraction Started.[0m
[dsw_lio_sam_imageProjection-4] [INFO] [1784780054.450647090] [rclcpp]: [1;32m----> Image Projection Started.[0m
[dsw_lio_sam_imuPreintegration-3] [WARN] [1784780054.462246071] [rcl.logging_rosout]: Publisher already registered for provided node name. If this is due to multiple nodes with the same name then all logs for that logger name will go out over the existing publisher. As soon as any node with that name is destructed it will unregister the publisher, preventing any further logs for that name from being published on the rosout topic.
[robot_state_publisher-2] [INFO] [1784780054.472000245] [robot_state_publisher]: got segment base_link
[robot_state_publisher-2] [INFO] [1784780054.472119656] [robot_state_publisher]: got segment chassis_link
[robot_state_publisher-2] [INFO] [1784780054.472127304] [robot_state_publisher]: got segment imu_link
[robot_state_publisher-2] [INFO] [1784780054.472130024] [robot_state_publisher]: got segment laser_sensor_frame
[robot_state_publisher-2] [INFO] [1784780054.472132627] [robot_state_publisher]: got segment lidar_link
[robot_state_publisher-2] [INFO] [1784780054.472135081] [robot_state_publisher]: got segment navsat_link
[dsw_lio_sam_imuPreintegration-3] [INFO] [1784780054.493431733] [rclcpp]: [1;32m----> IMU Preintegration Started.[0m
[dsw_lio_sam_mapOptimization-6] [INFO] [1784780055.023087082] [rclcpp]: [1;32m----> Map Optimization Started.[0m
[rviz2-8] [INFO] [1784780056.271668837] [rviz2]: Stereo is NOT SUPPORTED
[rviz2-8] [INFO] [1784780056.271865285] [rviz2]: OpenGl version: 4.2 (GLSL 4.2)
[rviz2-8] [INFO] [1784780056.319896188] [rviz2]: Stereo is NOT SUPPORTED
[rviz2-8] [WARN] [1784780078.177265179] [rviz2]: Detected jump back in time. Resetting RViz.
[rviz2-8] [WARN] [1784780078.177384601] [tf2_buffer]: Detected jump back in time. Clearing TF buffer.
[dsw_lio_sam_imuPreintegration-3] [WARN] [1784780078.177315167] [tf2_buffer]: Detected jump back in time. Clearing TF buffer.
[dsw_lio_sam_imageProjection-4] [WARN] [1784780097.592256439] [dsw_lio_sam_imageProjection]: IMU orientation not available (6-axis IMU), using identity quaternion.
[dsw_lio_sam_imuPreintegration-3] [WARN] [1784780097.592369406] [dsw_lio_sam_imuPreintegration]: IMU orientation not available (6-axis IMU), using identity quaternion.
[dsw_lio_sam_imageProjection-4] [WARN] [1784780097.622144683] [dsw_lio_sam_imageProjection]: Semantic cloud is required but no semantic messages have arrived.
[dsw_lio_sam_imageProjection-4] [WARN] [1784780097.663075099] [dsw_lio_sam_imageProjection]: Semantic cloud is required but all queued semantic messages are too old.
[dsw_lio_sam_imuPreintegration-3] [ERROR] [1784780100.876948711] [dsw_lio_sam_imuPreintegration]: Could not find a connection between 'lidar_link' and 'base_link' because they are not part of the same tree.Tf has two or more unconnected trees.
[dsw_lio_sam_imuPreintegration-3] [ERROR] [1784780100.975149251] [dsw_lio_sam_imuPreintegration]: Lookup would require extrapolation at time 1594369169.626853, but only time 1594369170.981944 is in the buffer, when looking up transform from frame [base_link] to frame [lidar_link]
[dsw_lio_sam_imuPreintegration-3] [ERROR] [1784780100.975468430] [dsw_lio_sam_imuPreintegration]: Lookup would require extrapolation into the past.  Requested time 1594369169.626853 but the earliest data is at time 1594369170.981944, when looking up transform from frame [base_link] to frame [lidar_link]
[dsw_lio_sam_imuPreintegration-3] [ERROR] [1784780101.027680181] [dsw_lio_sam_imuPreintegration]: Lookup would require extrapolation into the past.  Requested time 1594369169.626853 but the earliest data is at time 1594369170.981944, when looking up transform from frame [base_link] to frame [lidar_link]
[dsw_lio_sam_imuPreintegration-3] [ERROR] [1784780101.074829468] [dsw_lio_sam_imuPreintegration]: Lookup would require extrapolation into the past.  Requested time 1594369169.626853 but the earliest data is at time 1594369170.981944, when looking up transform from frame [base_link] to frame [lidar_link]
[dsw_lio_sam_imuPreintegration-3] [ERROR] [1784780101.125386065] [dsw_lio_sam_imuPreintegration]: Lookup would require extrapolation into the past.  Requested time 1594369169.626853 but the earliest data is at time 1594369170.981944, when looking up transform from frame [base_link] to frame [lidar_link]
[dsw_lio_sam_imuPreintegration-3] [ERROR] [1784780101.176815036] [dsw_lio_sam_imuPreintegration]: Lookup would require extrapolation into the past.  Requested time 1594369169.626853 but the earliest data is at time 1594369170.981944, when looking up transform from frame [base_link] to frame [lidar_link]
[dsw_lio_sam_imuPreintegration-3] [ERROR] [1784780101.224064254] [dsw_lio_sam_imuPreintegration]: Lookup would require extrapolation into the past.  Requested time 1594369169.626853 but the earliest data is at time 1594369170.981944, when looking up transform from frame [base_link] to frame [lidar_link]
[dsw_lio_sam_imuPreintegration-3] [ERROR] [1784780101.274785846] [dsw_lio_sam_imuPreintegration]: Lookup would require extrapolation into the past.  Requested time 1594369169.626853 but the earliest data is at time 1594369170.981944, when looking up transform from frame [base_link] to frame [lidar_link]
[dsw_lio_sam_imuPreintegration-3] [ERROR] [1784780101.325498966] [dsw_lio_sam_imuPreintegration]: Lookup would require extrapolation into the past.  Requested time 1594369169.626853 but the earliest data is at time 1594369170.981944, when looking up transform from frame [base_link] to frame [lidar_link]
[dsw_lio_sam_imuPreintegration-3] [ERROR] [1784780101.374542015] [dsw_lio_sam_imuPreintegration]: Lookup would require extrapolation into the past.  Requested time 1594369169.626853 but the earliest data is at time 1594369170.981944, when looking up transform from frame [base_link] to frame [lidar_link]
[dsw_lio_sam_imuPreintegration-3] [ERROR] [1784780101.425305081] [dsw_lio_sam_imuPreintegration]: Lookup would require extrapolation into the past.  Requested time 1594369169.626853 but the earliest data is at time 1594369170.981944, when looking up transform from frame [base_link] to frame [lidar_link]
[dsw_lio_sam_imuPreintegration-3] [ERROR] [1784780101.476779064] [dsw_lio_sam_imuPreintegration]: Lookup would require extrapolation into the past.  Requested time 1594369169.626853 but the earliest data is at time 1594369170.981944, when looking up transform from frame [base_link] to frame [lidar_link]
[dsw_lio_sam_imuPreintegration-3] [ERROR] [1784780101.524818198] [dsw_lio_sam_imuPreintegration]: Lookup would require extrapolation into the past.  Requested time 1594369169.626853 but the earliest data is at time 1594369170.981944, when looking up transform from frame [base_link] to frame [lidar_link]
[dsw_lio_sam_imuPreintegration-3] [ERROR] [1784780101.574661785] [dsw_lio_sam_imuPreintegration]: Lookup would require extrapolation into the past.  Requested time 1594369169.626853 but the earliest data is at time 1594369170.981944, when looking up transform from frame [base_link] to frame [lidar_link]
[dsw_lio_sam_imuPreintegration-3] [ERROR] [1784780101.626724787] [dsw_lio_sam_imuPreintegration]: Lookup would require extrapolation into the past.  Requested time 1594369169.626853 but the earliest data is at time 1594369170.981944, when looking up transform from frame [base_link] to frame [lidar_link]
[dsw_lio_sam_imuPreintegration-3] [ERROR] [1784780101.674794989] [dsw_lio_sam_imuPreintegration]: Lookup would require extrapolation into the past.  Requested time 1594369169.626853 but the earliest data is at time 1594369170.981944, when looking up transform from frame [base_link] to frame [lidar_link]
[dsw_lio_sam_imuPreintegration-3] [ERROR] [1784780101.774199499] [dsw_lio_sam_imuPreintegration]: Lookup would require extrapolation into the past.  Requested time 1594369169.626853 but the earliest data is at time 1594369170.981944, when looking up transform from frame [base_link] to frame [lidar_link]
[dsw_lio_sam_imuPreintegration-3] [ERROR] [1784780101.774526522] [dsw_lio_sam_imuPreintegration]: Lookup would require extrapolation into the past.  Requested time 1594369169.626853 but the earliest data is at time 1594369170.981944, when looking up transform from frame [base_link] to frame [lidar_link]
[dsw_lio_sam_imuPreintegration-3] [ERROR] [1784780101.824790592] [dsw_lio_sam_imuPreintegration]: Lookup would require extrapolation into the past.  Requested time 1594369169.626853 but the earliest data is at time 1594369170.981944, when looking up transform from frame [base_link] to frame [lidar_link]
[dsw_lio_sam_imuPreintegration-3] [ERROR] [1784780101.875942609] [dsw_lio_sam_imuPreintegration]: Lookup would require extrapolation into the past.  Requested time 1594369169.626853 but the earliest data is at time 1594369170.981944, when looking up transform from frame [base_link] to frame [lidar_link]
[dsw_lio_sam_imuPreintegration-3] [ERROR] [1784780101.924684958] [dsw_lio_sam_imuPreintegration]: Lookup would require extrapolation into the past.  Requested time 1594369169.626853 but the earliest data is at time 1594369170.981944, when looking up transform from frame [base_link] to frame [lidar_link]
[dsw_lio_sam_imuPreintegration-3] [ERROR] [1784780101.974919927] [dsw_lio_sam_imuPreintegration]: Lookup would require extrapolation into the past.  Requested time 1594369169.626853 but the earliest data is at time 1594369170.981944, when looking up transform from frame [base_link] to frame [lidar_link]
[dsw_lio_sam_imuPreintegration-3] [ERROR] [1784780102.025528643] [dsw_lio_sam_imuPreintegration]: Lookup would require extrapolation into the past.  Requested time 1594369169.626853 but the earliest data is at time 1594369170.981944, when looking up transform from frame [base_link] to frame [lidar_link]
[dsw_lio_sam_imuPreintegration-3] [ERROR] [1784780102.074858297] [dsw_lio_sam_imuPreintegration]: Lookup would require extrapolation into the past.  Requested time 1594369169.626853 but the earliest data is at time 1594369170.981944, when looking up transform from frame [base_link] to frame [lidar_link]
[dsw_lio_sam_imuPreintegration-3] [ERROR] [1784780102.125932850] [dsw_lio_sam_imuPreintegration]: Lookup would require extrapolation into the past.  Requested time 1594369169.626853 but the earliest data is at time 1594369170.981944, when looking up transform from frame [base_link] to frame [lidar_link]
[dsw_lio_sam_imuPreintegration-3] [ERROR] [1784780102.181982211] [dsw_lio_sam_imuPreintegration]: Lookup would require extrapolation into the past.  Requested time 1594369169.626853 but the earliest data is at time 1594369170.981944, when looking up transform from frame [base_link] to frame [lidar_link]
[dsw_lio_sam_imuPreintegration-3] [ERROR] [1784780102.225011844] [dsw_lio_sam_imuPreintegration]: Lookup would require extrapolation into the past.  Requested time 1594369169.626853 but the earliest data is at time 1594369170.981944, when looking up transform from frame [base_link] to frame [lidar_link]
[dsw_lio_sam_imuPreintegration-3] [ERROR] [1784780102.276890789] [dsw_lio_sam_imuPreintegration]: Lookup would require extrapolation into the past.  Requested time 1594369169.626853 but the earliest data is at time 1594369170.981944, when looking up transform from frame [base_link] to frame [lidar_link]
[dsw_lio_sam_imuPreintegration-3] [ERROR] [1784780102.324914478] [dsw_lio_sam_imuPreintegration]: Lookup would require extrapolation into the past.  Requested time 1594369169.626853 but the earliest data is at time 1594369170.981944, when looking up transform from frame [base_link] to frame [lidar_link]
[dsw_lio_sam_imuPreintegration-3] [ERROR] [1784780102.375179962] [dsw_lio_sam_imuPreintegration]: Lookup would require extrapolation into the past.  Requested time 1594369169.626853 but the earliest data is at time 1594369170.981944, when looking up transform from frame [base_link] to frame [lidar_link]
[dsw_lio_sam_imuPreintegration-3] [ERROR] [1784780102.425148423] [dsw_lio_sam_imuPreintegration]: Lookup would require extrapolation into the past.  Requested time 1594369169.626853 but the earliest data is at time 1594369170.981944, when looking up transform from frame [base_link] to frame [lidar_link]
[dsw_lio_sam_imuPreintegration-3] [ERROR] [1784780102.477291394] [dsw_lio_sam_imuPreintegration]: Lookup would require extrapolation into the past.  Requested time 1594369169.626853 but the earliest data is at time 1594369170.981944, when looking up transform from frame [base_link] to frame [lidar_link]
[dsw_lio_sam_imuPreintegration-3] [ERROR] [1784780102.524780300] [dsw_lio_sam_imuPreintegration]: Lookup would require extrapolation into the past.  Requested time 1594369169.626853 but the earliest data is at time 1594369170.981944, when looking up transform from frame [base_link] to frame [lidar_link]
[dsw_lio_sam_imuPreintegration-3] [ERROR] [1784780102.575597310] [dsw_lio_sam_imuPreintegration]: Lookup would require extrapolation into the past.  Requested time 1594369169.626853 but the earliest data is at time 1594369170.981944, when looking up transform from frame [base_link] to frame [lidar_link]
[dsw_lio_sam_imuPreintegration-3] [ERROR] [1784780102.625135421] [dsw_lio_sam_imuPreintegration]: Lookup would require extrapolation into the past.  Requested time 1594369169.626853 but the earliest data is at time 1594369170.981944, when looking up transform from frame [base_link] to frame [lidar_link]
[dsw_lio_sam_imuPreintegration-3] [ERROR] [1784780102.724550081] [dsw_lio_sam_imuPreintegration]: Lookup would require extrapolation into the past.  Requested time 1594369169.626853 but the earliest data is at time 1594369170.981944, when looking up transform from frame [base_link] to frame [lidar_link]
[dsw_lio_sam_imuPreintegration-3] [ERROR] [1784780102.724869133] [dsw_lio_sam_imuPreintegration]: Lookup would require extrapolation into the past.  Requested time 1594369169.626853 but the earliest data is at time 1594369170.981944, when looking up transform from frame [base_link] to frame [lidar_link]
[dsw_lio_sam_imuPreintegration-3] [ERROR] [1784780102.776013917] [dsw_lio_sam_imuPreintegration]: Lookup would require extrapolation into the past.  Requested time 1594369169.626853 but the earliest data is at time 1594369170.981944, when looking up transform from frame [base_link] to frame [lidar_link]
[dsw_lio_sam_imuPreintegration-3] [ERROR] [1784780102.825489685] [dsw_lio_sam_imuPreintegration]: Lookup would require extrapolation into the past.  Requested time 1594369169.626853 but the earliest data is at time 1594369170.981944, when looking up transform from frame [base_link] to frame [lidar_link]
[dsw_lio_sam_imuPreintegration-3] [ERROR] [1784780102.924654535] [dsw_lio_sam_imuPreintegration]: Lookup would require extrapolation into the past.  Requested time 1594369169.626853 but the earliest data is at time 1594369170.981944, when looking up transform from frame [base_link] to frame [lidar_link]
[dsw_lio_sam_imuPreintegration-3] [ERROR] [1784780102.924960170] [dsw_lio_sam_imuPreintegration]: Lookup would require extrapolation into the past.  Requested time 1594369169.626853 but the earliest data is at time 1594369170.981944, when looking up transform from frame [base_link] to frame [lidar_link]
[dsw_lio_sam_imuPreintegration-3] [ERROR] [1784780102.975495435] [dsw_lio_sam_imuPreintegration]: Lookup would require extrapolation into the past.  Requested time 1594369169.626853 but the earliest data is at time 1594369170.981944, when looking up transform from frame [base_link] to frame [lidar_link]
[dsw_lio_sam_imuPreintegration-3] [ERROR] [1784780103.026260430] [dsw_lio_sam_imuPreintegration]: Lookup would require extrapolation into the past.  Requested time 1594369169.626853 but the earliest data is at time 1594369170.981944, when looking up transform from frame [base_link] to frame [lidar_link]
[dsw_lio_sam_imuPreintegration-3] [ERROR] [1784780103.075610742] [dsw_lio_sam_imuPreintegration]: Lookup would require extrapolation into the past.  Requested time 1594369169.626853 but the earliest data is at time 1594369170.981944, when looking up transform from frame [base_link] to frame [lidar_link]
[dsw_lio_sam_imuPreintegration-3] [ERROR] [1784780103.174809204] [dsw_lio_sam_imuPreintegration]: Lookup would require extrapolation into the past.  Requested time 1594369169.626853 but the earliest data is at time 1594369170.981944, when looking up transform from frame [base_link] to frame [lidar_link]
[dsw_lio_sam_imuPreintegration-3] [ERROR] [1784780103.225379061] [dsw_lio_sam_imuPreintegration]: Lookup would require extrapolation into the past.  Requested time 1594369169.626853 but the earliest data is at time 1594369170.981944, when looking up transform from frame [base_link] to frame [lidar_link]
[dsw_lio_sam_imuPreintegration-3] [ERROR] [1784780103.276160817] [dsw_lio_sam_imuPreintegration]: Lookup would require extrapolation into the past.  Requested time 1594369169.626853 but the earliest data is at time 1594369170.981944, when looking up transform from frame [base_link] to frame [lidar_link]
[dsw_lio_sam_imuPreintegration-3] [ERROR] [1784780103.325769422] [dsw_lio_sam_imuPreintegration]: Lookup would require extrapolation into the past.  Requested time 1594369169.626853 but the earliest data is at time 1594369170.981944, when looking up transform from frame [base_link] to frame [lidar_link]
[dsw_lio_sam_imuPreintegration-3] [ERROR] [1784780103.375843988] [dsw_lio_sam_imuPreintegration]: Lookup would require extrapolation into the past.  Requested time 1594369169.626853 but the earliest data is at time 1594369170.981944, when looking up transform from frame [base_link] to frame [lidar_link]
[dsw_lio_sam_imuPreintegration-3] [ERROR] [1784780103.376324679] [dsw_lio_sam_imuPreintegration]: Lookup would require extrapolation into the past.  Requested time 1594369169.626853 but the earliest data is at time 1594369170.981944, when looking up transform from frame [base_link] to frame [lidar_link]
[dsw_lio_sam_imuPreintegration-3] [ERROR] [1784780103.477420571] [dsw_lio_sam_imuPreintegration]: Lookup would require extrapolation into the past.  Requested time 1594369169.626853 but the earliest data is at time 1594369170.981944, when looking up transform from frame [base_link] to frame [lidar_link]
[dsw_lio_sam_imuPreintegration-3] [ERROR] [1784780103.525498431] [dsw_lio_sam_imuPreintegration]: Lookup would require extrapolation into the past.  Requested time 1594369169.626853 but the earliest data is at time 1594369170.981944, when looking up transform from frame [base_link] to frame [lidar_link]
[dsw_lio_sam_imuPreintegration-3] [ERROR] [1784780103.526167486] [dsw_lio_sam_imuPreintegration]: Lookup would require extrapolation into the past.  Requested time 1594369169.626853 but the earliest data is at time 1594369170.981944, when looking up transform from frame [base_link] to frame [lidar_link]
[dsw_lio_sam_imuPreintegration-3] [ERROR] [1784780103.575355268] [dsw_lio_sam_imuPreintegration]: Lookup would require extrapolation into the past.  Requested time 1594369169.626853 but the earliest data is at time 1594369170.981944, when looking up transform from frame [base_link] to frame [lidar_link]
[dsw_lio_sam_imuPreintegration-3] [ERROR] [1784780103.625429781] [dsw_lio_sam_imuPreintegration]: Lookup would require extrapolation into the past.  Requested time 1594369169.626853 but the earliest data is at time 1594369170.981944, when looking up transform from frame [base_link] to frame [lidar_link]
[dsw_lio_sam_imuPreintegration-3] [ERROR] [1784780103.675427470] [dsw_lio_sam_imuPreintegration]: Lookup would require extrapolation into the past.  Requested time 1594369169.626853 but the earliest data is at time 1594369170.981944, when looking up transform from frame [base_link] to frame [lidar_link]
[dsw_lio_sam_imuPreintegration-3] [ERROR] [1784780103.725799488] [dsw_lio_sam_imuPreintegration]: Lookup would require extrapolation into the past.  Requested time 1594369169.626853 but the earliest data is at time 1594369170.981944, when looking up transform from frame [base_link] to frame [lidar_link]
[dsw_lio_sam_imuPreintegration-3] [ERROR] [1784780103.775641946] [dsw_lio_sam_imuPreintegration]: Lookup would require extrapolation into the past.  Requested time 1594369169.626853 but the earliest data is at time 1594369170.981944, when looking up transform from frame [base_link] to frame [lidar_link]
[dsw_lio_sam_imuPreintegration-3] [ERROR] [1784780103.875542739] [dsw_lio_sam_imuPreintegration]: Lookup would require extrapolation into the past.  Requested time 1594369169.626853 but the earliest data is at time 1594369170.981944, when looking up transform from frame [base_link] to frame [lidar_link]
[dsw_lio_sam_imuPreintegration-3] [ERROR] [1784780103.875912044] [dsw_lio_sam_imuPreintegration]: Lookup would require extrapolation into the past.  Requested time 1594369169.626853 but the earliest data is at time 1594369170.981944, when looking up transform from frame [base_link] to frame [lidar_link]
[dsw_lio_sam_imuPreintegration-3] [ERROR] [1784780103.925893142] [dsw_lio_sam_imuPreintegration]: Lookup would require extrapolation into the past.  Requested time 1594369169.626853 but the earliest data is at time 1594369170.981944, when looking up transform from frame [base_link] to frame [lidar_link]
[dsw_lio_sam_imuPreintegration-3] [ERROR] [1784780103.975972585] [dsw_lio_sam_imuPreintegration]: Lookup would require extrapolation into the past.  Requested time 1594369169.626853 but the earliest data is at time 1594369170.981944, when looking up transform from frame [base_link] to frame [lidar_link]
[dsw_lio_sam_imuPreintegration-3] [ERROR] [1784780104.025689489] [dsw_lio_sam_imuPreintegration]: Lookup would require extrapolation into the past.  Requested time 1594369169.626853 but the earliest data is at time 1594369170.981944, when looking up transform from frame [base_link] to frame [lidar_link]
[dsw_lio_sam_imuPreintegration-3] [ERROR] [1784780104.125324058] [dsw_lio_sam_imuPreintegration]: Lookup would require extrapolation into the past.  Requested time 1594369169.626853 but the earliest data is at time 1594369170.981944, when looking up transform from frame [base_link] to frame [lidar_link]
[dsw_lio_sam_imuPreintegration-3] [ERROR] [1784780104.175487411] [dsw_lio_sam_imuPreintegration]: Lookup would require extrapolation into the past.  Requested time 1594369169.626853 but the earliest data is at time 1594369170.981944, when looking up transform from frame [base_link] to frame [lidar_link]
[dsw_lio_sam_imuPreintegration-3] [ERROR] [1784780104.225093713] [dsw_lio_sam_imuPreintegration]: Lookup would require extrapolation into the past.  Requested time 1594369169.626853 but the earliest data is at time 1594369170.981944, when looking up transform from frame [base_link] to frame [lidar_link]
[dsw_lio_sam_imuPreintegration-3] [ERROR] [1784780104.275768419] [dsw_lio_sam_imuPreintegration]: Lookup would require extrapolation into the past.  Requested time 1594369169.626853 but the earliest data is at time 1594369170.981944, when looking up transform from frame [base_link] to frame [lidar_link]
[dsw_lio_sam_imuPreintegration-3] [ERROR] [1784780104.276098941] [dsw_lio_sam_imuPreintegration]: Lookup would require extrapolation into the past.  Requested time 1594369169.626853 but the earliest data is at time 1594369170.981944, when looking up transform from frame [base_link] to frame [lidar_link]
[dsw_lio_sam_imuPreintegration-3] [ERROR] [1784780104.375703441] [dsw_lio_sam_imuPreintegration]: Lookup would require extrapolation into the past.  Requested time 1594369169.626853 but the earliest data is at time 1594369170.981944, when looking up transform from frame [base_link] to frame [lidar_link]
[dsw_lio_sam_imuPreintegration-3] [ERROR] [1784780104.426192544] [dsw_lio_sam_imuPreintegration]: Lookup would require extrapolation into the past.  Requested time 1594369169.626853 but the earliest data is at time 1594369170.981944, when looking up transform from frame [base_link] to frame [lidar_link]
[dsw_lio_sam_imuPreintegration-3] [ERROR] [1784780104.426590035] [dsw_lio_sam_imuPreintegration]: Lookup would require extrapolation into the past.  Requested time 1594369169.626853 but the earliest data is at time 1594369170.981944, when looking up transform from frame [base_link] to frame [lidar_link]
[dsw_lio_sam_imuPreintegration-3] [ERROR] [1784780104.474942758] [dsw_lio_sam_imuPreintegration]: Lookup would require extrapolation into the past.  Requested time 1594369169.626853 but the earliest data is at time 1594369170.981944, when looking up transform from frame [base_link] to frame [lidar_link]
[dsw_lio_sam_imuPreintegration-3] [ERROR] [1784780104.527216254] [dsw_lio_sam_imuPreintegration]: Lookup would require extrapolation into the past.  Requested time 1594369169.626853 but the earliest data is at time 1594369170.981944, when looking up transform from frame [base_link] to frame [lidar_link]
[dsw_lio_sam_imuPreintegration-3] [ERROR] [1784780104.576872036] [dsw_lio_sam_imuPreintegration]: Lookup would require extrapolation into the past.  Requested time 1594369169.626853 but the earliest data is at time 1594369170.981944, when looking up transform from frame [base_link] to frame [lidar_link]
[dsw_lio_sam_imuPreintegration-3] [ERROR] [1784780104.625462986] [dsw_lio_sam_imuPreintegration]: Lookup would require extrapolation into the past.  Requested time 1594369169.626853 but the earliest data is at time 1594369170.981944, when looking up transform from frame [base_link] to frame [lidar_link]
[dsw_lio_sam_imuPreintegration-3] [ERROR] [1784780104.676676938] [dsw_lio_sam_imuPreintegration]: Lookup would require extrapolation into the past.  Requested time 1594369169.626853 but the earliest data is at time 1594369170.981944, when looking up transform from frame [base_link] to frame [lidar_link]
[dsw_lio_sam_imuPreintegration-3] [ERROR] [1784780104.725793397] [dsw_lio_sam_imuPreintegration]: Lookup would require extrapolation into the past.  Requested time 1594369169.626853 but the earliest data is at time 1594369170.981944, when looking up transform from frame [base_link] to frame [lidar_link]
[dsw_lio_sam_imuPreintegration-3] [ERROR] [1784780104.774748059] [dsw_lio_sam_imuPreintegration]: Lookup would require extrapolation into the past.  Requested time 1594369169.626853 but the earliest data is at time 1594369170.981944, when looking up transform from frame [base_link] to frame [lidar_link]
[dsw_lio_sam_imuPreintegration-3] [ERROR] [1784780104.828749615] [dsw_lio_sam_imuPreintegration]: Lookup would require extrapolation into the past.  Requested time 1594369169.626853 but the earliest data is at time 1594369170.981944, when looking up transform from frame [base_link] to frame [lidar_link]
[dsw_lio_sam_imuPreintegration-3] [ERROR] [1784780104.876339288] [dsw_lio_sam_imuPreintegration]: Lookup would require extrapolation into the past.  Requested time 1594369169.626853 but the earliest data is at time 1594369170.981944, when looking up transform from frame [base_link] to frame [lidar_link]
[dsw_lio_sam_imuPreintegration-3] [ERROR] [1784780104.925797330] [dsw_lio_sam_imuPreintegration]: Lookup would require extrapolation into the past.  Requested time 1594369169.626853 but the earliest data is at time 1594369170.981944, when looking up transform from frame [base_link] to frame [lidar_link]
[dsw_lio_sam_imuPreintegration-3] [ERROR] [1784780105.009951300] [dsw_lio_sam_imuPreintegration]: Lookup would require extrapolation into the past.  Requested time 1594369170.528099 but the earliest data is at time 1594369170.981944, when looking up transform from frame [base_link] to frame [lidar_link]
[dsw_lio_sam_imuPreintegration-3] [ERROR] [1784780105.025433284] [dsw_lio_sam_imuPreintegration]: Lookup would require extrapolation into the past.  Requested time 1594369170.528099 but the earliest data is at time 1594369170.981944, when looking up transform from frame [base_link] to frame [lidar_link]
[dsw_lio_sam_imuPreintegration-3] [ERROR] [1784780105.124489143] [dsw_lio_sam_imuPreintegration]: Lookup would require extrapolation into the past.  Requested time 1594369170.528099 but the earliest data is at time 1594369170.981944, when looking up transform from frame [base_link] to frame [lidar_link]
[dsw_lio_sam_imuPreintegration-3] [ERROR] [1784780105.124837268] [dsw_lio_sam_imuPreintegration]: Lookup would require extrapolation into the past.  Requested time 1594369170.528099 but the earliest data is at time 1594369170.981944, when looking up transform from frame [base_link] to frame [lidar_link]
[dsw_lio_sam_imuPreintegration-3] [ERROR] [1784780105.174569855] [dsw_lio_sam_imuPreintegration]: Lookup would require extrapolation into the past.  Requested time 1594369170.528099 but the earliest data is at time 1594369170.981944, when looking up transform from frame [base_link] to frame [lidar_link]
[dsw_lio_sam_imuPreintegration-3] [ERROR] [1784780105.225515512] [dsw_lio_sam_imuPreintegration]: Lookup would require extrapolation into the past.  Requested time 1594369170.528099 but the earliest data is at time 1594369170.981944, when looking up transform from frame [base_link] to frame [lidar_link]
[dsw_lio_sam_imuPreintegration-3] [ERROR] [1784780105.274438081] [dsw_lio_sam_imuPreintegration]: Lookup would require extrapolation into the past.  Requested time 1594369170.528099 but the earliest data is at time 1594369170.981944, when looking up transform from frame [base_link] to frame [lidar_link]
[dsw_lio_sam_imuPreintegration-3] [ERROR] [1784780105.326218171] [dsw_lio_sam_imuPreintegration]: Lookup would require extrapolation into the past.  Requested time 1594369170.528099 but the earliest data is at time 1594369170.981944, when looking up transform from frame [base_link] to frame [lidar_link]
[dsw_lio_sam_imuPreintegration-3] [ERROR] [1784780105.375573420] [dsw_lio_sam_imuPreintegration]: Lookup would require extrapolation into the past.  Requested time 1594369170.528099 but the earliest data is at time 1594369170.981944, when looking up transform from frame [base_link] to frame [lidar_link]
[dsw_lio_sam_imuPreintegration-3] [ERROR] [1784780105.426988111] [dsw_lio_sam_imuPreintegration]: Lookup would require extrapolation into the past.  Requested time 1594369170.528099 but the earliest data is at time 1594369170.981944, when looking up transform from frame [base_link] to frame [lidar_link]
[dsw_lio_sam_imuPreintegration-3] [ERROR] [1784780105.476896543] [dsw_lio_sam_imuPreintegration]: Lookup would require extrapolation into the past.  Requested time 1594369170.528099 but the earliest data is at time 1594369170.981944, when looking up transform from frame [base_link] to frame [lidar_link]
[dsw_lio_sam_imuPreintegration-3] [ERROR] [1784780105.526457160] [dsw_lio_sam_imuPreintegration]: Lookup would require extrapolation into the past.  Requested time 1594369170.528099 but the earliest data is at time 1594369170.981944, when looking up transform from frame [base_link] to frame [lidar_link]
[dsw_lio_sam_imuPreintegration-3] [ERROR] [1784780105.576191025] [dsw_lio_sam_imuPreintegration]: Lookup would require extrapolation into the past.  Requested time 1594369170.528099 but the earliest data is at time 1594369170.981944, when looking up transform from frame [base_link] to frame [lidar_link]
[dsw_lio_sam_imuPreintegration-3] [ERROR] [1784780105.627936675] [dsw_lio_sam_imuPreintegration]: Lookup would require extrapolation into the past.  Requested time 1594369170.528099 but the earliest data is at time 1594369170.981944, when looking up transform from frame [base_link] to frame [lidar_link]
[dsw_lio_sam_imuPreintegration-3] [ERROR] [1784780105.688547651] [dsw_lio_sam_imuPreintegration]: Lookup would require extrapolation into the past.  Requested time 1594369170.528099 but the earliest data is at time 1594369170.981944, when looking up transform from frame [base_link] to frame [lidar_link]
[dsw_lio_sam_imuPreintegration-3] [ERROR] [1784780105.726195548] [dsw_lio_sam_imuPreintegration]: Lookup would require extrapolation into the past.  Requested time 1594369170.528099 but the earliest data is at time 1594369170.981944, when looking up transform from frame [base_link] to frame [lidar_link]
[dsw_lio_sam_imuPreintegration-3] [ERROR] [1784780105.776654770] [dsw_lio_sam_imuPreintegration]: Lookup would require extrapolation into the past.  Requested time 1594369170.528099 but the earliest data is at time 1594369170.981944, when looking up transform from frame [base_link] to frame [lidar_link]
[dsw_lio_sam_imuPreintegration-3] [ERROR] [1784780105.825700840] [dsw_lio_sam_imuPreintegration]: Lookup would require extrapolation into the past.  Requested time 1594369170.528099 but the earliest data is at time 1594369170.981944, when looking up transform from frame [base_link] to frame [lidar_link]
[dsw_lio_sam_imuPreintegration-3] [ERROR] [1784780105.875793290] [dsw_lio_sam_imuPreintegration]: Lookup would require extrapolation into the past.  Requested time 1594369170.528099 but the earliest data is at time 1594369170.981944, when looking up transform from frame [base_link] to frame [lidar_link]
[dsw_lio_sam_imuPreintegration-3] [ERROR] [1784780105.924748273] [dsw_lio_sam_imuPreintegration]: Lookup would require extrapolation into the past.  Requested time 1594369170.528099 but the earliest data is at time 1594369170.981944, when looking up transform from frame [base_link] to frame [lidar_link]
[dsw_lio_sam_imuPreintegration-3] [ERROR] [1784780106.026220539] [dsw_lio_sam_imuPreintegration]: Lookup would require extrapolation into the past.  Requested time 1594369170.528099 but the earliest data is at time 1594369170.981944, when looking up transform from frame [base_link] to frame [lidar_link]
[dsw_lio_sam_imuPreintegration-3] [ERROR] [1784780106.026525982] [dsw_lio_sam_imuPreintegration]: Lookup would require extrapolation into the past.  Requested time 1594369170.528099 but the earliest data is at time 1594369170.981944, when looking up transform from frame [base_link] to frame [lidar_link]
[dsw_lio_sam_imuPreintegration-3] [ERROR] [1784780106.074633129] [dsw_lio_sam_imuPreintegration]: Lookup would require extrapolation into the past.  Requested time 1594369170.528099 but the earliest data is at time 1594369170.981944, when looking up transform from frame [base_link] to frame [lidar_link]
[dsw_lio_sam_imuPreintegration-3] [ERROR] [1784780106.125440578] [dsw_lio_sam_imuPreintegration]: Lookup would require extrapolation into the past.  Requested time 1594369170.528099 but the earliest data is at time 1594369170.981944, when looking up transform from frame [base_link] to frame [lidar_link]
[dsw_lio_sam_imuPreintegration-3] [ERROR] [1784780106.175572361] [dsw_lio_sam_imuPreintegration]: Lookup would require extrapolation into the past.  Requested time 1594369170.528099 but the earliest data is at time 1594369170.981944, when looking up transform from frame [base_link] to frame [lidar_link]
[dsw_lio_sam_imuPreintegration-3] [ERROR] [1784780106.224692996] [dsw_lio_sam_imuPreintegration]: Lookup would require extrapolation into the past.  Requested time 1594369170.528099 but the earliest data is at time 1594369170.981944, when looking up transform from frame [base_link] to frame [lidar_link]
[dsw_lio_sam_imuPreintegration-3] [ERROR] [1784780106.275047949] [dsw_lio_sam_imuPreintegration]: Lookup would require extrapolation into the past.  Requested time 1594369170.528099 but the earliest data is at time 1594369170.981944, when looking up transform from frame [base_link] to frame [lidar_link]
[dsw_lio_sam_imuPreintegration-3] [ERROR] [1784780106.375785286] [dsw_lio_sam_imuPreintegration]: Lookup would require extrapolation into the past.  Requested time 1594369170.528099 but the earliest data is at time 1594369170.981944, when looking up transform from frame [base_link] to frame [lidar_link]
[dsw_lio_sam_imuPreintegration-3] [ERROR] [1784780106.376143998] [dsw_lio_sam_imuPreintegration]: Lookup would require extrapolation into the past.  Requested time 1594369170.528099 but the earliest data is at time 1594369170.981944, when looking up transform from frame [base_link] to frame [lidar_link]
[dsw_lio_sam_imuPreintegration-3] [ERROR] [1784780106.425792000] [dsw_lio_sam_imuPreintegration]: Lookup would require extrapolation into the past.  Requested time 1594369170.528099 but the earliest data is at time 1594369170.981944, when looking up transform from frame [base_link] to frame [lidar_link]
[dsw_lio_sam_imuPreintegration-3] [ERROR] [1784780106.474889390] [dsw_lio_sam_imuPreintegration]: Lookup would require extrapolation into the past.  Requested time 1594369170.528099 but the earliest data is at time 1594369170.981944, when looking up transform from frame [base_link] to frame [lidar_link]
[dsw_lio_sam_imuPreintegration-3] [ERROR] [1784780106.526253856] [dsw_lio_sam_imuPreintegration]: Lookup would require extrapolation into the past.  Requested time 1594369170.528099 but the earliest data is at time 1594369170.981944, when looking up transform from frame [base_link] to frame [lidar_link]
[dsw_lio_sam_imuPreintegration-3] [ERROR] [1784780106.575672707] [dsw_lio_sam_imuPreintegration]: Lookup would require extrapolation into the past.  Requested time 1594369170.528099 but the earliest data is at time 1594369170.981944, when looking up transform from frame [base_link] to frame [lidar_link]
[dsw_lio_sam_imuPreintegration-3] [ERROR] [1784780106.626526588] [dsw_lio_sam_imuPreintegration]: Lookup would require extrapolation into the past.  Requested time 1594369170.528099 but the earliest data is at time 1594369170.981944, when looking up transform from frame [base_link] to frame [lidar_link]
[dsw_lio_sam_imuPreintegration-3] [ERROR] [1784780106.679141664] [dsw_lio_sam_imuPreintegration]: Lookup would require extrapolation into the past.  Requested time 1594369170.528099 but the earliest data is at time 1594369170.981944, when looking up transform from frame [base_link] to frame [lidar_link]
[dsw_lio_sam_imuPreintegration-3] [ERROR] [1784780106.727251229] [dsw_lio_sam_imuPreintegration]: Lookup would require extrapolation into the past.  Requested time 1594369170.528099 but the earliest data is at time 1594369170.981944, when looking up transform from frame [base_link] to frame [lidar_link]
[dsw_lio_sam_imuPreintegration-3] [ERROR] [1784780106.776903764] [dsw_lio_sam_imuPreintegration]: Lookup would require extrapolation into the past.  Requested time 1594369170.528099 but the earliest data is at time 1594369170.981944, when looking up transform from frame [base_link] to frame [lidar_link]
[dsw_lio_sam_imuPreintegration-3] [ERROR] [1784780106.826165195] [dsw_lio_sam_imuPreintegration]: Lookup would require extrapolation into the past.  Requested time 1594369170.528099 but the earliest data is at time 1594369170.981944, when looking up transform from frame [base_link] to frame [lidar_link]
[dsw_lio_sam_imuPreintegration-3] [ERROR] [1784780106.877348794] [dsw_lio_sam_imuPreintegration]: Lookup would require extrapolation into the past.  Requested time 1594369170.528099 but the earliest data is at time 1594369170.981944, when looking up transform from frame [base_link] to frame [lidar_link]
[dsw_lio_sam_imuPreintegration-3] [ERROR] [1784780106.925375392] [dsw_lio_sam_imuPreintegration]: Lookup would require extrapolation into the past.  Requested time 1594369170.528099 but the earliest data is at time 1594369170.981944, when looking up transform from frame [base_link] to frame [lidar_link]
[dsw_lio_sam_imuPreintegration-3] [ERROR] [1784780106.976369787] [dsw_lio_sam_imuPreintegration]: Lookup would require extrapolation into the past.  Requested time 1594369170.528099 but the earliest data is at time 1594369170.981944, when looking up transform from frame [base_link] to frame [lidar_link]
[dsw_lio_sam_imuPreintegration-3] [ERROR] [1784780107.027637244] [dsw_lio_sam_imuPreintegration]: Lookup would require extrapolation into the past.  Requested time 1594369170.528099 but the earliest data is at time 1594369170.981944, when looking up transform from frame [base_link] to frame [lidar_link]
[dsw_lio_sam_imuPreintegration-3] [ERROR] [1784780107.076587984] [dsw_lio_sam_imuPreintegration]: Lookup would require extrapolation into the past.  Requested time 1594369170.528099 but the earliest data is at time 1594369170.981944, when looking up transform from frame [base_link] to frame [lidar_link]
[dsw_lio_sam_imuPreintegration-3] [ERROR] [1784780107.126775635] [dsw_lio_sam_imuPreintegration]: Lookup would require extrapolation into the past.  Requested time 1594369170.528099 but the earliest data is at time 1594369170.981944, when looking up transform from frame [base_link] to frame [lidar_link]
[dsw_lio_sam_imuPreintegration-3] [ERROR] [1784780107.225475430] [dsw_lio_sam_imuPreintegration]: Lookup would require extrapolation into the past.  Requested time 1594369170.528099 but the earliest data is at time 1594369170.981944, when looking up transform from frame [base_link] to frame [lidar_link]
[dsw_lio_sam_imuPreintegration-3] [ERROR] [1784780107.276523111] [dsw_lio_sam_imuPreintegration]: Lookup would require extrapolation into the past.  Requested time 1594369170.528099 but the earliest data is at time 1594369170.981944, when looking up transform from frame [base_link] to frame [lidar_link]
[dsw_lio_sam_imuPreintegration-3] [ERROR] [1784780107.328248834] [dsw_lio_sam_imuPreintegration]: Lookup would require extrapolation into the past.  Requested time 1594369170.528099 but the earliest data is at time 1594369170.981944, when looking up transform from frame [base_link] to frame [lidar_link]
[dsw_lio_sam_imuPreintegration-3] [ERROR] [1784780107.376225402] [dsw_lio_sam_imuPreintegration]: Lookup would require extrapolation into the past.  Requested time 1594369170.528099 but the earliest data is at time 1594369170.981944, when looking up transform from frame [base_link] to frame [lidar_link]
[dsw_lio_sam_imuPreintegration-3] [ERROR] [1784780107.425357351] [dsw_lio_sam_imuPreintegration]: Lookup would require extrapolation into the past.  Requested time 1594369170.528099 but the earliest data is at time 1594369170.981944, when looking up transform from frame [base_link] to frame [lidar_link]
[dsw_lio_sam_imuPreintegration-3] [ERROR] [1784780107.475499373] [dsw_lio_sam_imuPreintegration]: Lookup would require extrapolation into the past.  Requested time 1594369170.528099 but the earliest data is at time 1594369170.981944, when looking up transform from frame [base_link] to frame [lidar_link]
[dsw_lio_sam_imuPreintegration-3] [ERROR] [1784780107.475770854] [dsw_lio_sam_imuPreintegration]: Lookup would require extrapolation into the past.  Requested time 1594369170.528099 but the earliest data is at time 1594369170.981944, when looking up transform from frame [base_link] to frame [lidar_link]
[dsw_lio_sam_imuPreintegration-3] [ERROR] [1784780107.528341527] [dsw_lio_sam_imuPreintegration]: Lookup would require extrapolation into the past.  Requested time 1594369170.528099 but the earliest data is at time 1594369170.981944, when looking up transform from frame [base_link] to frame [lidar_link]
[dsw_lio_sam_imuPreintegration-3] [ERROR] [1784780107.576959723] [dsw_lio_sam_imuPreintegration]: Lookup would require extrapolation into the past.  Requested time 1594369170.528099 but the earliest data is at time 1594369170.981944, when looking up transform from frame [base_link] to frame [lidar_link]
[dsw_lio_sam_imuPreintegration-3] [ERROR] [1784780107.626619788] [dsw_lio_sam_imuPreintegration]: Lookup would require extrapolation into the past.  Requested time 1594369170.528099 but the earliest data is at time 1594369170.981944, when looking up transform from frame [base_link] to frame [lidar_link]
[dsw_lio_sam_imuPreintegration-3] [ERROR] [1784780107.691322246] [dsw_lio_sam_imuPreintegration]: Lookup would require extrapolation into the past.  Requested time 1594369170.528099 but the earliest data is at time 1594369170.981944, when looking up transform from frame [base_link] to frame [lidar_link]
[dsw_lio_sam_imuPreintegration-3] [ERROR] [1784780107.725791161] [dsw_lio_sam_imuPreintegration]: Lookup would require extrapolation into the past.  Requested time 1594369170.528099 but the earliest data is at time 1594369170.981944, when looking up transform from frame [base_link] to frame [lidar_link]
[dsw_lio_sam_imuPreintegration-3] [ERROR] [1784780107.775467182] [dsw_lio_sam_imuPreintegration]: Lookup would require extrapolation into the past.  Requested time 1594369170.528099 but the earliest data is at time 1594369170.981944, when looking up transform from frame [base_link] to frame [lidar_link]
[dsw_lio_sam_imuPreintegration-3] [ERROR] [1784780107.825982127] [dsw_lio_sam_imuPreintegration]: Lookup would require extrapolation into the past.  Requested time 1594369170.528099 but the earliest data is at time 1594369170.981944, when looking up transform from frame [base_link] to frame [lidar_link]
[dsw_lio_sam_imuPreintegration-3] [ERROR] [1784780107.877368569] [dsw_lio_sam_imuPreintegration]: Lookup would require extrapolation into the past.  Requested time 1594369170.528099 but the earliest data is at time 1594369170.981944, when looking up transform from frame [base_link] to frame [lidar_link]
[dsw_lio_sam_imuPreintegration-3] [ERROR] [1784780107.925598674] [dsw_lio_sam_imuPreintegration]: Lookup would require extrapolation into the past.  Requested time 1594369170.528099 but the earliest data is at time 1594369170.981944, when looking up transform from frame [base_link] to frame [lidar_link]
[dsw_lio_sam_imuPreintegration-3] [ERROR] [1784780107.977497207] [dsw_lio_sam_imuPreintegration]: Lookup would require extrapolation into the past.  Requested time 1594369170.528099 but the earliest data is at time 1594369170.981944, when looking up transform from frame [base_link] to frame [lidar_link]
[dsw_lio_sam_imuPreintegration-3] [ERROR] [1784780108.026483599] [dsw_lio_sam_imuPreintegration]: Lookup would require extrapolation into the past.  Requested time 1594369170.528099 but the earliest data is at time 1594369170.981944, when looking up transform from frame [base_link] to frame [lidar_link]
[dsw_lio_sam_imuPreintegration-3] [ERROR] [1784780108.076773459] [dsw_lio_sam_imuPreintegration]: Lookup would require extrapolation into the past.  Requested time 1594369170.528099 but the earliest data is at time 1594369170.981944, when looking up transform from frame [base_link] to frame [lidar_link]
[dsw_lio_sam_imuPreintegration-3] [ERROR] [1784780108.126033411] [dsw_lio_sam_imuPreintegration]: Lookup would require extrapolation into the past.  Requested time 1594369170.528099 but the earliest data is at time 1594369170.981944, when looking up transform from frame [base_link] to frame [lidar_link]
[dsw_lio_sam_imuPreintegration-3] [ERROR] [1784780108.226706787] [dsw_lio_sam_imuPreintegration]: Lookup would require extrapolation into the past.  Requested time 1594369170.528099 but the earliest data is at time 1594369170.981944, when looking up transform from frame [base_link] to frame [lidar_link]
[dsw_lio_sam_imuPreintegration-3] [ERROR] [1784780108.227091224] [dsw_lio_sam_imuPreintegration]: Lookup would require extrapolation into the past.  Requested time 1594369170.528099 but the earliest data is at time 1594369170.981944, when looking up transform from frame [base_link] to frame [lidar_link]
[dsw_lio_sam_imuPreintegration-3] [ERROR] [1784780108.327419824] [dsw_lio_sam_imuPreintegration]: Lookup would require extrapolation into the past.  Requested time 1594369170.528099 but the earliest data is at time 1594369170.981944, when looking up transform from frame [base_link] to frame [lidar_link]
[dsw_lio_sam_imuPreintegration-3] [ERROR] [1784780108.376765793] [dsw_lio_sam_imuPreintegration]: Lookup would require extrapolation into the past.  Requested time 1594369170.528099 but the earliest data is at time 1594369170.981944, when looking up transform from frame [base_link] to frame [lidar_link]
[dsw_lio_sam_imuPreintegration-3] [ERROR] [1784780108.426903824] [dsw_lio_sam_imuPreintegration]: Lookup would require extrapolation into the past.  Requested time 1594369170.528099 but the earliest data is at time 1594369170.981944, when looking up transform from frame [base_link] to frame [lidar_link]
[dsw_lio_sam_imuPreintegration-3] [ERROR] [1784780108.427308036] [dsw_lio_sam_imuPreintegration]: Lookup would require extrapolation into the past.  Requested time 1594369170.528099 but the earliest data is at time 1594369170.981944, when looking up transform from frame [base_link] to frame [lidar_link]
[dsw_lio_sam_imuPreintegration-3] [ERROR] [1784780108.475443632] [dsw_lio_sam_imuPreintegration]: Lookup would require extrapolation into the past.  Requested time 1594369170.528099 but the earliest data is at time 1594369170.981944, when looking up transform from frame [base_link] to frame [lidar_link]
[dsw_lio_sam_imuPreintegration-3] [ERROR] [1784780108.527225428] [dsw_lio_sam_imuPreintegration]: Lookup would require extrapolation into the past.  Requested time 1594369170.528099 but the earliest data is at time 1594369170.981944, when looking up transform from frame [base_link] to frame [lidar_link]
[dsw_lio_sam_imuPreintegration-3] [ERROR] [1784780108.626584987] [dsw_lio_sam_imuPreintegration]: Lookup would require extrapolation into the past.  Requested time 1594369170.528099 but the earliest data is at time 1594369170.981944, when looking up transform from frame [base_link] to frame [lidar_link]
[dsw_lio_sam_imuPreintegration-3] [ERROR] [1784780108.678451296] [dsw_lio_sam_imuPreintegration]: Lookup would require extrapolation into the past.  Requested time 1594369170.528099 but the earliest data is at time 1594369170.981944, when looking up transform from frame [base_link] to frame [lidar_link]
[dsw_lio_sam_imuPreintegration-3] [ERROR] [1784780108.726768003] [dsw_lio_sam_imuPreintegration]: Lookup would require extrapolation into the past.  Requested time 1594369170.528099 but the earliest data is at time 1594369170.981944, when looking up transform from frame [base_link] to frame [lidar_link]
[dsw_lio_sam_imuPreintegration-3] [ERROR] [1784780108.727130250] [dsw_lio_sam_imuPreintegration]: Lookup would require extrapolation into the past.  Requested time 1594369170.528099 but the earliest data is at time 1594369170.981944, when looking up transform from frame [base_link] to frame [lidar_link]
[dsw_lio_sam_imuPreintegration-3] [ERROR] [1784780108.776219108] [dsw_lio_sam_imuPreintegration]: Lookup would require extrapolation into the past.  Requested time 1594369170.528099 but the earliest data is at time 1594369170.981944, when looking up transform from frame [base_link] to frame [lidar_link]
[dsw_lio_sam_imuPreintegration-3] [ERROR] [1784780108.825527375] [dsw_lio_sam_imuPreintegration]: Lookup would require extrapolation into the past.  Requested time 1594369170.528099 but the earliest data is at time 1594369170.981944, when looking up transform from frame [base_link] to frame [lidar_link]
[dsw_lio_sam_imuPreintegration-3] [ERROR] [1784780108.876560155] [dsw_lio_sam_imuPreintegration]: Lookup would require extrapolation into the past.  Requested time 1594369170.528099 but the earliest data is at time 1594369170.981944, when looking up transform from frame [base_link] to frame [lidar_link]
[dsw_lio_sam_imuPreintegration-3] [ERROR] [1784780108.925580631] [dsw_lio_sam_imuPreintegration]: Lookup would require extrapolation into the past.  Requested time 1594369170.528099 but the earliest data is at time 1594369170.981944, when looking up transform from frame [base_link] to frame [lidar_link]
[dsw_lio_sam_imuPreintegration-3] [ERROR] [1784780109.025515286] [dsw_lio_sam_imuPreintegration]: Lookup would require extrapolation into the past.  Requested time 1594369170.528099 but the earliest data is at time 1594369170.981944, when looking up transform from frame [base_link] to frame [lidar_link]
[dsw_lio_sam_imuPreintegration-3] [ERROR] [1784780109.025918487] [dsw_lio_sam_imuPreintegration]: Lookup would require extrapolation into the past.  Requested time 1594369170.528099 but the earliest data is at time 1594369170.981944, when looking up transform from frame [base_link] to frame [lidar_link]
[dsw_lio_sam_imuPreintegration-3] [ERROR] [1784780109.076710296] [dsw_lio_sam_imuPreintegration]: Lookup would require extrapolation into the past.  Requested time 1594369170.528099 but the earliest data is at time 1594369170.981944, when looking up transform from frame [base_link] to frame [lidar_link]
[dsw_lio_sam_imuPreintegration-3] [ERROR] [1784780109.126203993] [dsw_lio_sam_imuPreintegration]: Lookup would require extrapolation into the past.  Requested time 1594369170.528099 but the earliest data is at time 1594369170.981944, when looking up transform from frame [base_link] to frame [lidar_link]
[dsw_lio_sam_imuPreintegration-3] [ERROR] [1784780109.175802720] [dsw_lio_sam_imuPreintegration]: Lookup would require extrapolation into the past.  Requested time 1594369170.528099 but the earliest data is at time 1594369170.981944, when looking up transform from frame [base_link] to frame [lidar_link]
[dsw_lio_sam_imuPreintegration-3] [ERROR] [1784780109.275633303] [dsw_lio_sam_imuPreintegration]: Lookup would require extrapolation into the past.  Requested time 1594369170.528099 but the earliest data is at time 1594369170.981944, when looking up transform from frame [base_link] to frame [lidar_link]
[dsw_lio_sam_imuPreintegration-3] [ERROR] [1784780109.275938780] [dsw_lio_sam_imuPreintegration]: Lookup would require extrapolation into the past.  Requested time 1594369170.528099 but the earliest data is at time 1594369170.981944, when looking up transform from frame [base_link] to frame [lidar_link]
[dsw_lio_sam_imuPreintegration-3] [ERROR] [1784780109.327713017] [dsw_lio_sam_imuPreintegration]: Lookup would require extrapolation into the past.  Requested time 1594369170.528099 but the earliest data is at time 1594369170.981944, when looking up transform from frame [base_link] to frame [lidar_link]
[dsw_lio_sam_imuPreintegration-3] [ERROR] [1784780109.377106799] [dsw_lio_sam_imuPreintegration]: Lookup would require extrapolation into the past.  Requested time 1594369170.528099 but the earliest data is at time 1594369170.981944, when looking up transform from frame [base_link] to frame [lidar_link]
[dsw_lio_sam_imuPreintegration-3] [ERROR] [1784780109.476382707] [dsw_lio_sam_imuPreintegration]: Lookup would require extrapolation into the past.  Requested time 1594369170.528099 but the earliest data is at time 1594369170.981944, when looking up transform from frame [base_link] to frame [lidar_link]
[dsw_lio_sam_imuPreintegration-3] [ERROR] [1784780109.526222957] [dsw_lio_sam_imuPreintegration]: Lookup would require extrapolation into the past.  Requested time 1594369170.528099 but the earliest data is at time 1594369170.981944, when looking up transform from frame [base_link] to frame [lidar_link]
[dsw_lio_sam_imuPreintegration-3] [ERROR] [1784780109.577743945] [dsw_lio_sam_imuPreintegration]: Lookup would require extrapolation into the past.  Requested time 1594369170.528099 but the earliest data is at time 1594369170.981944, when looking up transform from frame [base_link] to frame [lidar_link]
[dsw_lio_sam_imuPreintegration-3] [ERROR] [1784780109.578113092] [dsw_lio_sam_imuPreintegration]: Lookup would require extrapolation into the past.  Requested time 1594369170.528099 but the earliest data is at time 1594369170.981944, when looking up transform from frame [base_link] to frame [lidar_link]
[dsw_lio_sam_imuPreintegration-3] [ERROR] [1784780109.625931643] [dsw_lio_sam_imuPreintegration]: Lookup would require extrapolation into the past.  Requested time 1594369170.528099 but the earliest data is at time 1594369170.981944, when looking up transform from frame [base_link] to frame [lidar_link]
[dsw_lio_sam_imuPreintegration-3] [ERROR] [1784780109.728889018] [dsw_lio_sam_imuPreintegration]: Lookup would require extrapolation into the past.  Requested time 1594369170.528099 but the earliest data is at time 1594369170.981944, when looking up transform from frame [base_link] to frame [lidar_link]
[dsw_lio_sam_imuPreintegration-3] [ERROR] [1784780109.729340334] [dsw_lio_sam_imuPreintegration]: Lookup would require extrapolation into the past.  Requested time 1594369170.528099 but the earliest data is at time 1594369170.981944, when looking up transform from frame [base_link] to frame [lidar_link]
[dsw_lio_sam_imageProjection-4] [WARN] [1784780110.684779340] [dsw_lio_sam_imageProjection]: No synced semantic cloud for lidar stamp 1594369171.328400; best diff 0.199s
[dsw_lio_sam_imageProjection-4] [WARN] [1784780121.173884184] [dsw_lio_sam_imageProjection]: No synced semantic cloud for lidar stamp 1594369174.228538; best diff 0.101s
[dsw_lio_sam_imageProjection-4] [WARN] [1784780122.628178074] [dsw_lio_sam_imageProjection]: IMU orientation not available (6-axis IMU), using identity quaternion.
[dsw_lio_sam_imuPreintegration-3] [WARN] [1784780122.628192600] [dsw_lio_sam_imuPreintegration]: IMU orientation not available (6-axis IMU), using identity quaternion.
[dsw_lio_sam_imageProjection-4] [WARN] [1784780141.174243068] [dsw_lio_sam_imageProjection]: No synced semantic cloud for lidar stamp 1594369178.327652; best diff 0.101s
[dsw_lio_sam_featureExtraction-5] [WARN] [1784780144.625962621] [dsw_lio_sam_featureExtraction]: Waiting for deskewed point cloud on /dsw_lio_sam/deskew/cloud_deskewed
[dsw_lio_sam_imageProjection-4] [WARN] [1784780147.686573546] [dsw_lio_sam_imageProjection]: IMU orientation not available (6-axis IMU), using identity quaternion.
[dsw_lio_sam_imuPreintegration-3] [WARN] [1784780147.686583796] [dsw_lio_sam_imuPreintegration]: IMU orientation not available (6-axis IMU), using identity quaternion.
[dsw_lio_sam_imageProjection-4] [WARN] [1784780155.191438154] [dsw_lio_sam_imageProjection]: No synced semantic cloud for lidar stamp 1594369180.828099; best diff 0.099s
[dsw_lio_sam_featureExtraction-5] [WARN] [1784780162.154850942] [dsw_lio_sam_featureExtraction]: Waiting for deskewed point cloud on /dsw_lio_sam/deskew/cloud_deskewed
[dsw_lio_sam_imageProjection-4] [WARN] [1784780162.201811954] [dsw_lio_sam_imageProjection]: Semantic cloud is required but no semantic messages have arrived.
[dsw_lio_sam_imageProjection-4] [WARN] [1784780165.191112554] [dsw_lio_sam_imageProjection]: No synced semantic cloud for lidar stamp 1594369183.126911; best diff 0.100s
[dsw_lio_sam_imageProjection-4] [WARN] [1784780172.732705711] [dsw_lio_sam_imageProjection]: IMU orientation not available (6-axis IMU), using identity quaternion.
[dsw_lio_sam_imuPreintegration-3] [WARN] [1784780172.732719856] [dsw_lio_sam_imuPreintegration]: IMU orientation not available (6-axis IMU), using identity quaternion.
[dsw_lio_sam_featureExtraction-5] [WARN] [1784780175.116270740] [dsw_lio_sam_featureExtraction]: Waiting for deskewed point cloud on /dsw_lio_sam/deskew/cloud_deskewed
[dsw_lio_sam_imageProjection-4] [WARN] [1784780176.186355489] [dsw_lio_sam_imageProjection]: No synced semantic cloud for lidar stamp 1594369185.628153; best diff 0.101s
[dsw_lio_sam_imuPreintegration-3] [WARN] [1784780176.698017142] [dsw_lio_sam_imuPreintegration]: Large velocity, reset IMU-preintegration!
[dsw_lio_sam_imageProjection-4] [WARN] [1784780187.175504403] [dsw_lio_sam_imageProjection]: No synced semantic cloud for lidar stamp 1594369187.527662; best diff 0.101s
[dsw_lio_sam_imuPreintegration-3] [WARN] [1784780193.369045496] [dsw_lio_sam_imuPreintegration]: Large velocity, reset IMU-preintegration!
[dsw_lio_sam_imageProjection-4] [WARN] [1784780197.736830935] [dsw_lio_sam_imageProjection]: IMU orientation not available (6-axis IMU), using identity quaternion.
[dsw_lio_sam_imuPreintegration-3] [WARN] [1784780197.736874026] [dsw_lio_sam_imuPreintegration]: IMU orientation not available (6-axis IMU), using identity quaternion.
[dsw_lio_sam_imageProjection-4] [WARN] [1784780205.187676904] [dsw_lio_sam_imageProjection]: No synced semantic cloud for lidar stamp 1594369189.526705; best diff 0.100s
[dsw_lio_sam_featureExtraction-5] [WARN] [1784780206.677925499] [dsw_lio_sam_featureExtraction]: Waiting for deskewed point cloud on /dsw_lio_sam/deskew/cloud_deskewed
[dsw_lio_sam_imageProjection-4] [WARN] [1784780217.190639878] [dsw_lio_sam_imageProjection]: No synced semantic cloud for lidar stamp 1594369193.726985; best diff 0.101s
[dsw_lio_sam_featureExtraction-5] [WARN] [1784780222.158880267] [dsw_lio_sam_featureExtraction]: Waiting for deskewed point cloud on /dsw_lio_sam/deskew/cloud_deskewed
[dsw_lio_sam_imuPreintegration-3] [WARN] [1784780222.738001073] [dsw_lio_sam_imuPreintegration]: IMU orientation not available (6-axis IMU), using identity quaternion.
[dsw_lio_sam_imageProjection-4] [WARN] [1784780222.738005160] [dsw_lio_sam_imageProjection]: IMU orientation not available (6-axis IMU), using identity quaternion.
[dsw_lio_sam_featureExtraction-5] [WARN] [1784780236.160384146] [dsw_lio_sam_featureExtraction]: Waiting for deskewed point cloud on /dsw_lio_sam/deskew/cloud_deskewed
[dsw_lio_sam_imuPreintegration-3] [WARN] [1784780236.987135699] [dsw_lio_sam_imuPreintegration]: Large velocity, reset IMU-preintegration!
[dsw_lio_sam_imageProjection-4] [WARN] [1784780245.185111284] [dsw_lio_sam_imageProjection]: No synced semantic cloud for lidar stamp 1594369199.128555; best diff 0.100s
[dsw_lio_sam_imageProjection-4] [WARN] [1784780247.790980908] [dsw_lio_sam_imageProjection]: IMU orientation not available (6-axis IMU), using identity quaternion.
[dsw_lio_sam_imuPreintegration-3] [WARN] [1784780247.790980836] [dsw_lio_sam_imuPreintegration]: IMU orientation not available (6-axis IMU), using identity quaternion.
[dsw_lio_sam_imageProjection-4] [WARN] [1784780257.687531010] [dsw_lio_sam_imageProjection]: No synced semantic cloud for lidar stamp 1594369201.127729; best diff 0.201s
[dsw_lio_sam_imageProjection-4] [WARN] [1784780272.793801634] [dsw_lio_sam_imageProjection]: IMU orientation not available (6-axis IMU), using identity quaternion.
[dsw_lio_sam_imuPreintegration-3] [WARN] [1784780272.793808461] [dsw_lio_sam_imuPreintegration]: IMU orientation not available (6-axis IMU), using identity quaternion.
[dsw_lio_sam_imageProjection-4] [WARN] [1784780276.183143982] [dsw_lio_sam_imageProjection]: No synced semantic cloud for lidar stamp 1594369205.327093; best diff 0.100s
[dsw_lio_sam_imuPreintegration-3] [WARN] [1784780277.204567294] [dsw_lio_sam_imuPreintegration]: Large velocity, reset IMU-preintegration!
[dsw_lio_sam_imageProjection-4] [WARN] [1784780289.667723490] [dsw_lio_sam_imageProjection]: No synced semantic cloud for lidar stamp 1594369208.024994; best diff 0.403s
[dsw_lio_sam_featureExtraction-5] [WARN] [1784780291.105603505] [dsw_lio_sam_featureExtraction]: Waiting for deskewed point cloud on /dsw_lio_sam/deskew/cloud_deskewed
[dsw_lio_sam_imuPreintegration-3] [WARN] [1784780293.807245565] [dsw_lio_sam_imuPreintegration]: Large velocity, reset IMU-preintegration!
[dsw_lio_sam_imageProjection-4] [WARN] [1784780297.845529480] [dsw_lio_sam_imageProjection]: IMU orientation not available (6-axis IMU), using identity quaternion.
[dsw_lio_sam_imuPreintegration-3] [WARN] [1784780297.845616792] [dsw_lio_sam_imuPreintegration]: IMU orientation not available (6-axis IMU), using identity quaternion.
[dsw_lio_sam_imageProjection-4] [WARN] [1784780299.663298887] [dsw_lio_sam_imageProjection]: No synced semantic cloud for lidar stamp 1594369210.327144; best diff 0.100s
[dsw_lio_sam_imuPreintegration-3] [WARN] [1784780302.673838651] [dsw_lio_sam_imuPreintegration]: Large velocity, reset IMU-preintegration!
[dsw_lio_sam_featureExtraction-5] [WARN] [1784780307.054559333] [dsw_lio_sam_featureExtraction]: Waiting for deskewed point cloud on /dsw_lio_sam/deskew/cloud_deskewed
[dsw_lio_sam_imageProjection-4] [WARN] [1784780315.161258530] [dsw_lio_sam_imageProjection]: No synced semantic cloud for lidar stamp 1594369213.327171; best diff 0.200s
[dsw_lio_sam_featureExtraction-5] [WARN] [1784780318.112562530] [dsw_lio_sam_featureExtraction]: Waiting for deskewed point cloud on /dsw_lio_sam/deskew/cloud_deskewed
[dsw_lio_sam_imageProjection-4] [WARN] [1784780322.899851589] [dsw_lio_sam_imageProjection]: IMU orientation not available (6-axis IMU), using identity quaternion.
[dsw_lio_sam_imuPreintegration-3] [WARN] [1784780322.899877590] [dsw_lio_sam_imuPreintegration]: IMU orientation not available (6-axis IMU), using identity quaternion.
[dsw_lio_sam_imuPreintegration-3] [WARN] [1784780327.880636879] [dsw_lio_sam_imuPreintegration]: Large velocity, reset IMU-preintegration!
[dsw_lio_sam_imageProjection-4] [WARN] [1784780329.157250570] [dsw_lio_sam_imageProjection]: No synced semantic cloud for lidar stamp 1594369215.626341; best diff 0.100s
[dsw_lio_sam_imuPreintegration-3] [WARN] [1784780338.702879781] [dsw_lio_sam_imuPreintegration]: Large velocity, reset IMU-preintegration!
[dsw_lio_sam_imageProjection-4] [WARN] [1784780341.171234007] [dsw_lio_sam_imageProjection]: No synced semantic cloud for lidar stamp 1594369218.227870; best diff 0.099s
[dsw_lio_sam_imuPreintegration-3] [WARN] [1784780347.953195289] [dsw_lio_sam_imuPreintegration]: IMU orientation not available (6-axis IMU), using identity quaternion.
[dsw_lio_sam_imageProjection-4] [WARN] [1784780347.953192991] [dsw_lio_sam_imageProjection]: IMU orientation not available (6-axis IMU), using identity quaternion.
[dsw_lio_sam_imageProjection-4] [WARN] [1784780357.166962543] [dsw_lio_sam_imageProjection]: No synced semantic cloud for lidar stamp 1594369221.327196; best diff 0.099s
[dsw_lio_sam_featureExtraction-5] [WARN] [1784780358.593765557] [dsw_lio_sam_featureExtraction]: Waiting for deskewed point cloud on /dsw_lio_sam/deskew/cloud_deskewed
[dsw_lio_sam_imageProjection-4] [WARN] [1784780368.163994934] [dsw_lio_sam_imageProjection]: No synced semantic cloud for lidar stamp 1594369223.126228; best diff 0.101s
[dsw_lio_sam_imageProjection-4] [WARN] [1784780372.954937778] [dsw_lio_sam_imageProjection]: IMU orientation not available (6-axis IMU), using identity quaternion.
[dsw_lio_sam_imuPreintegration-3] [WARN] [1784780372.954939657] [dsw_lio_sam_imuPreintegration]: IMU orientation not available (6-axis IMU), using identity quaternion.
[dsw_lio_sam_imageProjection-4] [WARN] [1784780380.659224079] [dsw_lio_sam_imageProjection]: No synced semantic cloud for lidar stamp 1594369224.727576; best diff 0.200s
[dsw_lio_sam_featureExtraction-5] [WARN] [1784780382.548336481] [dsw_lio_sam_featureExtraction]: Waiting for deskewed point cloud on /dsw_lio_sam/deskew/cloud_deskewed
[dsw_lio_sam_imuPreintegration-3] [WARN] [1784780388.203573214] [dsw_lio_sam_imuPreintegration]: Large velocity, reset IMU-preintegration!
[dsw_lio_sam_imuPreintegration-3] [WARN] [1784780392.739504463] [dsw_lio_sam_imuPreintegration]: Large velocity, reset IMU-preintegration!
[dsw_lio_sam_imageProjection-4] [WARN] [1784780397.957012427] [dsw_lio_sam_imageProjection]: IMU orientation not available (6-axis IMU), using identity quaternion.
[dsw_lio_sam_imuPreintegration-3] [WARN] [1784780397.957044995] [dsw_lio_sam_imuPreintegration]: IMU orientation not available (6-axis IMU), using identity quaternion.
[dsw_lio_sam_imageProjection-4] [WARN] [1784780398.662322890] [dsw_lio_sam_imageProjection]: No synced semantic cloud for lidar stamp 1594369229.627164; best diff 0.200s
[dsw_lio_sam_imageProjection-4] [WARN] [1784780399.174466823] [dsw_lio_sam_imageProjection]: Semantic cloud is required but all queued semantic messages are too old.
