[INFO] [launch]: All log files can be found below /home/zly/.ros/log/2026-07-23-12-20-24-283589-LAPTOP-LAHD0B48-7119
[INFO] [launch]: Default logging verbosity is set to INFO
urdf_file_name : /home/zly/ros2_ws/install/dsw_lio_sam/share/dsw_lio_sam/config/robot.urdf.xacro
[INFO] [static_transform_publisher-1]: process started with pid [7122]
[INFO] [robot_state_publisher-2]: process started with pid [7124]
[INFO] [dsw_lio_sam_imuPreintegration-3]: process started with pid [7126]
[INFO] [dsw_lio_sam_imageProjection-4]: process started with pid [7128]
[INFO] [dsw_lio_sam_featureExtraction-5]: process started with pid [7130]
[INFO] [dsw_lio_sam_mapOptimization-6]: process started with pid [7132]
[INFO] [rviz2-7]: process started with pid [7134]
[INFO] [semantic_replay_node-8]: process started with pid [7136]
[static_transform_publisher-1] [WARN] [1784780424.874514123] []: Old-style arguments are deprecated; see --help for new-style arguments
[static_transform_publisher-1] [INFO] [1784780424.896931016] [static_transform_publisher_FRRfizdnePhqlbSS]: Spinning until stopped - publishing transform
[static_transform_publisher-1] translation: ('0.000000', '0.000000', '0.000000')
[static_transform_publisher-1] rotation: ('0.000000', '0.000000', '0.000000', '1.000000')
[static_transform_publisher-1] from 'map' to 'odom'
[robot_state_publisher-2] [INFO] [1784780424.915504644] [robot_state_publisher]: got segment base_link
[robot_state_publisher-2] [INFO] [1784780424.915622065] [robot_state_publisher]: got segment chassis_link
[robot_state_publisher-2] [INFO] [1784780424.915631262] [robot_state_publisher]: got segment imu_link
[robot_state_publisher-2] [INFO] [1784780424.915635489] [robot_state_publisher]: got segment laser_sensor_frame
[robot_state_publisher-2] [INFO] [1784780424.915638997] [robot_state_publisher]: got segment lidar_link
[robot_state_publisher-2] [INFO] [1784780424.915642309] [robot_state_publisher]: got segment navsat_link
[dsw_lio_sam_featureExtraction-5] [INFO] [1784780424.925302191] [rclcpp]: [1;32m----> Feature Extraction Started.[0m
[dsw_lio_sam_imuPreintegration-3] [WARN] [1784780424.936358598] [rcl.logging_rosout]: Publisher already registered for provided node name. If this is due to multiple nodes with the same name then all logs for that logger name will go out over the existing publisher. As soon as any node with that name is destructed it will unregister the publisher, preventing any further logs for that name from being published on the rosout topic.
[semantic_replay_node-8] /usr/bin/env: ‘python3\r’: No such file or directory
[ERROR] [semantic_replay_node-8]: process has died [pid 7136, exit code 127, cmd '/home/zly/ros2_ws/install/dsw_lio_sam/lib/dsw_lio_sam/semantic_replay_node --ros-args -r __node:=semantic_replay_node --params-file /tmp/launch_params_r5tohfds'].
[dsw_lio_sam_imageProjection-4] [INFO] [1784780424.940301377] [rclcpp]: [1;32m----> Image Projection Started.[0m
[dsw_lio_sam_imuPreintegration-3] [INFO] [1784780424.960611238] [rclcpp]: [1;32m----> IMU Preintegration Started.[0m
[dsw_lio_sam_mapOptimization-6] [INFO] [1784780425.084136822] [rclcpp]: [1;32m----> Map Optimization Started.[0m
[rviz2-7] [INFO] [1784780426.277628983] [rviz2]: Stereo is NOT SUPPORTED
[rviz2-7] [INFO] [1784780426.277857799] [rviz2]: OpenGl version: 4.2 (GLSL 4.2)
[rviz2-7] [INFO] [1784780426.336158602] [rviz2]: Stereo is NOT SUPPORTED
[rviz2-7] [WARN] [1784780437.075207230] [rviz2]: Detected jump back in time. Resetting RViz.
[rviz2-7] [WARN] [1784780437.075338530] [tf2_buffer]: Detected jump back in time. Clearing TF buffer.
[dsw_lio_sam_imuPreintegration-3] [WARN] [1784780437.075296668] [tf2_buffer]: Detected jump back in time. Clearing TF buffer.
[dsw_lio_sam_imuPreintegration-3] [WARN] [1784780456.786930111] [dsw_lio_sam_imuPreintegration]: IMU orientation not available (6-axis IMU), using identity quaternion.
[dsw_lio_sam_imageProjection-4] [WARN] [1784780456.787044833] [dsw_lio_sam_imageProjection]: IMU orientation not available (6-axis IMU), using identity quaternion.
[dsw_lio_sam_featureExtraction-5] [WARN] [1784780457.288770293] [dsw_lio_sam_featureExtraction]: Waiting for deskewed point cloud on /dsw_lio_sam/deskew/cloud_deskewed
[dsw_lio_sam_imuPreintegration-3] [ERROR] [1784780460.571839978] [dsw_lio_sam_imuPreintegration]: Could not find a connection between 'lidar_link' and 'base_link' because they are not part of the same tree.Tf has two or more unconnected trees.
[dsw_lio_sam_imuPreintegration-3] [ERROR] [1784780460.622139840] [dsw_lio_sam_imuPreintegration]: Lookup would require extrapolation at time 1594369169.626853, but only time 1594369171.141944 is in the buffer, when looking up transform from frame [base_link] to frame [lidar_link]
[dsw_lio_sam_imuPreintegration-3] [ERROR] [1784780460.671449559] [dsw_lio_sam_imuPreintegration]: Lookup would require extrapolation into the past.  Requested time 1594369169.626853 but the earliest data is at time 1594369171.141944, when looking up transform from frame [base_link] to frame [lidar_link]
[dsw_lio_sam_imuPreintegration-3] [ERROR] [1784780460.772838521] [dsw_lio_sam_imuPreintegration]: Lookup would require extrapolation into the past.  Requested time 1594369169.626853 but the earliest data is at time 1594369171.141944, when looking up transform from frame [base_link] to frame [lidar_link]
[dsw_lio_sam_imuPreintegration-3] [ERROR] [1784780460.821561236] [dsw_lio_sam_imuPreintegration]: Lookup would require extrapolation into the past.  Requested time 1594369169.626853 but the earliest data is at time 1594369171.141944, when looking up transform from frame [base_link] to frame [lidar_link]
[dsw_lio_sam_imuPreintegration-3] [ERROR] [1784780460.871822561] [dsw_lio_sam_imuPreintegration]: Lookup would require extrapolation into the past.  Requested time 1594369169.626853 but the earliest data is at time 1594369171.141944, when looking up transform from frame [base_link] to frame [lidar_link]
[dsw_lio_sam_imuPreintegration-3] [ERROR] [1784780460.922396924] [dsw_lio_sam_imuPreintegration]: Lookup would require extrapolation into the past.  Requested time 1594369169.626853 but the earliest data is at time 1594369171.141944, when looking up transform from frame [base_link] to frame [lidar_link]
[dsw_lio_sam_imuPreintegration-3] [ERROR] [1784780460.971920507] [dsw_lio_sam_imuPreintegration]: Lookup would require extrapolation into the past.  Requested time 1594369169.626853 but the earliest data is at time 1594369171.141944, when looking up transform from frame [base_link] to frame [lidar_link]
[dsw_lio_sam_imuPreintegration-3] [ERROR] [1784780461.022797047] [dsw_lio_sam_imuPreintegration]: Lookup would require extrapolation into the past.  Requested time 1594369169.626853 but the earliest data is at time 1594369171.141944, when looking up transform from frame [base_link] to frame [lidar_link]
[dsw_lio_sam_imuPreintegration-3] [ERROR] [1784780461.023511975] [dsw_lio_sam_imuPreintegration]: Lookup would require extrapolation into the past.  Requested time 1594369169.626853 but the earliest data is at time 1594369171.141944, when looking up transform from frame [base_link] to frame [lidar_link]
[dsw_lio_sam_imuPreintegration-3] [ERROR] [1784780461.078964121] [dsw_lio_sam_imuPreintegration]: Lookup would require extrapolation into the past.  Requested time 1594369169.626853 but the earliest data is at time 1594369171.141944, when looking up transform from frame [base_link] to frame [lidar_link]
[dsw_lio_sam_imuPreintegration-3] [ERROR] [1784780461.122123669] [dsw_lio_sam_imuPreintegration]: Lookup would require extrapolation into the past.  Requested time 1594369169.626853 but the earliest data is at time 1594369171.141944, when looking up transform from frame [base_link] to frame [lidar_link]
[dsw_lio_sam_imuPreintegration-3] [ERROR] [1784780461.173575307] [dsw_lio_sam_imuPreintegration]: Lookup would require extrapolation into the past.  Requested time 1594369169.626853 but the earliest data is at time 1594369171.141944, when looking up transform from frame [base_link] to frame [lidar_link]
[dsw_lio_sam_imuPreintegration-3] [ERROR] [1784780461.272130770] [dsw_lio_sam_imuPreintegration]: Lookup would require extrapolation into the past.  Requested time 1594369169.626853 but the earliest data is at time 1594369171.141944, when looking up transform from frame [base_link] to frame [lidar_link]
[dsw_lio_sam_imuPreintegration-3] [ERROR] [1784780461.272572665] [dsw_lio_sam_imuPreintegration]: Lookup would require extrapolation into the past.  Requested time 1594369169.626853 but the earliest data is at time 1594369171.141944, when looking up transform from frame [base_link] to frame [lidar_link]
[dsw_lio_sam_imuPreintegration-3] [ERROR] [1784780461.374202487] [dsw_lio_sam_imuPreintegration]: Lookup would require extrapolation into the past.  Requested time 1594369169.626853 but the earliest data is at time 1594369171.141944, when looking up transform from frame [base_link] to frame [lidar_link]
[dsw_lio_sam_imuPreintegration-3] [ERROR] [1784780461.374929978] [dsw_lio_sam_imuPreintegration]: Lookup would require extrapolation into the past.  Requested time 1594369169.626853 but the earliest data is at time 1594369171.141944, when looking up transform from frame [base_link] to frame [lidar_link]
[dsw_lio_sam_imuPreintegration-3] [ERROR] [1784780461.421684783] [dsw_lio_sam_imuPreintegration]: Lookup would require extrapolation into the past.  Requested time 1594369169.626853 but the earliest data is at time 1594369171.141944, when looking up transform from frame [base_link] to frame [lidar_link]
[dsw_lio_sam_imuPreintegration-3] [ERROR] [1784780461.472538135] [dsw_lio_sam_imuPreintegration]: Lookup would require extrapolation into the past.  Requested time 1594369169.626853 but the earliest data is at time 1594369171.141944, when looking up transform from frame [base_link] to frame [lidar_link]
[dsw_lio_sam_imuPreintegration-3] [ERROR] [1784780461.574702241] [dsw_lio_sam_imuPreintegration]: Lookup would require extrapolation into the past.  Requested time 1594369169.626853 but the earliest data is at time 1594369171.141944, when looking up transform from frame [base_link] to frame [lidar_link]
[dsw_lio_sam_imuPreintegration-3] [ERROR] [1784780461.621714261] [dsw_lio_sam_imuPreintegration]: Lookup would require extrapolation into the past.  Requested time 1594369169.626853 but the earliest data is at time 1594369171.141944, when looking up transform from frame [base_link] to frame [lidar_link]
[dsw_lio_sam_imuPreintegration-3] [ERROR] [1784780461.622356889] [dsw_lio_sam_imuPreintegration]: Lookup would require extrapolation into the past.  Requested time 1594369169.626853 but the earliest data is at time 1594369171.141944, when looking up transform from frame [base_link] to frame [lidar_link]
[dsw_lio_sam_imuPreintegration-3] [ERROR] [1784780461.722391560] [dsw_lio_sam_imuPreintegration]: Lookup would require extrapolation into the past.  Requested time 1594369169.626853 but the earliest data is at time 1594369171.141944, when looking up transform from frame [base_link] to frame [lidar_link]
[dsw_lio_sam_imuPreintegration-3] [ERROR] [1784780461.722940502] [dsw_lio_sam_imuPreintegration]: Lookup would require extrapolation into the past.  Requested time 1594369169.626853 but the earliest data is at time 1594369171.141944, when looking up transform from frame [base_link] to frame [lidar_link]
[dsw_lio_sam_imuPreintegration-3] [ERROR] [1784780461.773766149] [dsw_lio_sam_imuPreintegration]: Lookup would require extrapolation into the past.  Requested time 1594369170.128628 but the earliest data is at time 1594369171.141944, when looking up transform from frame [base_link] to frame [lidar_link]
[dsw_lio_sam_imuPreintegration-3] [ERROR] [1784780461.821918629] [dsw_lio_sam_imuPreintegration]: Lookup would require extrapolation into the past.  Requested time 1594369170.128628 but the earliest data is at time 1594369171.141944, when looking up transform from frame [base_link] to frame [lidar_link]
[dsw_lio_sam_imuPreintegration-3] [ERROR] [1784780461.872384151] [dsw_lio_sam_imuPreintegration]: Lookup would require extrapolation into the past.  Requested time 1594369170.128628 but the earliest data is at time 1594369171.141944, when looking up transform from frame [base_link] to frame [lidar_link]
[dsw_lio_sam_imuPreintegration-3] [ERROR] [1784780461.972214336] [dsw_lio_sam_imuPreintegration]: Lookup would require extrapolation into the past.  Requested time 1594369170.128628 but the earliest data is at time 1594369171.141944, when looking up transform from frame [base_link] to frame [lidar_link]
[dsw_lio_sam_imuPreintegration-3] [ERROR] [1784780462.023047558] [dsw_lio_sam_imuPreintegration]: Lookup would require extrapolation into the past.  Requested time 1594369170.128628 but the earliest data is at time 1594369171.141944, when looking up transform from frame [base_link] to frame [lidar_link]
[dsw_lio_sam_imuPreintegration-3] [ERROR] [1784780462.071762877] [dsw_lio_sam_imuPreintegration]: Lookup would require extrapolation into the past.  Requested time 1594369170.128628 but the earliest data is at time 1594369171.141944, when looking up transform from frame [base_link] to frame [lidar_link]
[dsw_lio_sam_imuPreintegration-3] [ERROR] [1784780462.122148556] [dsw_lio_sam_imuPreintegration]: Lookup would require extrapolation into the past.  Requested time 1594369170.128628 but the earliest data is at time 1594369171.141944, when looking up transform from frame [base_link] to frame [lidar_link]
[dsw_lio_sam_imuPreintegration-3] [ERROR] [1784780462.173301697] [dsw_lio_sam_imuPreintegration]: Lookup would require extrapolation into the past.  Requested time 1594369170.128628 but the earliest data is at time 1594369171.141944, when looking up transform from frame [base_link] to frame [lidar_link]
[dsw_lio_sam_imuPreintegration-3] [ERROR] [1784780462.173748771] [dsw_lio_sam_imuPreintegration]: Lookup would require extrapolation into the past.  Requested time 1594369170.128628 but the earliest data is at time 1594369171.141944, when looking up transform from frame [base_link] to frame [lidar_link]
[dsw_lio_sam_imuPreintegration-3] [ERROR] [1784780462.222984725] [dsw_lio_sam_imuPreintegration]: Lookup would require extrapolation into the past.  Requested time 1594369170.128628 but the earliest data is at time 1594369171.141944, when looking up transform from frame [base_link] to frame [lidar_link]
[dsw_lio_sam_imuPreintegration-3] [ERROR] [1784780462.273213153] [dsw_lio_sam_imuPreintegration]: Lookup would require extrapolation into the past.  Requested time 1594369170.128628 but the earliest data is at time 1594369171.141944, when looking up transform from frame [base_link] to frame [lidar_link]
[dsw_lio_sam_imuPreintegration-3] [ERROR] [1784780462.322191692] [dsw_lio_sam_imuPreintegration]: Lookup would require extrapolation into the past.  Requested time 1594369170.128628 but the earliest data is at time 1594369171.141944, when looking up transform from frame [base_link] to frame [lidar_link]
[dsw_lio_sam_imuPreintegration-3] [ERROR] [1784780462.422193965] [dsw_lio_sam_imuPreintegration]: Lookup would require extrapolation into the past.  Requested time 1594369170.128628 but the earliest data is at time 1594369171.141944, when looking up transform from frame [base_link] to frame [lidar_link]
[dsw_lio_sam_imuPreintegration-3] [ERROR] [1784780462.422659241] [dsw_lio_sam_imuPreintegration]: Lookup would require extrapolation into the past.  Requested time 1594369170.128628 but the earliest data is at time 1594369171.141944, when looking up transform from frame [base_link] to frame [lidar_link]
[dsw_lio_sam_imuPreintegration-3] [ERROR] [1784780462.472312966] [dsw_lio_sam_imuPreintegration]: Lookup would require extrapolation into the past.  Requested time 1594369170.128628 but the earliest data is at time 1594369171.141944, when looking up transform from frame [base_link] to frame [lidar_link]
[dsw_lio_sam_imuPreintegration-3] [ERROR] [1784780462.522241689] [dsw_lio_sam_imuPreintegration]: Lookup would require extrapolation into the past.  Requested time 1594369170.128628 but the earliest data is at time 1594369171.141944, when looking up transform from frame [base_link] to frame [lidar_link]
[dsw_lio_sam_imuPreintegration-3] [ERROR] [1784780462.572704718] [dsw_lio_sam_imuPreintegration]: Lookup would require extrapolation into the past.  Requested time 1594369170.128628 but the earliest data is at time 1594369171.141944, when looking up transform from frame [base_link] to frame [lidar_link]
[dsw_lio_sam_imuPreintegration-3] [ERROR] [1784780462.622898113] [dsw_lio_sam_imuPreintegration]: Lookup would require extrapolation into the past.  Requested time 1594369170.128628 but the earliest data is at time 1594369171.141944, when looking up transform from frame [base_link] to frame [lidar_link]
[dsw_lio_sam_imuPreintegration-3] [ERROR] [1784780462.723829795] [dsw_lio_sam_imuPreintegration]: Lookup would require extrapolation into the past.  Requested time 1594369170.128628 but the earliest data is at time 1594369171.141944, when looking up transform from frame [base_link] to frame [lidar_link]
[dsw_lio_sam_imuPreintegration-3] [ERROR] [1784780462.724384269] [dsw_lio_sam_imuPreintegration]: Lookup would require extrapolation into the past.  Requested time 1594369170.128628 but the earliest data is at time 1594369171.141944, when looking up transform from frame [base_link] to frame [lidar_link]
[dsw_lio_sam_imuPreintegration-3] [ERROR] [1784780462.772608578] [dsw_lio_sam_imuPreintegration]: Lookup would require extrapolation into the past.  Requested time 1594369170.428561 but the earliest data is at time 1594369171.141944, when looking up transform from frame [base_link] to frame [lidar_link]
[dsw_lio_sam_imuPreintegration-3] [ERROR] [1784780462.822636325] [dsw_lio_sam_imuPreintegration]: Lookup would require extrapolation into the past.  Requested time 1594369170.428561 but the earliest data is at time 1594369171.141944, when looking up transform from frame [base_link] to frame [lidar_link]
[dsw_lio_sam_imuPreintegration-3] [ERROR] [1784780462.872489488] [dsw_lio_sam_imuPreintegration]: Lookup would require extrapolation into the past.  Requested time 1594369170.428561 but the earliest data is at time 1594369171.141944, when looking up transform from frame [base_link] to frame [lidar_link]
[dsw_lio_sam_imuPreintegration-3] [ERROR] [1784780462.922556458] [dsw_lio_sam_imuPreintegration]: Lookup would require extrapolation into the past.  Requested time 1594369170.428561 but the earliest data is at time 1594369171.141944, when looking up transform from frame [base_link] to frame [lidar_link]
[dsw_lio_sam_imuPreintegration-3] [ERROR] [1784780462.972505829] [dsw_lio_sam_imuPreintegration]: Lookup would require extrapolation into the past.  Requested time 1594369170.428561 but the earliest data is at time 1594369171.141944, when looking up transform from frame [base_link] to frame [lidar_link]
[dsw_lio_sam_imuPreintegration-3] [ERROR] [1784780463.022411044] [dsw_lio_sam_imuPreintegration]: Lookup would require extrapolation into the past.  Requested time 1594369170.428561 but the earliest data is at time 1594369171.141944, when looking up transform from frame [base_link] to frame [lidar_link]
[dsw_lio_sam_imuPreintegration-3] [ERROR] [1784780463.121919169] [dsw_lio_sam_imuPreintegration]: Lookup would require extrapolation into the past.  Requested time 1594369170.428561 but the earliest data is at time 1594369171.141944, when looking up transform from frame [base_link] to frame [lidar_link]
[dsw_lio_sam_imuPreintegration-3] [ERROR] [1784780463.172374354] [dsw_lio_sam_imuPreintegration]: Lookup would require extrapolation into the past.  Requested time 1594369170.428561 but the earliest data is at time 1594369171.141944, when looking up transform from frame [base_link] to frame [lidar_link]
[dsw_lio_sam_imuPreintegration-3] [ERROR] [1784780463.172896013] [dsw_lio_sam_imuPreintegration]: Lookup would require extrapolation into the past.  Requested time 1594369170.428561 but the earliest data is at time 1594369171.141944, when looking up transform from frame [base_link] to frame [lidar_link]
[dsw_lio_sam_imuPreintegration-3] [ERROR] [1784780463.272672055] [dsw_lio_sam_imuPreintegration]: Lookup would require extrapolation into the past.  Requested time 1594369170.428561 but the earliest data is at time 1594369171.141944, when looking up transform from frame [base_link] to frame [lidar_link]
[dsw_lio_sam_imuPreintegration-3] [ERROR] [1784780463.273371661] [dsw_lio_sam_imuPreintegration]: Lookup would require extrapolation into the past.  Requested time 1594369170.428561 but the earliest data is at time 1594369171.141944, when looking up transform from frame [base_link] to frame [lidar_link]
[dsw_lio_sam_imuPreintegration-3] [ERROR] [1784780463.371645167] [dsw_lio_sam_imuPreintegration]: Lookup would require extrapolation into the past.  Requested time 1594369170.428561 but the earliest data is at time 1594369171.141944, when looking up transform from frame [base_link] to frame [lidar_link]
[dsw_lio_sam_imuPreintegration-3] [ERROR] [1784780463.371977273] [dsw_lio_sam_imuPreintegration]: Lookup would require extrapolation into the past.  Requested time 1594369170.428561 but the earliest data is at time 1594369171.141944, when looking up transform from frame [base_link] to frame [lidar_link]
[dsw_lio_sam_imuPreintegration-3] [ERROR] [1784780463.423920757] [dsw_lio_sam_imuPreintegration]: Lookup would require extrapolation into the past.  Requested time 1594369170.428561 but the earliest data is at time 1594369171.141944, when looking up transform from frame [base_link] to frame [lidar_link]
[dsw_lio_sam_imuPreintegration-3] [ERROR] [1784780463.473530157] [dsw_lio_sam_imuPreintegration]: Lookup would require extrapolation into the past.  Requested time 1594369170.428561 but the earliest data is at time 1594369171.141944, when looking up transform from frame [base_link] to frame [lidar_link]
[dsw_lio_sam_imuPreintegration-3] [ERROR] [1784780463.522457205] [dsw_lio_sam_imuPreintegration]: Lookup would require extrapolation into the past.  Requested time 1594369170.428561 but the earliest data is at time 1594369171.141944, when looking up transform from frame [base_link] to frame [lidar_link]
[dsw_lio_sam_imuPreintegration-3] [ERROR] [1784780463.573221223] [dsw_lio_sam_imuPreintegration]: Lookup would require extrapolation into the past.  Requested time 1594369170.428561 but the earliest data is at time 1594369171.141944, when looking up transform from frame [base_link] to frame [lidar_link]
[dsw_lio_sam_imuPreintegration-3] [ERROR] [1784780463.622817458] [dsw_lio_sam_imuPreintegration]: Lookup would require extrapolation into the past.  Requested time 1594369170.428561 but the earliest data is at time 1594369171.141944, when looking up transform from frame [base_link] to frame [lidar_link]
[dsw_lio_sam_imuPreintegration-3] [ERROR] [1784780463.725716152] [dsw_lio_sam_imuPreintegration]: Lookup would require extrapolation into the past.  Requested time 1594369170.428561 but the earliest data is at time 1594369171.141944, when looking up transform from frame [base_link] to frame [lidar_link]
[dsw_lio_sam_imuPreintegration-3] [ERROR] [1784780463.726288112] [dsw_lio_sam_imuPreintegration]: Lookup would require extrapolation into the past.  Requested time 1594369170.428561 but the earliest data is at time 1594369171.141944, when looking up transform from frame [base_link] to frame [lidar_link]
[dsw_lio_sam_imuPreintegration-3] [ERROR] [1784780463.822589979] [dsw_lio_sam_imuPreintegration]: Lookup would require extrapolation into the past.  Requested time 1594369170.428561 but the earliest data is at time 1594369171.141944, when looking up transform from frame [base_link] to frame [lidar_link]
[dsw_lio_sam_imuPreintegration-3] [ERROR] [1784780463.823128635] [dsw_lio_sam_imuPreintegration]: Lookup would require extrapolation into the past.  Requested time 1594369170.428561 but the earliest data is at time 1594369171.141944, when looking up transform from frame [base_link] to frame [lidar_link]
[dsw_lio_sam_imuPreintegration-3] [ERROR] [1784780463.922213711] [dsw_lio_sam_imuPreintegration]: Lookup would require extrapolation into the past.  Requested time 1594369170.627413 but the earliest data is at time 1594369171.141944, when looking up transform from frame [base_link] to frame [lidar_link]
[dsw_lio_sam_imuPreintegration-3] [ERROR] [1784780463.971731082] [dsw_lio_sam_imuPreintegration]: Lookup would require extrapolation into the past.  Requested time 1594369170.627413 but the earliest data is at time 1594369171.141944, when looking up transform from frame [base_link] to frame [lidar_link]
[dsw_lio_sam_imuPreintegration-3] [ERROR] [1784780464.021605532] [dsw_lio_sam_imuPreintegration]: Lookup would require extrapolation into the past.  Requested time 1594369170.627413 but the earliest data is at time 1594369171.141944, when looking up transform from frame [base_link] to frame [lidar_link]
[dsw_lio_sam_imuPreintegration-3] [ERROR] [1784780464.071396701] [dsw_lio_sam_imuPreintegration]: Lookup would require extrapolation into the past.  Requested time 1594369170.627413 but the earliest data is at time 1594369171.141944, when looking up transform from frame [base_link] to frame [lidar_link]
[dsw_lio_sam_imuPreintegration-3] [ERROR] [1784780464.071762030] [dsw_lio_sam_imuPreintegration]: Lookup would require extrapolation into the past.  Requested time 1594369170.627413 but the earliest data is at time 1594369171.141944, when looking up transform from frame [base_link] to frame [lidar_link]
[dsw_lio_sam_imuPreintegration-3] [ERROR] [1784780464.122525186] [dsw_lio_sam_imuPreintegration]: Lookup would require extrapolation into the past.  Requested time 1594369170.627413 but the earliest data is at time 1594369171.141944, when looking up transform from frame [base_link] to frame [lidar_link]
[dsw_lio_sam_imuPreintegration-3] [ERROR] [1784780464.171614297] [dsw_lio_sam_imuPreintegration]: Lookup would require extrapolation into the past.  Requested time 1594369170.627413 but the earliest data is at time 1594369171.141944, when looking up transform from frame [base_link] to frame [lidar_link]
[dsw_lio_sam_imuPreintegration-3] [ERROR] [1784780464.223157682] [dsw_lio_sam_imuPreintegration]: Lookup would require extrapolation into the past.  Requested time 1594369170.627413 but the earliest data is at time 1594369171.141944, when looking up transform from frame [base_link] to frame [lidar_link]
[dsw_lio_sam_imuPreintegration-3] [ERROR] [1784780464.272633773] [dsw_lio_sam_imuPreintegration]: Lookup would require extrapolation into the past.  Requested time 1594369170.627413 but the earliest data is at time 1594369171.141944, when looking up transform from frame [base_link] to frame [lidar_link]
[dsw_lio_sam_imuPreintegration-3] [ERROR] [1784780464.324161254] [dsw_lio_sam_imuPreintegration]: Lookup would require extrapolation into the past.  Requested time 1594369170.627413 but the earliest data is at time 1594369171.141944, when looking up transform from frame [base_link] to frame [lidar_link]
[dsw_lio_sam_imuPreintegration-3] [ERROR] [1784780464.423378852] [dsw_lio_sam_imuPreintegration]: Lookup would require extrapolation into the past.  Requested time 1594369170.627413 but the earliest data is at time 1594369171.141944, when looking up transform from frame [base_link] to frame [lidar_link]
[dsw_lio_sam_imuPreintegration-3] [ERROR] [1784780464.473177058] [dsw_lio_sam_imuPreintegration]: Lookup would require extrapolation into the past.  Requested time 1594369170.627413 but the earliest data is at time 1594369171.141944, when looking up transform from frame [base_link] to frame [lidar_link]
[dsw_lio_sam_imuPreintegration-3] [ERROR] [1784780464.473939105] [dsw_lio_sam_imuPreintegration]: Lookup would require extrapolation into the past.  Requested time 1594369170.627413 but the earliest data is at time 1594369171.141944, when looking up transform from frame [base_link] to frame [lidar_link]
[dsw_lio_sam_imuPreintegration-3] [ERROR] [1784780464.585719425] [dsw_lio_sam_imuPreintegration]: Lookup would require extrapolation into the past.  Requested time 1594369170.627413 but the earliest data is at time 1594369171.141944, when looking up transform from frame [base_link] to frame [lidar_link]
[dsw_lio_sam_imuPreintegration-3] [ERROR] [1784780464.586104024] [dsw_lio_sam_imuPreintegration]: Lookup would require extrapolation into the past.  Requested time 1594369170.627413 but the earliest data is at time 1594369171.141944, when looking up transform from frame [base_link] to frame [lidar_link]
[dsw_lio_sam_imuPreintegration-3] [ERROR] [1784780464.673242281] [dsw_lio_sam_imuPreintegration]: Lookup would require extrapolation into the past.  Requested time 1594369170.627413 but the earliest data is at time 1594369171.141944, when looking up transform from frame [base_link] to frame [lidar_link]
[dsw_lio_sam_imuPreintegration-3] [ERROR] [1784780464.673611074] [dsw_lio_sam_imuPreintegration]: Lookup would require extrapolation into the past.  Requested time 1594369170.627413 but the earliest data is at time 1594369171.141944, when looking up transform from frame [base_link] to frame [lidar_link]
[dsw_lio_sam_imuPreintegration-3] [ERROR] [1784780464.722424017] [dsw_lio_sam_imuPreintegration]: Lookup would require extrapolation into the past.  Requested time 1594369170.627413 but the earliest data is at time 1594369171.141944, when looking up transform from frame [base_link] to frame [lidar_link]
[dsw_lio_sam_imuPreintegration-3] [ERROR] [1784780464.821727338] [dsw_lio_sam_imuPreintegration]: Lookup would require extrapolation into the past.  Requested time 1594369170.627413 but the earliest data is at time 1594369171.141944, when looking up transform from frame [base_link] to frame [lidar_link]
[dsw_lio_sam_imuPreintegration-3] [ERROR] [1784780464.822035750] [dsw_lio_sam_imuPreintegration]: Lookup would require extrapolation into the past.  Requested time 1594369170.627413 but the earliest data is at time 1594369171.141944, when looking up transform from frame [base_link] to frame [lidar_link]
[dsw_lio_sam_imuPreintegration-3] [ERROR] [1784780464.872482343] [dsw_lio_sam_imuPreintegration]: Lookup would require extrapolation into the past.  Requested time 1594369170.627413 but the earliest data is at time 1594369171.141944, when looking up transform from frame [base_link] to frame [lidar_link]
[dsw_lio_sam_imuPreintegration-3] [ERROR] [1784780464.923368506] [dsw_lio_sam_imuPreintegration]: Lookup would require extrapolation into the past.  Requested time 1594369170.627413 but the earliest data is at time 1594369171.141944, when looking up transform from frame [base_link] to frame [lidar_link]
[dsw_lio_sam_imuPreintegration-3] [ERROR] [1784780464.971515898] [dsw_lio_sam_imuPreintegration]: Lookup would require extrapolation into the past.  Requested time 1594369170.627413 but the earliest data is at time 1594369171.141944, when looking up transform from frame [base_link] to frame [lidar_link]
[dsw_lio_sam_imuPreintegration-3] [ERROR] [1784780465.072711588] [dsw_lio_sam_imuPreintegration]: Lookup would require extrapolation into the past.  Requested time 1594369170.627413 but the earliest data is at time 1594369171.141944, when looking up transform from frame [base_link] to frame [lidar_link]
[dsw_lio_sam_imuPreintegration-3] [ERROR] [1784780465.073297119] [dsw_lio_sam_imuPreintegration]: Lookup would require extrapolation into the past.  Requested time 1594369170.627413 but the earliest data is at time 1594369171.141944, when looking up transform from frame [base_link] to frame [lidar_link]
[dsw_lio_sam_imuPreintegration-3] [ERROR] [1784780465.121448872] [dsw_lio_sam_imuPreintegration]: Lookup would require extrapolation into the past.  Requested time 1594369170.927637 but the earliest data is at time 1594369171.141944, when looking up transform from frame [base_link] to frame [lidar_link]
[dsw_lio_sam_imuPreintegration-3] [ERROR] [1784780465.171855893] [dsw_lio_sam_imuPreintegration]: Lookup would require extrapolation into the past.  Requested time 1594369170.927637 but the earliest data is at time 1594369171.141944, when looking up transform from frame [base_link] to frame [lidar_link]
[dsw_lio_sam_imuPreintegration-3] [ERROR] [1784780465.272810070] [dsw_lio_sam_imuPreintegration]: Lookup would require extrapolation into the past.  Requested time 1594369170.927637 but the earliest data is at time 1594369171.141944, when looking up transform from frame [base_link] to frame [lidar_link]
[dsw_lio_sam_imuPreintegration-3] [ERROR] [1784780465.273297948] [dsw_lio_sam_imuPreintegration]: Lookup would require extrapolation into the past.  Requested time 1594369170.927637 but the earliest data is at time 1594369171.141944, when looking up transform from frame [base_link] to frame [lidar_link]
[dsw_lio_sam_imuPreintegration-3] [ERROR] [1784780465.323003167] [dsw_lio_sam_imuPreintegration]: Lookup would require extrapolation into the past.  Requested time 1594369170.927637 but the earliest data is at time 1594369171.141944, when looking up transform from frame [base_link] to frame [lidar_link]
[dsw_lio_sam_imuPreintegration-3] [ERROR] [1784780465.371454160] [dsw_lio_sam_imuPreintegration]: Lookup would require extrapolation into the past.  Requested time 1594369170.927637 but the earliest data is at time 1594369171.141944, when looking up transform from frame [base_link] to frame [lidar_link]
[dsw_lio_sam_imuPreintegration-3] [ERROR] [1784780465.422951991] [dsw_lio_sam_imuPreintegration]: Lookup would require extrapolation into the past.  Requested time 1594369170.927637 but the earliest data is at time 1594369171.141944, when looking up transform from frame [base_link] to frame [lidar_link]
[dsw_lio_sam_imuPreintegration-3] [ERROR] [1784780465.523212820] [dsw_lio_sam_imuPreintegration]: Lookup would require extrapolation into the past.  Requested time 1594369170.927637 but the earliest data is at time 1594369171.141944, when looking up transform from frame [base_link] to frame [lidar_link]
[dsw_lio_sam_imuPreintegration-3] [ERROR] [1784780465.523549297] [dsw_lio_sam_imuPreintegration]: Lookup would require extrapolation into the past.  Requested time 1594369170.927637 but the earliest data is at time 1594369171.141944, when looking up transform from frame [base_link] to frame [lidar_link]
[dsw_lio_sam_imuPreintegration-3] [ERROR] [1784780465.576158492] [dsw_lio_sam_imuPreintegration]: Lookup would require extrapolation into the past.  Requested time 1594369170.927637 but the earliest data is at time 1594369171.141944, when looking up transform from frame [base_link] to frame [lidar_link]
[dsw_lio_sam_imuPreintegration-3] [ERROR] [1784780465.673601459] [dsw_lio_sam_imuPreintegration]: Lookup would require extrapolation into the past.  Requested time 1594369170.927637 but the earliest data is at time 1594369171.141944, when looking up transform from frame [base_link] to frame [lidar_link]
[dsw_lio_sam_imuPreintegration-3] [ERROR] [1784780465.674057859] [dsw_lio_sam_imuPreintegration]: Lookup would require extrapolation into the past.  Requested time 1594369170.927637 but the earliest data is at time 1594369171.141944, when looking up transform from frame [base_link] to frame [lidar_link]
[dsw_lio_sam_imuPreintegration-3] [ERROR] [1784780465.774272554] [dsw_lio_sam_imuPreintegration]: Lookup would require extrapolation into the past.  Requested time 1594369170.927637 but the earliest data is at time 1594369171.141944, when looking up transform from frame [base_link] to frame [lidar_link]
[dsw_lio_sam_imuPreintegration-3] [ERROR] [1784780465.774591322] [dsw_lio_sam_imuPreintegration]: Lookup would require extrapolation into the past.  Requested time 1594369170.927637 but the earliest data is at time 1594369171.141944, when looking up transform from frame [base_link] to frame [lidar_link]
[dsw_lio_sam_imuPreintegration-3] [ERROR] [1784780465.822470351] [dsw_lio_sam_imuPreintegration]: Lookup would require extrapolation into the past.  Requested time 1594369170.927637 but the earliest data is at time 1594369171.141944, when looking up transform from frame [base_link] to frame [lidar_link]
[dsw_lio_sam_imuPreintegration-3] [ERROR] [1784780465.873316991] [dsw_lio_sam_imuPreintegration]: Lookup would require extrapolation into the past.  Requested time 1594369170.927637 but the earliest data is at time 1594369171.141944, when looking up transform from frame [base_link] to frame [lidar_link]
[dsw_lio_sam_imuPreintegration-3] [ERROR] [1784780465.924677397] [dsw_lio_sam_imuPreintegration]: Lookup would require extrapolation into the past.  Requested time 1594369170.927637 but the earliest data is at time 1594369171.141944, when looking up transform from frame [base_link] to frame [lidar_link]
[dsw_lio_sam_imuPreintegration-3] [ERROR] [1784780465.974060899] [dsw_lio_sam_imuPreintegration]: Lookup would require extrapolation into the past.  Requested time 1594369170.927637 but the earliest data is at time 1594369171.141944, when looking up transform from frame [base_link] to frame [lidar_link]
[dsw_lio_sam_imuPreintegration-3] [ERROR] [1784780466.023482936] [dsw_lio_sam_imuPreintegration]: Lookup would require extrapolation into the past.  Requested time 1594369170.927637 but the earliest data is at time 1594369171.141944, when looking up transform from frame [base_link] to frame [lidar_link]
[dsw_lio_sam_imuPreintegration-3] [ERROR] [1784780466.097814581] [dsw_lio_sam_imuPreintegration]: Lookup would require extrapolation into the past.  Requested time 1594369170.927637 but the earliest data is at time 1594369171.141944, when looking up transform from frame [base_link] to frame [lidar_link]
[dsw_lio_sam_imuPreintegration-3] [ERROR] [1784780466.122782499] [dsw_lio_sam_imuPreintegration]: Lookup would require extrapolation into the past.  Requested time 1594369170.927637 but the earliest data is at time 1594369171.141944, when looking up transform from frame [base_link] to frame [lidar_link]
[dsw_lio_sam_imuPreintegration-3] [ERROR] [1784780466.173915336] [dsw_lio_sam_imuPreintegration]: Lookup would require extrapolation into the past.  Requested time 1594369170.927637 but the earliest data is at time 1594369171.141944, when looking up transform from frame [base_link] to frame [lidar_link]
[dsw_lio_sam_imuPreintegration-3] [ERROR] [1784780466.222666181] [dsw_lio_sam_imuPreintegration]: Lookup would require extrapolation into the past.  Requested time 1594369170.927637 but the earliest data is at time 1594369171.141944, when looking up transform from frame [base_link] to frame [lidar_link]
[dsw_lio_sam_imuPreintegration-3] [ERROR] [1784780466.273189407] [dsw_lio_sam_imuPreintegration]: Lookup would require extrapolation into the past.  Requested time 1594369170.927637 but the earliest data is at time 1594369171.141944, when looking up transform from frame [base_link] to frame [lidar_link]
[dsw_lio_sam_imuPreintegration-3] [ERROR] [1784780466.322595974] [dsw_lio_sam_imuPreintegration]: Lookup would require extrapolation into the past.  Requested time 1594369170.927637 but the earliest data is at time 1594369171.141944, when looking up transform from frame [base_link] to frame [lidar_link]
[dsw_lio_sam_imuPreintegration-3] [ERROR] [1784780466.372659057] [dsw_lio_sam_imuPreintegration]: Lookup would require extrapolation into the past.  Requested time 1594369170.927637 but the earliest data is at time 1594369171.141944, when looking up transform from frame [base_link] to frame [lidar_link]
[dsw_lio_sam_imuPreintegration-3] [ERROR] [1784780466.425639570] [dsw_lio_sam_imuPreintegration]: Lookup would require extrapolation into the past.  Requested time 1594369170.927637 but the earliest data is at time 1594369171.141944, when looking up transform from frame [base_link] to frame [lidar_link]
[dsw_lio_sam_imuPreintegration-3] [ERROR] [1784780466.474068013] [dsw_lio_sam_imuPreintegration]: Lookup would require extrapolation into the past.  Requested time 1594369170.927637 but the earliest data is at time 1594369171.141944, when looking up transform from frame [base_link] to frame [lidar_link]
[dsw_lio_sam_imuPreintegration-3] [ERROR] [1784780466.523984958] [dsw_lio_sam_imuPreintegration]: Lookup would require extrapolation into the past.  Requested time 1594369170.927637 but the earliest data is at time 1594369171.141944, when looking up transform from frame [base_link] to frame [lidar_link]
[dsw_lio_sam_imuPreintegration-3] [ERROR] [1784780466.588292555] [dsw_lio_sam_imuPreintegration]: Lookup would require extrapolation into the past.  Requested time 1594369170.927637 but the earliest data is at time 1594369171.141944, when looking up transform from frame [base_link] to frame [lidar_link]
[dsw_lio_sam_imuPreintegration-3] [ERROR] [1784780466.623018395] [dsw_lio_sam_imuPreintegration]: Lookup would require extrapolation into the past.  Requested time 1594369170.927637 but the earliest data is at time 1594369171.141944, when looking up transform from frame [base_link] to frame [lidar_link]
[dsw_lio_sam_imuPreintegration-3] [ERROR] [1784780466.722778907] [dsw_lio_sam_imuPreintegration]: Lookup would require extrapolation into the past.  Requested time 1594369170.927637 but the earliest data is at time 1594369171.141944, when looking up transform from frame [base_link] to frame [lidar_link]
[dsw_lio_sam_imuPreintegration-3] [ERROR] [1784780466.774323138] [dsw_lio_sam_imuPreintegration]: Lookup would require extrapolation into the past.  Requested time 1594369170.927637 but the earliest data is at time 1594369171.141944, when looking up transform from frame [base_link] to frame [lidar_link]
[dsw_lio_sam_imuPreintegration-3] [ERROR] [1784780466.774748931] [dsw_lio_sam_imuPreintegration]: Lookup would require extrapolation into the past.  Requested time 1594369170.927637 but the earliest data is at time 1594369171.141944, when looking up transform from frame [base_link] to frame [lidar_link]
[dsw_lio_sam_imuPreintegration-3] [ERROR] [1784780466.822478655] [dsw_lio_sam_imuPreintegration]: Lookup would require extrapolation into the past.  Requested time 1594369170.927637 but the earliest data is at time 1594369171.141944, when looking up transform from frame [base_link] to frame [lidar_link]
[dsw_lio_sam_imuPreintegration-3] [ERROR] [1784780466.923191546] [dsw_lio_sam_imuPreintegration]: Lookup would require extrapolation into the past.  Requested time 1594369170.927637 but the earliest data is at time 1594369171.141944, when looking up transform from frame [base_link] to frame [lidar_link]
[dsw_lio_sam_imuPreintegration-3] [ERROR] [1784780466.973779639] [dsw_lio_sam_imuPreintegration]: Lookup would require extrapolation into the past.  Requested time 1594369170.927637 but the earliest data is at time 1594369171.141944, when looking up transform from frame [base_link] to frame [lidar_link]
[dsw_lio_sam_imuPreintegration-3] [ERROR] [1784780466.974120636] [dsw_lio_sam_imuPreintegration]: Lookup would require extrapolation into the past.  Requested time 1594369170.927637 but the earliest data is at time 1594369171.141944, when looking up transform from frame [base_link] to frame [lidar_link]
[dsw_lio_sam_imuPreintegration-3] [ERROR] [1784780467.075891703] [dsw_lio_sam_imuPreintegration]: Lookup would require extrapolation into the past.  Requested time 1594369170.927637 but the earliest data is at time 1594369171.141944, when looking up transform from frame [base_link] to frame [lidar_link]
[dsw_lio_sam_imuPreintegration-3] [ERROR] [1784780467.076285352] [dsw_lio_sam_imuPreintegration]: Lookup would require extrapolation into the past.  Requested time 1594369170.927637 but the earliest data is at time 1594369171.141944, when looking up transform from frame [base_link] to frame [lidar_link]
[dsw_lio_sam_imuPreintegration-3] [ERROR] [1784780467.171814374] [dsw_lio_sam_imuPreintegration]: Lookup would require extrapolation into the past.  Requested time 1594369170.927637 but the earliest data is at time 1594369171.141944, when looking up transform from frame [base_link] to frame [lidar_link]
[dsw_lio_sam_imuPreintegration-3] [ERROR] [1784780467.224622249] [dsw_lio_sam_imuPreintegration]: Lookup would require extrapolation into the past.  Requested time 1594369170.927637 but the earliest data is at time 1594369171.141944, when looking up transform from frame [base_link] to frame [lidar_link]
[dsw_lio_sam_imuPreintegration-3] [ERROR] [1784780467.273797207] [dsw_lio_sam_imuPreintegration]: Lookup would require extrapolation into the past.  Requested time 1594369170.927637 but the earliest data is at time 1594369171.141944, when looking up transform from frame [base_link] to frame [lidar_link]
[dsw_lio_sam_imuPreintegration-3] [ERROR] [1784780467.323930325] [dsw_lio_sam_imuPreintegration]: Lookup would require extrapolation into the past.  Requested time 1594369170.927637 but the earliest data is at time 1594369171.141944, when looking up transform from frame [base_link] to frame [lidar_link]
[dsw_lio_sam_imuPreintegration-3] [ERROR] [1784780467.372208263] [dsw_lio_sam_imuPreintegration]: Lookup would require extrapolation into the past.  Requested time 1594369170.927637 but the earliest data is at time 1594369171.141944, when looking up transform from frame [base_link] to frame [lidar_link]
[dsw_lio_sam_imuPreintegration-3] [ERROR] [1784780467.423798631] [dsw_lio_sam_imuPreintegration]: Lookup would require extrapolation into the past.  Requested time 1594369170.927637 but the earliest data is at time 1594369171.141944, when looking up transform from frame [base_link] to frame [lidar_link]
[dsw_lio_sam_imuPreintegration-3] [ERROR] [1784780467.424263073] [dsw_lio_sam_imuPreintegration]: Lookup would require extrapolation into the past.  Requested time 1594369170.927637 but the earliest data is at time 1594369171.141944, when looking up transform from frame [base_link] to frame [lidar_link]
[dsw_lio_sam_imuPreintegration-3] [ERROR] [1784780467.523822519] [dsw_lio_sam_imuPreintegration]: Lookup would require extrapolation into the past.  Requested time 1594369170.927637 but the earliest data is at time 1594369171.141944, when looking up transform from frame [base_link] to frame [lidar_link]
[dsw_lio_sam_imuPreintegration-3] [ERROR] [1784780467.575302761] [dsw_lio_sam_imuPreintegration]: Lookup would require extrapolation into the past.  Requested time 1594369170.927637 but the earliest data is at time 1594369171.141944, when looking up transform from frame [base_link] to frame [lidar_link]
[dsw_lio_sam_imuPreintegration-3] [ERROR] [1784780467.575710478] [dsw_lio_sam_imuPreintegration]: Lookup would require extrapolation into the past.  Requested time 1594369170.927637 but the earliest data is at time 1594369171.141944, when looking up transform from frame [base_link] to frame [lidar_link]
[dsw_lio_sam_imuPreintegration-3] [ERROR] [1784780467.673085399] [dsw_lio_sam_imuPreintegration]: Lookup would require extrapolation into the past.  Requested time 1594369170.927637 but the earliest data is at time 1594369171.141944, when looking up transform from frame [base_link] to frame [lidar_link]
[dsw_lio_sam_imuPreintegration-3] [ERROR] [1784780467.673666864] [dsw_lio_sam_imuPreintegration]: Lookup would require extrapolation into the past.  Requested time 1594369170.927637 but the earliest data is at time 1594369171.141944, when looking up transform from frame [base_link] to frame [lidar_link]
[dsw_lio_sam_imuPreintegration-3] [ERROR] [1784780467.722526955] [dsw_lio_sam_imuPreintegration]: Lookup would require extrapolation into the past.  Requested time 1594369170.927637 but the earliest data is at time 1594369171.141944, when looking up transform from frame [base_link] to frame [lidar_link]
[dsw_lio_sam_imuPreintegration-3] [ERROR] [1784780467.773774491] [dsw_lio_sam_imuPreintegration]: Lookup would require extrapolation into the past.  Requested time 1594369170.927637 but the earliest data is at time 1594369171.141944, when looking up transform from frame [base_link] to frame [lidar_link]
[dsw_lio_sam_imuPreintegration-3] [ERROR] [1784780467.822657865] [dsw_lio_sam_imuPreintegration]: Lookup would require extrapolation into the past.  Requested time 1594369170.927637 but the earliest data is at time 1594369171.141944, when looking up transform from frame [base_link] to frame [lidar_link]
[dsw_lio_sam_imuPreintegration-3] [ERROR] [1784780467.873794721] [dsw_lio_sam_imuPreintegration]: Lookup would require extrapolation into the past.  Requested time 1594369170.927637 but the earliest data is at time 1594369171.141944, when looking up transform from frame [base_link] to frame [lidar_link]
[dsw_lio_sam_imuPreintegration-3] [ERROR] [1784780467.973501012] [dsw_lio_sam_imuPreintegration]: Lookup would require extrapolation into the past.  Requested time 1594369170.927637 but the earliest data is at time 1594369171.141944, when looking up transform from frame [base_link] to frame [lidar_link]
[dsw_lio_sam_imuPreintegration-3] [ERROR] [1784780467.973979845] [dsw_lio_sam_imuPreintegration]: Lookup would require extrapolation into the past.  Requested time 1594369170.927637 but the earliest data is at time 1594369171.141944, when looking up transform from frame [base_link] to frame [lidar_link]
[dsw_lio_sam_imuPreintegration-3] [ERROR] [1784780468.023209787] [dsw_lio_sam_imuPreintegration]: Lookup would require extrapolation into the past.  Requested time 1594369170.927637 but the earliest data is at time 1594369171.141944, when looking up transform from frame [base_link] to frame [lidar_link]
[dsw_lio_sam_featureExtraction-5] [WARN] [1784780468.058559269] [dsw_lio_sam_featureExtraction]: Waiting for deskewed point cloud on /dsw_lio_sam/deskew/cloud_deskewed
[dsw_lio_sam_imuPreintegration-3] [ERROR] [1784780468.072753242] [dsw_lio_sam_imuPreintegration]: Lookup would require extrapolation into the past.  Requested time 1594369170.927637 but the earliest data is at time 1594369171.141944, when looking up transform from frame [base_link] to frame [lidar_link]
[dsw_lio_sam_imuPreintegration-3] [ERROR] [1784780468.172684652] [dsw_lio_sam_imuPreintegration]: Lookup would require extrapolation into the past.  Requested time 1594369170.927637 but the earliest data is at time 1594369171.141944, when looking up transform from frame [base_link] to frame [lidar_link]
[dsw_lio_sam_imuPreintegration-3] [ERROR] [1784780468.224817506] [dsw_lio_sam_imuPreintegration]: Lookup would require extrapolation into the past.  Requested time 1594369170.927637 but the earliest data is at time 1594369171.141944, when looking up transform from frame [base_link] to frame [lidar_link]
[dsw_lio_sam_imuPreintegration-3] [ERROR] [1784780468.274059870] [dsw_lio_sam_imuPreintegration]: Lookup would require extrapolation into the past.  Requested time 1594369170.927637 but the earliest data is at time 1594369171.141944, when looking up transform from frame [base_link] to frame [lidar_link]
[dsw_lio_sam_imuPreintegration-3] [ERROR] [1784780468.323647620] [dsw_lio_sam_imuPreintegration]: Lookup would require extrapolation into the past.  Requested time 1594369170.927637 but the earliest data is at time 1594369171.141944, when looking up transform from frame [base_link] to frame [lidar_link]
[dsw_lio_sam_imuPreintegration-3] [ERROR] [1784780468.373140398] [dsw_lio_sam_imuPreintegration]: Lookup would require extrapolation into the past.  Requested time 1594369170.927637 but the earliest data is at time 1594369171.141944, when looking up transform from frame [base_link] to frame [lidar_link]
[dsw_lio_sam_imuPreintegration-3] [ERROR] [1784780468.423211612] [dsw_lio_sam_imuPreintegration]: Lookup would require extrapolation into the past.  Requested time 1594369170.927637 but the earliest data is at time 1594369171.141944, when looking up transform from frame [base_link] to frame [lidar_link]
[dsw_lio_sam_imuPreintegration-3] [ERROR] [1784780468.423544876] [dsw_lio_sam_imuPreintegration]: Lookup would require extrapolation into the past.  Requested time 1594369170.927637 but the earliest data is at time 1594369171.141944, when looking up transform from frame [base_link] to frame [lidar_link]
[dsw_lio_sam_imuPreintegration-3] [ERROR] [1784780468.474875688] [dsw_lio_sam_imuPreintegration]: Lookup would require extrapolation into the past.  Requested time 1594369170.927637 but the earliest data is at time 1594369171.141944, when looking up transform from frame [base_link] to frame [lidar_link]
[dsw_lio_sam_featureExtraction-5] [WARN] [1784780479.016182399] [dsw_lio_sam_featureExtraction]: Waiting for deskewed point cloud on /dsw_lio_sam/deskew/cloud_deskewed
[dsw_lio_sam_imuPreintegration-3] [WARN] [1784780481.825502140] [dsw_lio_sam_imuPreintegration]: IMU orientation not available (6-axis IMU), using identity quaternion.
[dsw_lio_sam_imageProjection-4] [WARN] [1784780481.825501957] [dsw_lio_sam_imageProjection]: IMU orientation not available (6-axis IMU), using identity quaternion.
[dsw_lio_sam_imuPreintegration-3] [WARN] [1784780489.969003893] [dsw_lio_sam_imuPreintegration]: Large velocity, reset IMU-preintegration!
[dsw_lio_sam_featureExtraction-5] [WARN] [1784780495.067532061] [dsw_lio_sam_featureExtraction]: Waiting for deskewed point cloud on /dsw_lio_sam/deskew/cloud_deskewed
[dsw_lio_sam_imuPreintegration-3] [WARN] [1784780498.609387079] [dsw_lio_sam_imuPreintegration]: Large velocity, reset IMU-preintegration!
[dsw_lio_sam_imuPreintegration-3] [WARN] [1784780506.826679466] [dsw_lio_sam_imuPreintegration]: IMU orientation not available (6-axis IMU), using identity quaternion.
[dsw_lio_sam_imageProjection-4] [WARN] [1784780506.827179788] [dsw_lio_sam_imageProjection]: IMU orientation not available (6-axis IMU), using identity quaternion.
[dsw_lio_sam_featureExtraction-5] [WARN] [1784780512.492711218] [dsw_lio_sam_featureExtraction]: Waiting for deskewed point cloud on /dsw_lio_sam/deskew/cloud_deskewed
[dsw_lio_sam_imuPreintegration-3] [WARN] [1784780513.252905073] [dsw_lio_sam_imuPreintegration]: Large velocity, reset IMU-preintegration!
[dsw_lio_sam_featureExtraction-5] [WARN] [1784780524.166435183] [dsw_lio_sam_featureExtraction]: Waiting for deskewed point cloud on /dsw_lio_sam/deskew/cloud_deskewed
[dsw_lio_sam_imuPreintegration-3] [WARN] [1784780531.880298366] [dsw_lio_sam_imuPreintegration]: IMU orientation not available (6-axis IMU), using identity quaternion.
[dsw_lio_sam_imageProjection-4] [WARN] [1784780531.880295887] [dsw_lio_sam_imageProjection]: IMU orientation not available (6-axis IMU), using identity quaternion.
[dsw_lio_sam_imuPreintegration-3] [WARN] [1784780532.952366245] [dsw_lio_sam_imuPreintegration]: Large velocity, reset IMU-preintegration!
[dsw_lio_sam_featureExtraction-5] [WARN] [1784780534.551215036] [dsw_lio_sam_featureExtraction]: Waiting for deskewed point cloud on /dsw_lio_sam/deskew/cloud_deskewed
[dsw_lio_sam_imuPreintegration-3] [WARN] [1784780535.295531012] [dsw_lio_sam_imuPreintegration]: Large velocity, reset IMU-preintegration!
[dsw_lio_sam_imuPreintegration-3] [WARN] [1784780546.998185825] [dsw_lio_sam_imuPreintegration]: Large velocity, reset IMU-preintegration!
[dsw_lio_sam_featureExtraction-5] [WARN] [1784780550.084547335] [dsw_lio_sam_featureExtraction]: Waiting for deskewed point cloud on /dsw_lio_sam/deskew/cloud_deskewed
[dsw_lio_sam_imuPreintegration-3] [WARN] [1784780550.109273276] [dsw_lio_sam_imuPreintegration]: Large velocity, reset IMU-preintegration!
[dsw_lio_sam_imuPreintegration-3] [WARN] [1784780552.296373047] [dsw_lio_sam_imuPreintegration]: Large velocity, reset IMU-preintegration!
[dsw_lio_sam_imageProjection-4] [WARN] [1784780556.884047933] [dsw_lio_sam_imageProjection]: IMU orientation not available (6-axis IMU), using identity quaternion.
[dsw_lio_sam_imuPreintegration-3] [WARN] [1784780556.884114257] [dsw_lio_sam_imuPreintegration]: IMU orientation not available (6-axis IMU), using identity quaternion.
[dsw_lio_sam_featureExtraction-5] [WARN] [1784780561.719591018] [dsw_lio_sam_featureExtraction]: Waiting for deskewed point cloud on /dsw_lio_sam/deskew/cloud_deskewed
[dsw_lio_sam_imuPreintegration-3] [WARN] [1784780566.489304622] [dsw_lio_sam_imuPreintegration]: Large velocity, reset IMU-preintegration!
[dsw_lio_sam_imuPreintegration-3] [WARN] [1784780576.937441158] [dsw_lio_sam_imuPreintegration]: Large velocity, reset IMU-preintegration!
[dsw_lio_sam_imuPreintegration-3] [WARN] [1784780581.936151716] [dsw_lio_sam_imuPreintegration]: IMU orientation not available (6-axis IMU), using identity quaternion.
[dsw_lio_sam_imageProjection-4] [WARN] [1784780581.936212423] [dsw_lio_sam_imageProjection]: IMU orientation not available (6-axis IMU), using identity quaternion.
[dsw_lio_sam_imuPreintegration-3] [WARN] [1784780589.668170273] [dsw_lio_sam_imuPreintegration]: Large velocity, reset IMU-preintegration!
[dsw_lio_sam_featureExtraction-5] [WARN] [1784780595.113379685] [dsw_lio_sam_featureExtraction]: Waiting for deskewed point cloud on /dsw_lio_sam/deskew/cloud_deskewed
[dsw_lio_sam_imuPreintegration-3] [WARN] [1784780595.184509935] [dsw_lio_sam_imuPreintegration]: Large velocity, reset IMU-preintegration!
[dsw_lio_sam_featureExtraction-5] [WARN] [1784780605.125767994] [dsw_lio_sam_featureExtraction]: Waiting for deskewed point cloud on /dsw_lio_sam/deskew/cloud_deskewed
[dsw_lio_sam_imageProjection-4] [WARN] [1784780606.938088654] [dsw_lio_sam_imageProjection]: IMU orientation not available (6-axis IMU), using identity quaternion.
[dsw_lio_sam_imuPreintegration-3] [WARN] [1784780606.938107750] [dsw_lio_sam_imuPreintegration]: IMU orientation not available (6-axis IMU), using identity quaternion.
[dsw_lio_sam_imuPreintegration-3] [WARN] [1784780608.996954374] [dsw_lio_sam_imuPreintegration]: Large velocity, reset IMU-preintegration!
[dsw_lio_sam_imuPreintegration-3] [WARN] [1784780610.740456232] [dsw_lio_sam_imuPreintegration]: Large velocity, reset IMU-preintegration!
[dsw_lio_sam_featureExtraction-5] [WARN] [1784780617.565840018] [dsw_lio_sam_featureExtraction]: Waiting for deskewed point cloud on /dsw_lio_sam/deskew/cloud_deskewed
[dsw_lio_sam_imuPreintegration-3] [WARN] [1784780624.201763645] [dsw_lio_sam_imuPreintegration]: Large velocity, reset IMU-preintegration!
[dsw_lio_sam_imuPreintegration-3] [WARN] [1784780631.991015417] [dsw_lio_sam_imuPreintegration]: IMU orientation not available (6-axis IMU), using identity quaternion.
[dsw_lio_sam_imageProjection-4] [WARN] [1784780631.991020406] [dsw_lio_sam_imageProjection]: IMU orientation not available (6-axis IMU), using identity quaternion.
[dsw_lio_sam_featureExtraction-5] [WARN] [1784780632.685883330] [dsw_lio_sam_featureExtraction]: Waiting for deskewed point cloud on /dsw_lio_sam/deskew/cloud_deskewed
[dsw_lio_sam_imuPreintegration-3] [WARN] [1784780634.939427156] [dsw_lio_sam_imuPreintegration]: Large velocity, reset IMU-preintegration!
[dsw_lio_sam_imuPreintegration-3] [WARN] [1784780643.136586915] [dsw_lio_sam_imuPreintegration]: Large velocity, reset IMU-preintegration!
[dsw_lio_sam_featureExtraction-5] [WARN] [1784780645.532346228] [dsw_lio_sam_featureExtraction]: Waiting for deskewed point cloud on /dsw_lio_sam/deskew/cloud_deskewed
[dsw_lio_sam_imuPreintegration-3] [WARN] [1784780646.232130720] [dsw_lio_sam_imuPreintegration]: Large velocity, reset IMU-preintegration!
[dsw_lio_sam_featureExtraction-5] [WARN] [1784780656.615115926] [dsw_lio_sam_featureExtraction]: Waiting for deskewed point cloud on /dsw_lio_sam/deskew/cloud_deskewed
[dsw_lio_sam_imuPreintegration-3] [WARN] [1784780657.055376523] [dsw_lio_sam_imuPreintegration]: IMU orientation not available (6-axis IMU), using identity quaternion.
[dsw_lio_sam_imageProjection-4] [WARN] [1784780657.055470245] [dsw_lio_sam_imageProjection]: IMU orientation not available (6-axis IMU), using identity quaternion.
[dsw_lio_sam_imuPreintegration-3] [WARN] [1784780659.937806031] [dsw_lio_sam_imuPreintegration]: Large velocity, reset IMU-preintegration!
[dsw_lio_sam_imuPreintegration-3] [WARN] [1784780662.018507326] [dsw_lio_sam_imuPreintegration]: Large velocity, reset IMU-preintegration!
[dsw_lio_sam_featureExtraction-5] [WARN] [1784780667.963285705] [dsw_lio_sam_featureExtraction]: Waiting for deskewed point cloud on /dsw_lio_sam/deskew/cloud_deskewed
[dsw_lio_sam_imuPreintegration-3] [WARN] [1784780675.423164628] [dsw_lio_sam_imuPreintegration]: Large velocity, reset IMU-preintegration!
[dsw_lio_sam_imageProjection-4] [WARN] [1784780682.096216362] [dsw_lio_sam_imageProjection]: IMU orientation not available (6-axis IMU), using identity quaternion.
[dsw_lio_sam_imuPreintegration-3] [WARN] [1784780682.096426254] [dsw_lio_sam_imuPreintegration]: IMU orientation not available (6-axis IMU), using identity quaternion.
[dsw_lio_sam_imuPreintegration-3] [WARN] [1784780684.792994121] [dsw_lio_sam_imuPreintegration]: Large velocity, reset IMU-preintegration!
[dsw_lio_sam_featureExtraction-5] [WARN] [1784780687.105986656] [dsw_lio_sam_featureExtraction]: Waiting for deskewed point cloud on /dsw_lio_sam/deskew/cloud_deskewed
[dsw_lio_sam_imuPreintegration-3] [WARN] [1784780687.526655297] [dsw_lio_sam_imuPreintegration]: Large velocity, reset IMU-preintegration!
[dsw_lio_sam_imuPreintegration-3] [WARN] [1784780698.761005074] [dsw_lio_sam_imuPreintegration]: Large velocity, reset IMU-preintegration!
[dsw_lio_sam_imuPreintegration-3] [WARN] [1784780700.766592868] [dsw_lio_sam_imuPreintegration]: Large velocity, reset IMU-preintegration!
[dsw_lio_sam_featureExtraction-5] [WARN] [1784780701.042171425] [dsw_lio_sam_featureExtraction]: Waiting for deskewed point cloud on /dsw_lio_sam/deskew/cloud_deskewed
[dsw_lio_sam_imageProjection-4] [WARN] [1784780707.098956130] [dsw_lio_sam_imageProjection]: IMU orientation not available (6-axis IMU), using identity quaternion.
[dsw_lio_sam_imuPreintegration-3] [WARN] [1784780707.098967852] [dsw_lio_sam_imuPreintegration]: IMU orientation not available (6-axis IMU), using identity quaternion.
[dsw_lio_sam_imuPreintegration-3] [WARN] [1784780712.437000327] [dsw_lio_sam_imuPreintegration]: Large velocity, reset IMU-preintegration!
[dsw_lio_sam_featureExtraction-5] [WARN] [1784780713.012985404] [dsw_lio_sam_featureExtraction]: Waiting for deskewed point cloud on /dsw_lio_sam/deskew/cloud_deskewed
[dsw_lio_sam_imuPreintegration-3] [WARN] [1784780723.202483917] [dsw_lio_sam_imuPreintegration]: Large velocity, reset IMU-preintegration!
[dsw_lio_sam_featureExtraction-5] [WARN] [1784780725.447776112] [dsw_lio_sam_featureExtraction]: Waiting for deskewed point cloud on /dsw_lio_sam/deskew/cloud_deskewed
[dsw_lio_sam_imageProjection-4] [WARN] [1784780732.101491373] [dsw_lio_sam_imageProjection]: IMU orientation not available (6-axis IMU), using identity quaternion.
[dsw_lio_sam_imuPreintegration-3] [WARN] [1784780732.101520927] [dsw_lio_sam_imuPreintegration]: IMU orientation not available (6-axis IMU), using identity quaternion.
[dsw_lio_sam_imuPreintegration-3] [WARN] [1784780733.013641305] [dsw_lio_sam_imuPreintegration]: Large velocity, reset IMU-preintegration!
[dsw_lio_sam_imuPreintegration-3] [WARN] [1784780734.739919086] [dsw_lio_sam_imuPreintegration]: Large velocity, reset IMU-preintegration!
[dsw_lio_sam_featureExtraction-5] [WARN] [1784780736.938851169] [dsw_lio_sam_featureExtraction]: Waiting for deskewed point cloud on /dsw_lio_sam/deskew/cloud_deskewed
[dsw_lio_sam_imuPreintegration-3] [WARN] [1784780743.520785717] [dsw_lio_sam_imuPreintegration]: Large velocity, reset IMU-preintegration!
[dsw_lio_sam_imuPreintegration-3] [WARN] [1784780750.219434571] [dsw_lio_sam_imuPreintegration]: Large velocity, reset IMU-preintegration!
[dsw_lio_sam_featureExtraction-5] [WARN] [1784780750.951987404] [dsw_lio_sam_featureExtraction]: Waiting for deskewed point cloud on /dsw_lio_sam/deskew/cloud_deskewed
[dsw_lio_sam_imuPreintegration-3] [WARN] [1784780757.104452006] [dsw_lio_sam_imuPreintegration]: IMU orientation not available (6-axis IMU), using identity quaternion.
[dsw_lio_sam_imageProjection-4] [WARN] [1784780757.104450169] [dsw_lio_sam_imageProjection]: IMU orientation not available (6-axis IMU), using identity quaternion.
[dsw_lio_sam_imuPreintegration-3] [WARN] [1784780761.326574779] [dsw_lio_sam_imuPreintegration]: Large velocity, reset IMU-preintegration!
